Archive member included to satisfy reference by file (symbol)

/Users/akashv/Documents/Github/SJSU-Dev/tools/gcc-arm-none-eabi-6-2017-q2-update/bin/../lib/gcc/arm-none-eabi/6.3.1/../../../../arm-none-eabi/lib/thumb/v7-m/libstdc++_nano.a(class_type_info.o)
                              obj//Users/akashv/Documents/Github/SJSU-Dev/firmware/lib/L3_Utils/src/scheduler_task.o (vtable for __cxxabiv1::__class_type_info)
/Users/akashv/Documents/Github/SJSU-Dev/tools/gcc-arm-none-eabi-6-2017-q2-update/bin/../lib/gcc/arm-none-eabi/6.3.1/../../../../arm-none-eabi/lib/thumb/v7-m/libstdc++_nano.a(del_ops.o)
                              obj//Users/akashv/Documents/Github/SJSU-Dev/firmware/lib/L3_Utils/src/str.o (operator delete(void*, unsigned int))
/Users/akashv/Documents/Github/SJSU-Dev/tools/gcc-arm-none-eabi-6-2017-q2-update/bin/../lib/gcc/arm-none-eabi/6.3.1/../../../../arm-none-eabi/lib/thumb/v7-m/libstdc++_nano.a(guard.o)
                              obj//Users/akashv/Documents/Github/SJSU-Dev/firmware/lib/L5_HighLevel/source/cmd_handlers/handlers.o (__cxa_guard_acquire)
/Users/akashv/Documents/Github/SJSU-Dev/tools/gcc-arm-none-eabi-6-2017-q2-update/bin/../lib/gcc/arm-none-eabi/6.3.1/../../../../arm-none-eabi/lib/thumb/v7-m/libstdc++_nano.a(pure.o)
                              obj//Users/akashv/Documents/Github/SJSU-Dev/firmware/lib/L3_Utils/src/scheduler_task.o (__cxa_pure_virtual)
/Users/akashv/Documents/Github/SJSU-Dev/tools/gcc-arm-none-eabi-6-2017-q2-update/bin/../lib/gcc/arm-none-eabi/6.3.1/../../../../arm-none-eabi/lib/thumb/v7-m/libstdc++_nano.a(si_class_type_info.o)
                              obj//Users/akashv/Documents/Github/SJSU-Dev/firmware/lib/L2_Drivers/base/uart_dev.o (vtable for __cxxabiv1::__si_class_type_info)
/Users/akashv/Documents/Github/SJSU-Dev/tools/gcc-arm-none-eabi-6-2017-q2-update/bin/../lib/gcc/arm-none-eabi/6.3.1/../../../../arm-none-eabi/lib/thumb/v7-m/libstdc++_nano.a(tinfo.o)
                              /Users/akashv/Documents/Github/SJSU-Dev/tools/gcc-arm-none-eabi-6-2017-q2-update/bin/../lib/gcc/arm-none-eabi/6.3.1/../../../../arm-none-eabi/lib/thumb/v7-m/libstdc++_nano.a(class_type_info.o) (std::type_info::~type_info())
/Users/akashv/Documents/Github/SJSU-Dev/tools/gcc-arm-none-eabi-6-2017-q2-update/bin/../lib/gcc/arm-none-eabi/6.3.1/../../../../arm-none-eabi/lib/thumb/v7-m/libstdc++_nano.a(vmi_class_type_info.o)
                              obj//Users/akashv/Documents/Github/SJSU-Dev/firmware/lib/L2_Drivers/src/uart3.o (vtable for __cxxabiv1::__vmi_class_type_info)
/Users/akashv/Documents/Github/SJSU-Dev/tools/gcc-arm-none-eabi-6-2017-q2-update/bin/../lib/gcc/arm-none-eabi/6.3.1/../../../../arm-none-eabi/lib/thumb/v7-m/libstdc++_nano.a(eh_terminate.o)
                              /Users/akashv/Documents/Github/SJSU-Dev/tools/gcc-arm-none-eabi-6-2017-q2-update/bin/../lib/gcc/arm-none-eabi/6.3.1/../../../../arm-none-eabi/lib/thumb/v7-m/libstdc++_nano.a(pure.o) (std::terminate())
/Users/akashv/Documents/Github/SJSU-Dev/tools/gcc-arm-none-eabi-6-2017-q2-update/bin/../lib/gcc/arm-none-eabi/6.3.1/../../../../arm-none-eabi/lib/thumb/v7-m/libstdc++_nano.a(eh_unex_handler.o)
                              /Users/akashv/Documents/Github/SJSU-Dev/tools/gcc-arm-none-eabi-6-2017-q2-update/bin/../lib/gcc/arm-none-eabi/6.3.1/../../../../arm-none-eabi/lib/thumb/v7-m/libstdc++_nano.a(eh_terminate.o) (__cxxabiv1::__unexpected_handler)
/Users/akashv/Documents/Github/SJSU-Dev/tools/gcc-arm-none-eabi-6-2017-q2-update/bin/../lib/gcc/arm-none-eabi/6.3.1/../../../../arm-none-eabi/lib/thumb/v7-m/libstdc++_nano.a(eh_term_handler.o)
                              /Users/akashv/Documents/Github/SJSU-Dev/tools/gcc-arm-none-eabi-6-2017-q2-update/bin/../lib/gcc/arm-none-eabi/6.3.1/../../../../arm-none-eabi/lib/thumb/v7-m/libstdc++_nano.a(eh_terminate.o) (__cxxabiv1::__terminate_handler)
/Users/akashv/Documents/Github/SJSU-Dev/tools/gcc-arm-none-eabi-6-2017-q2-update/bin/../lib/gcc/arm-none-eabi/6.3.1/thumb/v7-m/libgcc.a(_ashldi3.o)
                              obj//Users/akashv/Documents/Github/SJSU-Dev/firmware/lib/L0_LowLevel/source/lpc_peripherals.o (__aeabi_llsl)
/Users/akashv/Documents/Github/SJSU-Dev/tools/gcc-arm-none-eabi-6-2017-q2-update/bin/../lib/gcc/arm-none-eabi/6.3.1/thumb/v7-m/libgcc.a(_arm_addsubdf3.o)
                              obj//Users/akashv/Documents/Github/SJSU-Dev/firmware/lib/L0_LowLevel/source/uart0_min.o (__aeabi_dadd)
/Users/akashv/Documents/Github/SJSU-Dev/tools/gcc-arm-none-eabi-6-2017-q2-update/bin/../lib/gcc/arm-none-eabi/6.3.1/thumb/v7-m/libgcc.a(_arm_fixunsdfsi.o)
                              obj//Users/akashv/Documents/Github/SJSU-Dev/firmware/lib/L0_LowLevel/source/uart0_min.o (__aeabi_d2uiz)
/Users/akashv/Documents/Github/SJSU-Dev/tools/gcc-arm-none-eabi-6-2017-q2-update/bin/../lib/gcc/arm-none-eabi/6.3.1/thumb/v7-m/libgcc.a(_arm_truncdfsf2.o)
[...]
Memory Configuration

Name             Origin             Length             Attributes
FLASH            0x0000000000010000 0x0000000000070000 xr
SRAM             0x0000000010000000 0x0000000000008000 xrw
SRAM_AHB         0x000000002007c000 0x0000000000008000 xrw
*default*        0x0000000000000000 0xffffffffffffffff

Linker script and memory map

LOAD bin/firmware.sym.o
LOAD obj//Users/akashv/Documents/Github/SJSU-Dev/firmware/lib/L0_LowLevel/source/low_level_init.o
LOAD obj//Users/akashv/Documents/Github/SJSU-Dev/firmware/lib/L0_LowLevel/source/lpc_sys.o
LOAD obj//Users/akashv/Documents/Github/SJSU-Dev/firmware/lib/L0_LowLevel/source/startup.o
LOAD obj//Users/akashv/Documents/Github/SJSU-Dev/firmware/lib/L0_LowLevel/source/sys_clock.o
LOAD obj//Users/akashv/Documents/Github/SJSU-Dev/firmware/lib/L0_LowLevel/source/uart0_min.o
LOAD obj//Users/akashv/Documents/Github/SJSU-Dev/firmware/lib/L0_LowLevel/source/core_cm3.o
LOAD obj//Users/akashv/Documents/Github/SJSU-Dev/firmware/lib/L0_LowLevel/source/lpc_peripherals.o
LOAD obj//Users/akashv/Documents/Github/SJSU-Dev/firmware/lib/L4_IO/wireless/src/nrf24L01Plus.o
LOAD obj//Users/akashv/Documents/Github/SJSU-Dev/firmware/lib/L4_IO/wireless/src/wireless.o
LOAD obj//Users/akashv/Documents/Github/SJSU-Dev/firmware/lib/L4_IO/wireless/src/mesh.o
LOAD obj//Users/akashv/Documents/Github/SJSU-Dev/firmware/lib/L4_IO/fat/ff.o
LOAD obj//Users/akashv/Documents/Github/SJSU-Dev/firmware/lib/L4_IO/fat/option/reentrant.o
LOAD obj//Users/akashv/Documents/Github/SJSU-Dev/firmware/lib/L4_IO/fat/option/ccsbcs.o
LOAD obj//Users/akashv/Documents/Github/SJSU-Dev/firmware/lib/L4_IO/fat/disk/sd.o
LOAD obj//Users/akashv/Documents/Github/SJSU-Dev/firmware/lib/L4_IO/fat/disk/diskio.o
LOAD obj//Users/akashv/Documents/Github/SJSU-Dev/firmware/lib/L4_IO/fat/disk/spi_flash.o
LOAD obj//Users/akashv/Documents/Github/SJSU-Dev/firmware/lib/L4_IO/fat/fatfs_time.o
LOAD obj//Users/akashv/Documents/Github/SJSU-Dev/firmware/lib/L4_IO/src/gpio.o
LOAD obj//Users/akashv/Documents/Github/SJSU-Dev/firmware/lib/L4_IO/src/storage.o
LOAD obj//Users/akashv/Documents/Github/SJSU-Dev/firmware/lib/L4_IO/src/io_source.o
LOAD obj//Users/akashv/Documents/Github/SJSU-Dev/firmware/lib/L3_Utils/tlm/src/c_tlm_stream.o
LOAD obj//Users/akashv/Documents/Github/SJSU-Dev/firmware/lib/L3_Utils/tlm/src/c_tlm_comp.o
LOAD obj//Users/akashv/Documents/Github/SJSU-Dev/firmware/lib/L3_Utils/tlm/src/c_tlm_var.o
LOAD obj//Users/akashv/Documents/Github/SJSU-Dev/firmware/lib/L3_Utils/tlm/src/c_tlm_binary.o
LOAD obj//Users/akashv/Documents/Github/SJSU-Dev/firmware/lib/L3_Utils/src/c_list.o
LOAD obj//Users/akashv/Documents/Github/SJSU-Dev/firmware/lib/L3_Utils/src/command_handler.o
LOAD obj//Users/akashv/Documents/Github/SJSU-Dev/firmware/lib/L3_Utils/src/scheduler_task.o
LOAD obj//Users/akashv/Documents/Github/SJSU-Dev/firmware/lib/L3_Utils/src/file_logger.o
LOAD obj//Users/akashv/Documents/Github/SJSU-Dev/firmware/lib/L3_Utils/src/freertos_timer.o
LOAD obj//Users/akashv/Documents/Github/SJSU-Dev/firmware/lib/L3_Utils/src/printf_lib.o
LOAD obj//Users/akashv/Documents/Github/SJSU-Dev/firmware/lib/L3_Utils/src/rtc_alarm.o
LOAD obj//Users/akashv/Documents/Github/SJSU-Dev/firmware/lib/L3_Utils/src/utilities.o
LOAD obj//Users/akashv/Documents/Github/SJSU-Dev/firmware/lib/L3_Utils/src/str.o
LOAD obj//Users/akashv/Documents/Github/SJSU-Dev/firmware/lib/newlib/memory.o
LOAD obj//Users/akashv/Documents/Github/SJSU-Dev/firmware/lib/newlib/malloc_lock.o
LOAD obj//Users/akashv/Documents/Github/SJSU-Dev/firmware/lib/newlib/newlib_time.o
LOAD obj//Users/akashv/Documents/Github/SJSU-Dev/firmware/lib/newlib/newlib_syscalls.o
LOAD obj//Users/akashv/Documents/Github/SJSU-Dev/firmware/lib/L2_Drivers/base/i2c_base.o
LOAD obj//Users/akashv/Documents/Github/SJSU-Dev/firmware/lib/L2_Drivers/base/uart_dev.o
LOAD obj//Users/akashv/Documents/Github/SJSU-Dev/firmware/lib/L2_Drivers/base/char_dev.o
LOAD obj//Users/akashv/Documents/Github/SJSU-Dev/firmware/lib/L2_Drivers/src/lpc_rit.o
LOAD obj//Users/akashv/Documents/Github/SJSU-Dev/firmware/lib/L2_Drivers/src/rtc.o
LOAD obj//Users/akashv/Documents/Github/SJSU-Dev/firmware/lib/L2_Drivers/src/lpc_pwm.o
LOAD obj//Users/akashv/Documents/Github/SJSU-Dev/firmware/lib/L2_Drivers/src/eint.o
LOAD obj//Users/akashv/Documents/Github/SJSU-Dev/firmware/lib/L2_Drivers/src/adc.o
LOAD obj//Users/akashv/Documents/Github/SJSU-Dev/firmware/lib/L2_Drivers/src/uart3.o
LOAD obj//Users/akashv/Documents/Github/SJSU-Dev/firmware/lib/L2_Drivers/src/uart2.o
LOAD obj//Users/akashv/Documents/Github/SJSU-Dev/firmware/lib/L2_Drivers/src/nrf_stream.o
LOAD obj//Users/akashv/Documents/Github/SJSU-Dev/firmware/lib/L2_Drivers/src/uart0.o
LOAD obj//Users/akashv/Documents/Github/SJSU-Dev/firmware/lib/L2_Drivers/src/spi_dma.o
LOAD obj//Users/akashv/Documents/Github/SJSU-Dev/firmware/lib/L2_Drivers/src/spi_sem.o
LOAD obj//Users/akashv/Documents/Github/SJSU-Dev/firmware/lib/L2_Drivers/src/lpc_timers.o
LOAD obj//Users/akashv/Documents/Github/SJSU-Dev/firmware/lib/L2_Drivers/src/i2c2.o
LOAD obj//Users/akashv/Documents/Github/SJSU-Dev/firmware/lib/L2_Drivers/src/can.o
LOAD obj//Users/akashv/Documents/Github/SJSU-Dev/firmware/lib/L1_FreeRTOS/trace/trcBase.o
LOAD obj//Users/akashv/Documents/Github/SJSU-Dev/firmware/lib/L1_FreeRTOS/trace/trcUser.o
LOAD obj//Users/akashv/Documents/Github/SJSU-Dev/firmware/lib/L1_FreeRTOS/trace/trcKernelPort.o
LOAD obj//Users/akashv/Documents/Github/SJSU-Dev/firmware/lib/L1_FreeRTOS/trace/trcKernel.o
LOAD obj//Users/akashv/Documents/Github/SJSU-Dev/firmware/lib/L1_FreeRTOS/trace/trcHardwarePort.o
LOAD obj//Users/akashv/Documents/Github/SJSU-Dev/firmware/lib/L1_FreeRTOS/trace/run_time_counter.o
LOAD obj//Users/akashv/Documents/Github/SJSU-Dev/firmware/lib/L1_FreeRTOS/portable/no_mpu/port.o
LOAD obj//Users/akashv/Documents/Github/SJSU-Dev/firmware/lib/L1_FreeRTOS/portable/run_time_stats.o
LOAD obj//Users/akashv/Documents/Github/SJSU-Dev/firmware/lib/L1_FreeRTOS/hooks/hooks.o
LOAD obj//Users/akashv/Documents/Github/SJSU-Dev/firmware/lib/L1_FreeRTOS/MemMang/freertos_mem_man.o
LOAD obj//Users/akashv/Documents/Github/SJSU-Dev/firmware/lib/L1_FreeRTOS/src/list.o
LOAD obj//Users/akashv/Documents/Github/SJSU-Dev/firmware/lib/L1_FreeRTOS/src/queue.o
LOAD obj//Users/akashv/Documents/Github/SJSU-Dev/firmware/lib/L1_FreeRTOS/src/timers.o
LOAD obj//Users/akashv/Documents/Github/SJSU-Dev/firmware/lib/L1_FreeRTOS/src/tasks.o
LOAD obj//Users/akashv/Documents/Github/SJSU-Dev/firmware/lib/L1_FreeRTOS/src/event_groups.o
LOAD obj//Users/akashv/Documents/Github/SJSU-Dev/firmware/lib/L1_FreeRTOS/src/croutine.o
LOAD obj//Users/akashv/Documents/Github/SJSU-Dev/firmware/lib/L5_HighLevel/source/cmd_handlers/handlers.o
LOAD obj//Users/akashv/Documents/Github/SJSU-Dev/firmware/lib/L5_HighLevel/source/cmd_handlers/wireless_handlers.o
LOAD obj//Users/akashv/Documents/Github/SJSU-Dev/firmware/lib/L5_HighLevel/source/cmd_handlers/prog_handlers.o
LOAD obj//Users/akashv/Documents/Github/SJSU-Dev/firmware/lib/L5_HighLevel/source/terminal.o
LOAD obj//Users/akashv/Documents/Github/SJSU-Dev/firmware/lib/L5_HighLevel/source/remote.o
LOAD obj//Users/akashv/Documents/Github/SJSU-Dev/firmware/lib/L5_HighLevel/source/high_level_init.o
LOAD obj//Users/akashv/Documents/Github/SJSU-Dev/firmware/lib/L5_HighLevel/periodic_scheduler/prd_dispatcher.o
LOAD obj//Users/akashv/Documents/Github/SJSU-Dev/firmware/lib/L5_HighLevel/examples/examples.o
LOAD obj//Users/akashv/Documents/Github/SJSU-Dev/firmware/lib/L5_HighLevel/examples/rn_xv_task.o
LOAD obj/L5_Application/LabGPIOInterrupts.o
LOAD obj/L5_Application/main.o
LOAD /Users/akashv/Documents/Github/SJSU-Dev/tools/gcc-arm-none-eabi-6-2017-q2-update/bin/../lib/gcc/arm-none-eabi/6.3.1/../../../../arm-none-eabi/lib/thumb/v7-m/libstdc++_nano.a
LOAD /Users/akashv/Documents/Github/SJSU-Dev/tools/gcc-arm-none-eabi-6-2017-q2-update/bin/../lib/gcc/arm-none-eabi/6.3.1/../../../../arm-none-eabi/lib/thumb/v7-m/libm.a
START GROUP
LOAD /Users/akashv/Documents/Github/SJSU-Dev/tools/gcc-arm-none-eabi-6-2017-q2-update/bin/../lib/gcc/arm-none-eabi/6.3.1/thumb/v7-m/libgcc.a
LOAD /Users/akashv/Documents/Github/SJSU-Dev/tools/gcc-arm-none-eabi-6-2017-q2-update/bin/../lib/gcc/arm-none-eabi/6.3.1/../../../../arm-none-eabi/lib/thumb/v7-m/libc_nano.a
END GROUP
START GROUP
LOAD /Users/akashv/Documents/Github/SJSU-Dev/tools/gcc-arm-none-eabi-6-2017-q2-update/bin/../lib/gcc/arm-none-eabi/6.3.1/thumb/v7-m/libgcc.a
LOAD /Users/akashv/Documents/Github/SJSU-Dev/tools/gcc-arm-none-eabi-6-2017-q2-update/bin/../lib/gcc/arm-none-eabi/6.3.1/../../../../arm-none-eabi/lib/thumb/v7-m/libc_nano.a
END GROUP

.text           0x0000000000010000    0x1297f
 FILL mask 0xff
 *(.isr_vector)
 .isr_vector    0x0000000000010000       0xcc obj//Users/akashv/Documents/Github/SJSU-Dev/firmware/lib/L0_LowLevel/source/startup.o
                0x0000000000010000                g_pfnVectors
                0x00000000000100cc                . = ALIGN (0x4)
                0x00000000000100cc                __section_table_start = .
                0x00000000000100cc                __data_section_table = .
                0x00000000000100cc        0x4 LONG 0x22988 LOADADDR (.data)
                0x00000000000100d0        0x4 LONG 0x2007c000 ADDR (.data)
                0x00000000000100d4        0x4 LONG 0x2fc SIZEOF (.data)
                0x00000000000100d8                __data_section_table_end = .
                0x00000000000100d8                __bss_section_table = .
                0x00000000000100d8        0x4 LONG 0x2007c300 ADDR (.bss)
                0x00000000000100dc        0x4 LONG 0x5b0 SIZEOF (.bss)
                0x00000000000100e0                __bss_section_table_end = .
                0x00000000000100e0                __section_table_end = .
 *(.after_vectors*)
 .after_vectors
                0x00000000000100e0      0x120 obj//Users/akashv/Documents/Github/SJSU-Dev/firmware/lib/L0_LowLevel/source/startup.o
                0x00000000000100e0                isr_hard_fault
                0x00000000000100fa                isr_nmi
                0x0000000000010108                isr_mem_fault
                0x0000000000010118                isr_bus_fault
                0x0000000000010128                isr_usage_fault
                0x0000000000010138                isr_debug_mon
                0x0000000000010148                TIMER3_IRQHandler
                0x0000000000010148                PLL0_IRQHandler
                0x0000000000010148                PLL1_IRQHandler
                0x0000000000010148                SSP0_IRQHandler
                0x0000000000010148                CANAct_IRQHandler
                0x0000000000010148                I2S_IRQHandler
                0x0000000000010148                TIMER0_IRQHandler
                0x0000000000010148                SPI_IRQHandler
                0x0000000000010148                EINT1_IRQHandler
                0x0000000000010148                isr_default_handler
                0x0000000000010148                SSP1_IRQHandler
                0x0000000000010148                USB_IRQHandler
                0x0000000000010148                BOD_IRQHandler
                0x0000000000010148                TIMER2_IRQHandler
                0x0000000000010148                I2C0_IRQHandler
                0x0000000000010148                PWM1_IRQHandler
                0x0000000000010148                I2C1_IRQHandler
                0x0000000000010148                EINT2_IRQHandler
                0x0000000000010148                UART1_IRQHandler
                0x0000000000010148                DMA_IRQHandler
                0x0000000000010148                MCPWM_IRQHandler
                0x0000000000010148                ENET_IRQHandler
                0x0000000000010148                USBAct_IRQHandler
                0x0000000000010148                WDT_IRQHandler
                0x0000000000010148                QEI_IRQHandler
                0x0000000000010148                EINT0_IRQHandler
                0x0000000000010158                isr_sys_tick
                0x000000000001016a                data_init(unsigned int, unsigned int, unsigned int)
                0x0000000000010180                bss_init(unsigned int, unsigned int)
                0x0000000000010194                isr_reset
 *(.text*)
 .text.sys_get_boot_type
                0x0000000000010200        0xc obj//Users/akashv/Documents/Github/SJSU-Dev/firmware/lib/L0_LowLevel/source/low_level_init.o
                0x0000000000010200                sys_get_boot_type
 .text._Z14low_level_initv
                0x000000000001020c      0x228 obj//Users/akashv/Documents/Github/SJSU-Dev/firmware/lib/L0_LowLevel/source/low_level_init.o
                0x000000000001020c                low_level_init()
 .text.lpc_sys_setup_system_timer
                0x0000000000010434       0x54 obj//Users/akashv/Documents/Github/SJSU-Dev/firmware/lib/L0_LowLevel/source/lpc_sys.o
                0x0000000000010434                lpc_sys_setup_system_timer
 .text.sys_get_uptime_us
                0x0000000000010488       0x2c obj//Users/akashv/Documents/Github/SJSU-Dev/firmware/lib/L0_LowLevel/source/lpc_sys.o
                0x0000000000010488                sys_get_uptime_us
 .text.sys_get_mem_info_str
                0x00000000000104b4       0x38 obj//Users/akashv/Documents/Github/SJSU-Dev/firmware/lib/L0_LowLevel/source/lpc_sys.o
                0x00000000000104b4                sys_get_mem_info_str
 .text._ZN17SingletonTemplateI9IR_SensorE11getInstanceEv
                0x00000000000104ec       0x18 obj//Users/akashv/Documents/Github/SJSU-Dev/firmware/lib/L0_LowLevel/source/lpc_sys.o
                0x00000000000104ec                SingletonTemplate<IR_Sensor>::getInstance()
 .text.TIMER1_IRQHandler
                0x0000000000010504       0xbc obj//Users/akashv/Documents/Github/SJSU-Dev/firmware/lib/L0_LowLevel/source/lpc_sys.o
                0x0000000000010504                TIMER1_IRQHandler
 .text.isr_forwarder_routine
                0x00000000000105c0       0x3c obj//Users/akashv/Documents/Github/SJSU-Dev/firmware/lib/L0_LowLevel/source/startup.o
 .text.isr_register
                0x00000000000105fc       0x10 obj//Users/akashv/Documents/Github/SJSU-Dev/firmware/lib/L0_LowLevel/source/startup.o
                0x00000000000105fc                isr_register
 .text.isr_hard_fault_handler
                0x000000000001060c       0x58 obj//Users/akashv/Documents/Github/SJSU-Dev/firmware/lib/L0_LowLevel/source/startup.o
                0x000000000001060c                isr_hard_fault_handler
 .text._ZL19sys_clock_pll0_feedv
                0x0000000000010664       0x14 obj//Users/akashv/Documents/Github/SJSU-Dev/firmware/lib/L0_LowLevel/source/sys_clock.o
 .text._ZL23sys_clock_configure_plljjPiS_S_.constprop.0
                0x0000000000010678       0x78 obj//Users/akashv/Documents/Github/SJSU-Dev/firmware/lib/L0_LowLevel/source/sys_clock.o
 .text._Z19sys_clock_configurev
                0x00000000000106f0       0xb4 obj//Users/akashv/Documents/Github/SJSU-Dev/firmware/lib/L0_LowLevel/source/sys_clock.o
                0x00000000000106f0                sys_clock_configure()
 .text.sys_get_cpu_clock
                0x00000000000107a4       0xa8 obj//Users/akashv/Documents/Github/SJSU-Dev/firmware/lib/L0_LowLevel/source/sys_clock.o
                0x00000000000107a4                sys_get_cpu_clock
 .text.uart0_init
                0x000000000001084c       0x60 obj//Users/akashv/Documents/Github/SJSU-Dev/firmware/lib/L0_LowLevel/source/uart0_min.o
                0x000000000001084c                uart0_init
 .text.uart0_getchar
                0x00000000000108ac       0x18 obj//Users/akashv/Documents/Github/SJSU-Dev/firmware/lib/L0_LowLevel/source/uart0_min.o
                0x00000000000108ac                uart0_getchar
 .text.uart0_putchar
                0x00000000000108c4       0x18 obj//Users/akashv/Documents/Github/SJSU-Dev/firmware/lib/L0_LowLevel/source/uart0_min.o
                0x00000000000108c4                uart0_putchar
 .text.uart0_puts
                0x00000000000108dc       0x1a obj//Users/akashv/Documents/Github/SJSU-Dev/firmware/lib/L0_LowLevel/source/uart0_min.o
                0x00000000000108dc                uart0_puts
 .text.__set_PSP
                0x00000000000108f6        0x6 obj//Users/akashv/Documents/Github/SJSU-Dev/firmware/lib/L0_LowLevel/source/core_cm3.o
                0x00000000000108f6                __set_PSP
 .text.__set_MSP
                0x00000000000108fc        0x6 obj//Users/akashv/Documents/Github/SJSU-Dev/firmware/lib/L0_LowLevel/source/core_cm3.o
                0x00000000000108fc                __set_MSP
 .text.__set_BASEPRI
                0x0000000000010902        0x6 obj//Users/akashv/Documents/Github/SJSU-Dev/firmware/lib/L0_LowLevel/source/core_cm3.o
                0x0000000000010902                __set_BASEPRI
 .text.lpc_pconp
                0x0000000000010908       0x34 obj//Users/akashv/Documents/Github/SJSU-Dev/firmware/lib/L0_LowLevel/source/lpc_peripherals.o
                0x0000000000010908                lpc_pconp
 .text.lpc_pclk
                0x000000000001093c       0x48 obj//Users/akashv/Documents/Github/SJSU-Dev/firmware/lib/L0_LowLevel/source/lpc_peripherals.o
                0x000000000001093c                lpc_pclk
 .text.nordic_transfer
                0x0000000000010984       0xe8 obj//Users/akashv/Documents/Github/SJSU-Dev/firmware/lib/L4_IO/wireless/src/nrf24L01Plus.o
 .text.nordic_readRegister
                0x0000000000010a6c       0x20 obj//Users/akashv/Documents/Github/SJSU-Dev/firmware/lib/L4_IO/wireless/src/nrf24L01Plus.o
 .text.nordic_writeRegister
                0x0000000000010a8c       0x1e obj//Users/akashv/Documents/Github/SJSU-Dev/firmware/lib/L4_IO/wireless/src/nrf24L01Plus.o
 .text.nordic_is_tx_fifo_empty
                0x0000000000010aaa        0xe obj//Users/akashv/Documents/Github/SJSU-Dev/firmware/lib/L4_IO/wireless/src/nrf24L01Plus.o
                0x0000000000010aaa                nordic_is_tx_fifo_empty
 .text.nordic_clear_all_intr_flags
                0x0000000000010ab8        0x8 obj//Users/akashv/Documents/Github/SJSU-Dev/firmware/lib/L4_IO/wireless/src/nrf24L01Plus.o
                0x0000000000010ab8                nordic_clear_all_intr_flags
 .text.nordic_queue_tx_fifo
                0x0000000000010ac0        0xc obj//Users/akashv/Documents/Github/SJSU-Dev/firmware/lib/L4_IO/wireless/src/nrf24L01Plus.o
                0x0000000000010ac0                nordic_queue_tx_fifo
 .text.nordic_standby1_to_tx_mode1
                0x0000000000010acc       0x16 obj//Users/akashv/Documents/Github/SJSU-Dev/firmware/lib/L4_IO/wireless/src/nrf24L01Plus.o
                0x0000000000010acc                nordic_standby1_to_tx_mode1
 *fill*         0x0000000000010ae2        0x2 ff
 .text.nordic_rx_to_Stanby1
                0x0000000000010ae4       0x10 obj//Users/akashv/Documents/Github/SJSU-Dev/firmware/lib/L4_IO/wireless/src/nrf24L01Plus.o
                0x0000000000010ae4                nordic_rx_to_Stanby1
 .text.nordic_standby1_to_rx
                0x0000000000010af4       0x24 obj//Users/akashv/Documents/Github/SJSU-Dev/firmware/lib/L4_IO/wireless/src/nrf24L01Plus.o
                0x0000000000010af4                nordic_standby1_to_rx
 .text.nordic_clear_packet_sent_flag
                0x0000000000010b18        0x8 obj//Users/akashv/Documents/Github/SJSU-Dev/firmware/lib/L4_IO/wireless/src/nrf24L01Plus.o
                0x0000000000010b18                nordic_clear_packet_sent_flag
 .text.nordic_flush_tx_fifo
                0x0000000000010b20        0xc obj//Users/akashv/Documents/Github/SJSU-Dev/firmware/lib/L4_IO/wireless/src/nrf24L01Plus.o
                0x0000000000010b20                nordic_flush_tx_fifo
 .text.nordic_mode1_send_single_packet
                0x0000000000010b2c       0x4c obj//Users/akashv/Documents/Github/SJSU-Dev/firmware/lib/L4_IO/wireless/src/nrf24L01Plus.o
                0x0000000000010b2c                nordic_mode1_send_single_packet
 .text.nordic_is_packet_available
                0x0000000000010b78       0x10 obj//Users/akashv/Documents/Github/SJSU-Dev/firmware/lib/L4_IO/wireless/src/nrf24L01Plus.o
                0x0000000000010b78                nordic_is_packet_available
 .text.nordic_clear_packet_available_flag
                0x0000000000010b88        0x8 obj//Users/akashv/Documents/Github/SJSU-Dev/firmware/lib/L4_IO/wireless/src/nrf24L01Plus.o
                0x0000000000010b88                nordic_clear_packet_available_flag
 .text.nordic_read_rx_fifo
                0x0000000000010b90       0x14 obj//Users/akashv/Documents/Github/SJSU-Dev/firmware/lib/L4_IO/wireless/src/nrf24L01Plus.o
                0x0000000000010b90                nordic_read_rx_fifo
 .text.nordic_flush_rx_fifo
                0x0000000000010ba4        0xc obj//Users/akashv/Documents/Github/SJSU-Dev/firmware/lib/L4_IO/wireless/src/nrf24L01Plus.o
                0x0000000000010ba4                nordic_flush_rx_fifo
 .text.nordic_set_intr_signals
                0x0000000000010bb0       0x3e obj//Users/akashv/Documents/Github/SJSU-Dev/firmware/lib/L4_IO/wireless/src/nrf24L01Plus.o
                0x0000000000010bb0                nordic_set_intr_signals
 .text.nordic_set_crc
                0x0000000000010bee       0x38 obj//Users/akashv/Documents/Github/SJSU-Dev/firmware/lib/L4_IO/wireless/src/nrf24L01Plus.o
                0x0000000000010bee                nordic_set_crc
 .text.nordic_power_up
                0x0000000000010c26       0x18 obj//Users/akashv/Documents/Github/SJSU-Dev/firmware/lib/L4_IO/wireless/src/nrf24L01Plus.o
                0x0000000000010c26                nordic_power_up
 .text.nordic_power_down
                0x0000000000010c3e       0x16 obj//Users/akashv/Documents/Github/SJSU-Dev/firmware/lib/L4_IO/wireless/src/nrf24L01Plus.o
                0x0000000000010c3e                nordic_power_down
 .text.nordic_set_channel
                0x0000000000010c54       0x24 obj//Users/akashv/Documents/Github/SJSU-Dev/firmware/lib/L4_IO/wireless/src/nrf24L01Plus.o
                0x0000000000010c54                nordic_set_channel
 .text.nordic_set_air_data_rate
                0x0000000000010c78       0x2c obj//Users/akashv/Documents/Github/SJSU-Dev/firmware/lib/L4_IO/wireless/src/nrf24L01Plus.o
                0x0000000000010c78                nordic_set_air_data_rate
 .text.nordic_set_power_level
                0x0000000000010ca4       0x24 obj//Users/akashv/Documents/Github/SJSU-Dev/firmware/lib/L4_IO/wireless/src/nrf24L01Plus.o
                0x0000000000010ca4                nordic_set_power_level
 .text.nordic_set_auto_transmit_options
                0x0000000000010cc8       0x2c obj//Users/akashv/Documents/Github/SJSU-Dev/firmware/lib/L4_IO/wireless/src/nrf24L01Plus.o
                0x0000000000010cc8                nordic_set_auto_transmit_options
 .text.nordic_set_payload_for_pipe
                0x0000000000010cf4       0x14 obj//Users/akashv/Documents/Github/SJSU-Dev/firmware/lib/L4_IO/wireless/src/nrf24L01Plus.o
                0x0000000000010cf4                nordic_set_payload_for_pipe
 .text.nordic_set_addr_width
                0x0000000000010d08       0x16 obj//Users/akashv/Documents/Github/SJSU-Dev/firmware/lib/L4_IO/wireless/src/nrf24L01Plus.o
                0x0000000000010d08                nordic_set_addr_width
 .text.nordic_set_tx_address
                0x0000000000010d1e        0xc obj//Users/akashv/Documents/Github/SJSU-Dev/firmware/lib/L4_IO/wireless/src/nrf24L01Plus.o
                0x0000000000010d1e                nordic_set_tx_address
 .text.nordic_set_rx_pipe0_addr
                0x0000000000010d2a        0xc obj//Users/akashv/Documents/Github/SJSU-Dev/firmware/lib/L4_IO/wireless/src/nrf24L01Plus.o
                0x0000000000010d2a                nordic_set_rx_pipe0_addr
 *fill*         0x0000000000010d36        0x2 ff
 .text.nordic_init
                0x0000000000010d38       0xc8 obj//Users/akashv/Documents/Github/SJSU-Dev/firmware/lib/L4_IO/wireless/src/nrf24L01Plus.o
                0x0000000000010d38                nordic_init
 .text.nrf_driver_init
                0x0000000000010e00       0x70 obj//Users/akashv/Documents/Github/SJSU-Dev/firmware/lib/L4_IO/wireless/src/wireless.o
 .text.nrf_driver_app_recv
                0x0000000000010e70       0x50 obj//Users/akashv/Documents/Github/SJSU-Dev/firmware/lib/L4_IO/wireless/src/wireless.o
 .text.nrf_driver_send
                0x0000000000010ec0       0x58 obj//Users/akashv/Documents/Github/SJSU-Dev/firmware/lib/L4_IO/wireless/src/wireless.o
 .text.nrf_irq_callback
                0x0000000000010f18       0x34 obj//Users/akashv/Documents/Github/SJSU-Dev/firmware/lib/L4_IO/wireless/src/wireless.o
 .text.nrf_driver_receive
                0x0000000000010f4c       0x22 obj//Users/akashv/Documents/Github/SJSU-Dev/firmware/lib/L4_IO/wireless/src/wireless.o
 .text.nrf_driver_get_timer
                0x0000000000010f6e       0x28 obj//Users/akashv/Documents/Github/SJSU-Dev/firmware/lib/L4_IO/wireless/src/wireless.o
 *fill*         0x0000000000010f96        0x2 ff
 .text.wireless_init
                0x0000000000010f98       0x4c obj//Users/akashv/Documents/Github/SJSU-Dev/firmware/lib/L4_IO/wireless/src/wireless.o
                0x0000000000010f98                wireless_init
 .text.wireless_service
                0x0000000000010fe4       0x4c obj//Users/akashv/Documents/Github/SJSU-Dev/firmware/lib/L4_IO/wireless/src/wireless.o
                0x0000000000010fe4                wireless_service
 .text.mesh_incr_soft_timers_for_arr
                0x0000000000011030       0x26 obj//Users/akashv/Documents/Github/SJSU-Dev/firmware/lib/L4_IO/wireless/src/mesh.o
 *fill*         0x0000000000011056        0x2 ff
 .text.mesh_update_soft_timers
                0x0000000000011058       0x4c obj//Users/akashv/Documents/Github/SJSU-Dev/firmware/lib/L4_IO/wireless/src/mesh.o
 .text.mesh_send_packet
                0x00000000000110a4       0x3c obj//Users/akashv/Documents/Github/SJSU-Dev/firmware/lib/L4_IO/wireless/src/mesh.o
 .text.mesh_send_retry_packet
                0x00000000000110e0       0x34 obj//Users/akashv/Documents/Github/SJSU-Dev/firmware/lib/L4_IO/wireless/src/mesh.o
 .text.mesh_find_rte_tbl_entry
                0x0000000000011114       0x24 obj//Users/akashv/Documents/Github/SJSU-Dev/firmware/lib/L4_IO/wireless/src/mesh.o
 .text.mesh_update_rte_scores
                0x0000000000011138       0x28 obj//Users/akashv/Documents/Github/SJSU-Dev/firmware/lib/L4_IO/wireless/src/mesh.o
 .text.mesh_get_pnd_pkt_slot
                0x0000000000011160       0x40 obj//Users/akashv/Documents/Github/SJSU-Dev/firmware/lib/L4_IO/wireless/src/mesh.o
 .text.mesh_pending_packets_add
                0x00000000000111a0       0x90 obj//Users/akashv/Documents/Github/SJSU-Dev/firmware/lib/L4_IO/wireless/src/mesh.o
 .text.mesh_get_rte_to_modify
                0x0000000000011230       0x58 obj//Users/akashv/Documents/Github/SJSU-Dev/firmware/lib/L4_IO/wireless/src/mesh.o
 .text.mesh_handle_pnd_pkts_for_arr
                0x0000000000011288      0x178 obj//Users/akashv/Documents/Github/SJSU-Dev/firmware/lib/L4_IO/wireless/src/mesh.o
 .text.mesh_set_node_address
                0x0000000000011400       0x18 obj//Users/akashv/Documents/Github/SJSU-Dev/firmware/lib/L4_IO/wireless/src/mesh.o
                0x0000000000011400                mesh_set_node_address
 .text.mesh_get_node_address
                0x0000000000011418        0xc obj//Users/akashv/Documents/Github/SJSU-Dev/firmware/lib/L4_IO/wireless/src/mesh.o
                0x0000000000011418                mesh_get_node_address
 .text.mesh_form_pkt
                0x0000000000011424       0xf8 obj//Users/akashv/Documents/Github/SJSU-Dev/firmware/lib/L4_IO/wireless/src/mesh.o
                0x0000000000011424                mesh_form_pkt
 .text.mesh_send_formed_pkt
                0x000000000001151c       0x58 obj//Users/akashv/Documents/Github/SJSU-Dev/firmware/lib/L4_IO/wireless/src/mesh.o
                0x000000000001151c                mesh_send_formed_pkt
 .text.mesh_init
                0x0000000000011574      0x100 obj//Users/akashv/Documents/Github/SJSU-Dev/firmware/lib/L4_IO/wireless/src/mesh.o
                0x0000000000011574                mesh_init
 .text.mesh_send
                0x0000000000011674       0x3e obj//Users/akashv/Documents/Github/SJSU-Dev/firmware/lib/L4_IO/wireless/src/mesh.o
                0x0000000000011674                mesh_send
 .text.mesh_send_ack
                0x00000000000116b2       0x1a obj//Users/akashv/Documents/Github/SJSU-Dev/firmware/lib/L4_IO/wireless/src/mesh.o
 .text.mesh_get_num_routing_entries
                0x00000000000116cc       0x1c obj//Users/akashv/Documents/Github/SJSU-Dev/firmware/lib/L4_IO/wireless/src/mesh.o
                0x00000000000116cc                mesh_get_num_routing_entries
 .text.mesh_service
                0x00000000000116e8      0x2d0 obj//Users/akashv/Documents/Github/SJSU-Dev/firmware/lib/L4_IO/wireless/src/mesh.o
                0x00000000000116e8                mesh_service
 .text.mesh_get_pnd_pkt_count
                0x00000000000119b8       0x34 obj//Users/akashv/Documents/Github/SJSU-Dev/firmware/lib/L4_IO/wireless/src/mesh.o
                0x00000000000119b8                mesh_get_pnd_pkt_count
 .text.mem_cpy  0x00000000000119ec       0x38 obj//Users/akashv/Documents/Github/SJSU-Dev/firmware/lib/L4_IO/fat/ff.o
 .text.mem_set  0x0000000000011a24        0xe obj//Users/akashv/Documents/Github/SJSU-Dev/firmware/lib/L4_IO/fat/ff.o
 .text.sum_sfn  0x0000000000011a32       0x1e obj//Users/akashv/Documents/Github/SJSU-Dev/firmware/lib/L4_IO/fat/ff.o
 .text.get_ldnumber
                0x0000000000011a50       0x3a obj//Users/akashv/Documents/Github/SJSU-Dev/firmware/lib/L4_IO/fat/ff.o
 .text.sync_window.part.1
                0x0000000000011a8a       0x46 obj//Users/akashv/Documents/Github/SJSU-Dev/firmware/lib/L4_IO/fat/ff.o
 .text.sync_window
                0x0000000000011ad0        0xc obj//Users/akashv/Documents/Github/SJSU-Dev/firmware/lib/L4_IO/fat/ff.o
 .text.sync_fs  0x0000000000011adc       0x74 obj//Users/akashv/Documents/Github/SJSU-Dev/firmware/lib/L4_IO/fat/ff.o
 .text.move_window
                0x0000000000011b50       0x34 obj//Users/akashv/Documents/Github/SJSU-Dev/firmware/lib/L4_IO/fat/ff.o
 .text.check_fs
                0x0000000000011b84       0x4c obj//Users/akashv/Documents/Github/SJSU-Dev/firmware/lib/L4_IO/fat/ff.o
 .text.find_volume
                0x0000000000011bd0      0x21c obj//Users/akashv/Documents/Github/SJSU-Dev/firmware/lib/L4_IO/fat/ff.o
 .text.validate
                0x0000000000011dec       0x3a obj//Users/akashv/Documents/Github/SJSU-Dev/firmware/lib/L4_IO/fat/ff.o
 .text.unlock_fs
                0x0000000000011e26       0x1a obj//Users/akashv/Documents/Github/SJSU-Dev/firmware/lib/L4_IO/fat/ff.o
 .text.clust2sect
                0x0000000000011e40       0x16 obj//Users/akashv/Documents/Github/SJSU-Dev/firmware/lib/L4_IO/fat/ff.o
                0x0000000000011e40                clust2sect
 .text.get_fat  0x0000000000011e56       0xa6 obj//Users/akashv/Documents/Github/SJSU-Dev/firmware/lib/L4_IO/fat/ff.o
                0x0000000000011e56                get_fat
 .text.dir_sdi  0x0000000000011efc       0x80 obj//Users/akashv/Documents/Github/SJSU-Dev/firmware/lib/L4_IO/fat/ff.o
 .text.put_fat  0x0000000000011f7c       0xd2 obj//Users/akashv/Documents/Github/SJSU-Dev/firmware/lib/L4_IO/fat/ff.o
                0x0000000000011f7c                put_fat
 .text.create_chain
                0x000000000001204e       0xa0 obj//Users/akashv/Documents/Github/SJSU-Dev/firmware/lib/L4_IO/fat/ff.o
 .text.dir_next
                0x00000000000120ee       0xec obj//Users/akashv/Documents/Github/SJSU-Dev/firmware/lib/L4_IO/fat/ff.o
 *fill*         0x00000000000121da        0x2 ff
 .text.dir_find.part.9
                0x00000000000121dc      0x120 obj//Users/akashv/Documents/Github/SJSU-Dev/firmware/lib/L4_IO/fat/ff.o
 .text.follow_path
                0x00000000000122fc      0x270 obj//Users/akashv/Documents/Github/SJSU-Dev/firmware/lib/L4_IO/fat/ff.o
 .text.dir_register
                0x000000000001256c      0x238 obj//Users/akashv/Documents/Github/SJSU-Dev/firmware/lib/L4_IO/fat/ff.o
 .text.remove_chain
                0x00000000000127a4       0x58 obj//Users/akashv/Documents/Github/SJSU-Dev/firmware/lib/L4_IO/fat/ff.o
 .text.f_mount  0x00000000000127fc       0x7c obj//Users/akashv/Documents/Github/SJSU-Dev/firmware/lib/L4_IO/fat/ff.o
                0x00000000000127fc                f_mount
 .text.f_open   0x0000000000012878      0x12e obj//Users/akashv/Documents/Github/SJSU-Dev/firmware/lib/L4_IO/fat/ff.o
                0x0000000000012878                f_open
 .text.f_read   0x00000000000129a6      0x170 obj//Users/akashv/Documents/Github/SJSU-Dev/firmware/lib/L4_IO/fat/ff.o
                0x00000000000129a6                f_read
 .text.f_write  0x0000000000012b16      0x1ac obj//Users/akashv/Documents/Github/SJSU-Dev/firmware/lib/L4_IO/fat/ff.o
                0x0000000000012b16                f_write
 .text.f_sync   0x0000000000012cc2       0x8a obj//Users/akashv/Documents/Github/SJSU-Dev/firmware/lib/L4_IO/fat/ff.o
                0x0000000000012cc2                f_sync
 .text.f_close  0x0000000000012d4c       0x24 obj//Users/akashv/Documents/Github/SJSU-Dev/firmware/lib/L4_IO/fat/ff.o
                0x0000000000012d4c                f_close
 .text.f_lseek  0x0000000000012d70      0x14e obj//Users/akashv/Documents/Github/SJSU-Dev/firmware/lib/L4_IO/fat/ff.o
                0x0000000000012d70                f_lseek
 .text.f_getfree
                0x0000000000012ebe       0xc8 obj//Users/akashv/Documents/Github/SJSU-Dev/firmware/lib/L4_IO/fat/ff.o
                0x0000000000012ebe                f_getfree
 *fill*         0x0000000000012f86        0x2 ff
 .text.f_mkfs   0x0000000000012f88      0x4f4 obj//Users/akashv/Documents/Github/SJSU-Dev/firmware/lib/L4_IO/fat/ff.o
                0x0000000000012f88                f_mkfs
 .text.ff_cre_syncobj
                0x000000000001347c       0x14 obj//Users/akashv/Documents/Github/SJSU-Dev/firmware/lib/L4_IO/fat/option/reentrant.o
                0x000000000001347c                ff_cre_syncobj
 .text.ff_del_syncobj
                0x0000000000013490        0x4 obj//Users/akashv/Documents/Github/SJSU-Dev/firmware/lib/L4_IO/fat/option/reentrant.o
                0x0000000000013490                ff_del_syncobj
 .text.ff_req_grant
                0x0000000000013494       0x26 obj//Users/akashv/Documents/Github/SJSU-Dev/firmware/lib/L4_IO/fat/option/reentrant.o
                0x0000000000013494                ff_req_grant
 .text.ff_rel_grant
                0x00000000000134ba       0x1e obj//Users/akashv/Documents/Github/SJSU-Dev/firmware/lib/L4_IO/fat/option/reentrant.o
                0x00000000000134ba                ff_rel_grant
 .text.ff_convert
                0x00000000000134d8       0x3c obj//Users/akashv/Documents/Github/SJSU-Dev/firmware/lib/L4_IO/fat/option/ccsbcs.o
                0x00000000000134d8                ff_convert
 .text.ff_wtoupper
                0x0000000000013514       0x24 obj//Users/akashv/Documents/Github/SJSU-Dev/firmware/lib/L4_IO/fat/option/ccsbcs.o
                0x0000000000013514                ff_wtoupper
 .text.sys_get_uptime_ms
                0x0000000000013538       0x12 obj//Users/akashv/Documents/Github/SJSU-Dev/firmware/lib/L4_IO/fat/disk/sd.o
 *fill*         0x000000000001354a        0x2 ff
 .text.ssp1_set_max_clock
                0x000000000001354c       0x30 obj//Users/akashv/Documents/Github/SJSU-Dev/firmware/lib/L4_IO/fat/disk/sd.o
 .text.ssp1_exchange_byte
                0x000000000001357c       0x14 obj//Users/akashv/Documents/Github/SJSU-Dev/firmware/lib/L4_IO/fat/disk/sd.o
 .text.wait_ready
                0x0000000000013590       0x2e obj//Users/akashv/Documents/Github/SJSU-Dev/firmware/lib/L4_IO/fat/disk/sd.o
                0x0000000000013590                wait_ready
 *fill*         0x00000000000135be        0x2 ff
 .text.power_off
                0x00000000000135c0       0x24 obj//Users/akashv/Documents/Github/SJSU-Dev/firmware/lib/L4_IO/fat/disk/sd.o
                0x00000000000135c0                power_off
 .text.rcvr_datablock
                0x00000000000135e4       0x8c obj//Users/akashv/Documents/Github/SJSU-Dev/firmware/lib/L4_IO/fat/disk/sd.o
                0x00000000000135e4                rcvr_datablock
 .text.xmit_datablock
                0x0000000000013670       0x4c obj//Users/akashv/Documents/Github/SJSU-Dev/firmware/lib/L4_IO/fat/disk/sd.o
                0x0000000000013670                xmit_datablock
 .text.send_cmd
                0x00000000000136bc       0x8c obj//Users/akashv/Documents/Github/SJSU-Dev/firmware/lib/L4_IO/fat/disk/sd.o
                0x00000000000136bc                send_cmd
 .text.sd_update_card_status
                0x0000000000013748       0x24 obj//Users/akashv/Documents/Github/SJSU-Dev/firmware/lib/L4_IO/fat/disk/sd.o
                0x0000000000013748                sd_update_card_status
 .text.sd_initialize
                0x000000000001376c      0x16c obj//Users/akashv/Documents/Github/SJSU-Dev/firmware/lib/L4_IO/fat/disk/sd.o
                0x000000000001376c                sd_initialize
 .text.sd_status
                0x00000000000138d8       0x10 obj//Users/akashv/Documents/Github/SJSU-Dev/firmware/lib/L4_IO/fat/disk/sd.o
                0x00000000000138d8                sd_status
 .text.sd_read  0x00000000000138e8       0x98 obj//Users/akashv/Documents/Github/SJSU-Dev/firmware/lib/L4_IO/fat/disk/sd.o
                0x00000000000138e8                sd_read
 .text.sd_write
                0x0000000000013980       0xb4 obj//Users/akashv/Documents/Github/SJSU-Dev/firmware/lib/L4_IO/fat/disk/sd.o
                0x0000000000013980                sd_write
 .text.sd_ioctl
                0x0000000000013a34      0x21c obj//Users/akashv/Documents/Github/SJSU-Dev/firmware/lib/L4_IO/fat/disk/sd.o
                0x0000000000013a34                sd_ioctl
 .text.disk_initialize
                0x0000000000013c50       0x26 obj//Users/akashv/Documents/Github/SJSU-Dev/firmware/lib/L4_IO/fat/disk/diskio.o
                0x0000000000013c50                disk_initialize
 .text.disk_status
                0x0000000000013c76       0x10 obj//Users/akashv/Documents/Github/SJSU-Dev/firmware/lib/L4_IO/fat/disk/diskio.o
                0x0000000000013c76                disk_status
 .text.disk_read
                0x0000000000013c86       0x38 obj//Users/akashv/Documents/Github/SJSU-Dev/firmware/lib/L4_IO/fat/disk/diskio.o
                0x0000000000013c86                disk_read
 .text.disk_write
                0x0000000000013cbe       0x38 obj//Users/akashv/Documents/Github/SJSU-Dev/firmware/lib/L4_IO/fat/disk/diskio.o
                0x0000000000013cbe                disk_write
 .text.disk_ioctl
                0x0000000000013cf6       0x32 obj//Users/akashv/Documents/Github/SJSU-Dev/firmware/lib/L4_IO/fat/disk/diskio.o
                0x0000000000013cf6                disk_ioctl
 .text._ZL24flash_get_mem_size_bytesv
                0x0000000000013d28       0x20 obj//Users/akashv/Documents/Github/SJSU-Dev/firmware/lib/L4_IO/fat/disk/spi_flash.o
 .text._ZL37flash_perform_page_io_of_fatfs_sectorPFvPhmmES_m
                0x0000000000013d48       0x74 obj//Users/akashv/Documents/Github/SJSU-Dev/firmware/lib/L4_IO/fat/disk/spi_flash.o
 .text.ssp1_exchange_data
                0x0000000000013dbc       0xac obj//Users/akashv/Documents/Github/SJSU-Dev/firmware/lib/L4_IO/fat/disk/spi_flash.o
 .text._ZL18flash_send_op_addr14flash_opcode_tm
                0x0000000000013e68       0x26 obj//Users/akashv/Documents/Github/SJSU-Dev/firmware/lib/L4_IO/fat/disk/spi_flash.o
 *fill*         0x0000000000013e8e        0x2 ff
 .text._ZL15flash_read_pagePhmm
                0x0000000000013e90       0x44 obj//Users/akashv/Documents/Github/SJSU-Dev/firmware/lib/L4_IO/fat/disk/spi_flash.o
 .text._ZL20flash_wait_for_readyv
                0x0000000000013ed4       0x40 obj//Users/akashv/Documents/Github/SJSU-Dev/firmware/lib/L4_IO/fat/disk/spi_flash.o
 .text.flash_initialize
                0x0000000000013f14       0x98 obj//Users/akashv/Documents/Github/SJSU-Dev/firmware/lib/L4_IO/fat/disk/spi_flash.o
                0x0000000000013f14                flash_initialize
 .text.flash_read_sectors
                0x0000000000013fac       0x50 obj//Users/akashv/Documents/Github/SJSU-Dev/firmware/lib/L4_IO/fat/disk/spi_flash.o
                0x0000000000013fac                flash_read_sectors
 .text.flash_write_sectors
                0x0000000000013ffc       0x4c obj//Users/akashv/Documents/Github/SJSU-Dev/firmware/lib/L4_IO/fat/disk/spi_flash.o
                0x0000000000013ffc                flash_write_sectors
 .text.flash_ioctl
                0x0000000000014048       0x36 obj//Users/akashv/Documents/Github/SJSU-Dev/firmware/lib/L4_IO/fat/disk/spi_flash.o
                0x0000000000014048                flash_ioctl
 *fill*         0x000000000001407e        0x2 ff
 .text.flash_write_permanent_id
                0x0000000000014080       0x44 obj//Users/akashv/Documents/Github/SJSU-Dev/firmware/lib/L4_IO/fat/disk/spi_flash.o
                0x0000000000014080                flash_write_permanent_id
 .text.flash_read_permanent_id
                0x00000000000140c4       0x28 obj//Users/akashv/Documents/Github/SJSU-Dev/firmware/lib/L4_IO/fat/disk/spi_flash.o
                0x00000000000140c4                flash_read_permanent_id
 .text.flash_get_page_count
                0x00000000000140ec       0x20 obj//Users/akashv/Documents/Github/SJSU-Dev/firmware/lib/L4_IO/fat/disk/spi_flash.o
                0x00000000000140ec                flash_get_page_count
 .text.flash_get_page_size
                0x000000000001410c        0xc obj//Users/akashv/Documents/Github/SJSU-Dev/firmware/lib/L4_IO/fat/disk/spi_flash.o
                0x000000000001410c                flash_get_page_size
 .text.flash_supports_metadata
                0x0000000000014118       0x10 obj//Users/akashv/Documents/Github/SJSU-Dev/firmware/lib/L4_IO/fat/disk/spi_flash.o
                0x0000000000014118                flash_supports_metadata
 .text._ZL16flash_write_pagePhmm
                0x0000000000014128       0x8c obj//Users/akashv/Documents/Github/SJSU-Dev/firmware/lib/L4_IO/fat/disk/spi_flash.o
 .text.flash_chip_erase
                0x00000000000141b4       0x2c obj//Users/akashv/Documents/Github/SJSU-Dev/firmware/lib/L4_IO/fat/disk/spi_flash.o
                0x00000000000141b4                flash_chip_erase
 .text.get_fattime
                0x00000000000141e0       0x52 obj//Users/akashv/Documents/Github/SJSU-Dev/firmware/lib/L4_IO/fat/fatfs_time.o
                0x00000000000141e0                get_fattime
 .text._ZN7Storage4readEPKcPvjj
                0x0000000000014232       0x44 obj//Users/akashv/Documents/Github/SJSU-Dev/firmware/lib/L4_IO/src/storage.o
                0x0000000000014232                Storage::read(char const*, void*, unsigned int, unsigned int)
 .text._ZN11i2c2_device8writeRegEhh
                0x0000000000014276        0xc obj//Users/akashv/Documents/Github/SJSU-Dev/firmware/lib/L4_IO/src/io_source.o
                0x0000000000014276                i2c2_device::writeReg(unsigned char, unsigned char)
 .text._ZN11i2c2_device16get16BitRegisterEh
                0x0000000000014282       0x2a obj//Users/akashv/Documents/Github/SJSU-Dev/firmware/lib/L4_IO/src/io_source.o
                0x0000000000014282                i2c2_device::get16BitRegister(unsigned char)
 .text._ZN19Acceleration_Sensor4initEv
                0x00000000000142ac       0x20 obj//Users/akashv/Documents/Github/SJSU-Dev/firmware/lib/L4_IO/src/io_source.o
                0x00000000000142ac                Acceleration_Sensor::init()
 .text._ZN9IR_Sensor11storeIrCodeEm
                0x00000000000142cc       0x1c obj//Users/akashv/Documents/Github/SJSU-Dev/firmware/lib/L4_IO/src/io_source.o
                0x00000000000142cc                IR_Sensor::storeIrCode(unsigned long)
 .text._ZN9IR_Sensor12decodeIrCodeEv
                0x00000000000142e8       0x64 obj//Users/akashv/Documents/Github/SJSU-Dev/firmware/lib/L4_IO/src/io_source.o
                0x00000000000142e8                IR_Sensor::decodeIrCode()
 .text._ZN9IR_Sensor4initEv
                0x000000000001434c       0x34 obj//Users/akashv/Documents/Github/SJSU-Dev/firmware/lib/L4_IO/src/io_source.o
                0x000000000001434c                IR_Sensor::init()
 .text._ZN11LED_Display12setLeftDigitEc
                0x0000000000014380       0x18 obj//Users/akashv/Documents/Github/SJSU-Dev/firmware/lib/L4_IO/src/io_source.o
                0x0000000000014380                LED_Display::setLeftDigit(char)
 .text._ZN11LED_Display13setRightDigitEc
                0x0000000000014398       0x18 obj//Users/akashv/Documents/Github/SJSU-Dev/firmware/lib/L4_IO/src/io_source.o
                0x0000000000014398                LED_Display::setRightDigit(char)
 .text._ZN11LED_Display4initEv
                0x00000000000143b0       0x38 obj//Users/akashv/Documents/Github/SJSU-Dev/firmware/lib/L4_IO/src/io_source.o
                0x00000000000143b0                LED_Display::init()
 .text._ZN11LED_Display9setNumberEc
                0x00000000000143e8       0x3a obj//Users/akashv/Documents/Github/SJSU-Dev/firmware/lib/L4_IO/src/io_source.o
                0x00000000000143e8                LED_Display::setNumber(char)
 .text._ZN3LED4initEv
                0x0000000000014422        0x4 obj//Users/akashv/Documents/Github/SJSU-Dev/firmware/lib/L4_IO/src/io_source.o
                0x0000000000014422                LED::init()
 *fill*         0x0000000000014426        0x2 ff
 .text._ZN3LED6setAllEh
                0x0000000000014428       0x50 obj//Users/akashv/Documents/Github/SJSU-Dev/firmware/lib/L4_IO/src/io_source.o
                0x0000000000014428                LED::setAll(unsigned char)
 .text._ZN12Light_Sensor4initEv
                0x0000000000014478        0x4 obj//Users/akashv/Documents/Github/SJSU-Dev/firmware/lib/L4_IO/src/io_source.o
                0x0000000000014478                Light_Sensor::init()
 .text._ZN12Light_Sensor11getRawValueEv
                0x000000000001447c        0x6 obj//Users/akashv/Documents/Github/SJSU-Dev/firmware/lib/L4_IO/src/io_source.o
                0x000000000001447c                Light_Sensor::getRawValue()
 .text._ZN8Switches4initEv
                0x0000000000014482        0x4 obj//Users/akashv/Documents/Github/SJSU-Dev/firmware/lib/L4_IO/src/io_source.o
                0x0000000000014482                Switches::init()
 *fill*         0x0000000000014486        0x2 ff
 .text._ZN8Switches15getSwitchValuesEv
                0x0000000000014488       0x18 obj//Users/akashv/Documents/Github/SJSU-Dev/firmware/lib/L4_IO/src/io_source.o
                0x0000000000014488                Switches::getSwitchValues()
 .text._ZN8I2C_Temp4initEv
                0x00000000000144a0       0x22 obj//Users/akashv/Documents/Github/SJSU-Dev/firmware/lib/L4_IO/src/io_source.o
                0x00000000000144a0                I2C_Temp::init()
 .text._ZN8I2C_Temp10getCelsiusEv
                0x00000000000144c2       0x30 obj//Users/akashv/Documents/Github/SJSU-Dev/firmware/lib/L4_IO/src/io_source.o
                0x00000000000144c2                I2C_Temp::getCelsius()
 *fill*         0x00000000000144f2        0x2 ff
 .text._ZN8I2C_Temp12getFarenheitEv
                0x00000000000144f4       0x24 obj//Users/akashv/Documents/Github/SJSU-Dev/firmware/lib/L4_IO/src/io_source.o
                0x00000000000144f4                I2C_Temp::getFarenheit()
 .text.tlm_component_find_by_name
                0x0000000000014518       0x10 obj//Users/akashv/Documents/Github/SJSU-Dev/firmware/lib/L3_Utils/tlm/src/c_tlm_comp.o
 .text.tlm_component_get_by_name
                0x0000000000014528       0x24 obj//Users/akashv/Documents/Github/SJSU-Dev/firmware/lib/L3_Utils/tlm/src/c_tlm_comp.o
                0x0000000000014528                tlm_component_get_by_name
 .text.tlm_component_add
                0x000000000001454c       0x6c obj//Users/akashv/Documents/Github/SJSU-Dev/firmware/lib/L3_Utils/tlm/src/c_tlm_comp.o
                0x000000000001454c                tlm_component_add
 .text.c_list_create
                0x00000000000145b8       0x14 obj//Users/akashv/Documents/Github/SJSU-Dev/firmware/lib/L3_Utils/src/c_list.o
                0x00000000000145b8                c_list_create
 .text.c_list_insert_elm_end
                0x00000000000145cc       0x38 obj//Users/akashv/Documents/Github/SJSU-Dev/firmware/lib/L3_Utils/src/c_list.o
                0x00000000000145cc                c_list_insert_elm_end
 .text.c_list_find_elm
                0x0000000000014604       0x2c obj//Users/akashv/Documents/Github/SJSU-Dev/firmware/lib/L3_Utils/src/c_list.o
                0x0000000000014604                c_list_find_elm
 .text.c_list_for_each_elm
                0x0000000000014630       0x2a obj//Users/akashv/Documents/Github/SJSU-Dev/firmware/lib/L3_Utils/src/c_list.o
                0x0000000000014630                c_list_for_each_elm
 *fill*         0x000000000001465a        0x2 ff
 .text.logger_write_to_file
                0x000000000001465c       0xb4 obj//Users/akashv/Documents/Github/SJSU-Dev/firmware/lib/L3_Utils/src/file_logger.o
 .text.logger_task
                0x0000000000014710       0xd0 obj//Users/akashv/Documents/Github/SJSU-Dev/firmware/lib/L3_Utils/src/file_logger.o
 .text.logger_init
                0x00000000000147e0       0xcc obj//Users/akashv/Documents/Github/SJSU-Dev/firmware/lib/L3_Utils/src/file_logger.o
                0x00000000000147e0                logger_init
 .text.u0_dbg_put
                0x00000000000148ac       0x1e obj//Users/akashv/Documents/Github/SJSU-Dev/firmware/lib/L3_Utils/src/printf_lib.o
                0x00000000000148ac                u0_dbg_put
 .text.u0_dbg_printf
                0x00000000000148ca       0x3c obj//Users/akashv/Documents/Github/SJSU-Dev/firmware/lib/L3_Utils/src/printf_lib.o
                0x00000000000148ca                u0_dbg_printf
 .text.for_each_recur_alarm_callback
                0x0000000000014906       0x24 obj//Users/akashv/Documents/Github/SJSU-Dev/firmware/lib/L3_Utils/src/rtc_alarm.o
 .text.for_each_alarm_callback
                0x000000000001492a       0x5a obj//Users/akashv/Documents/Github/SJSU-Dev/firmware/lib/L3_Utils/src/rtc_alarm.o
 .text.RTC_IRQHandler
                0x0000000000014984       0xac obj//Users/akashv/Documents/Github/SJSU-Dev/firmware/lib/L3_Utils/src/rtc_alarm.o
                0x0000000000014984                RTC_IRQHandler
 .text.delay_us
                0x0000000000014a30       0x1c obj//Users/akashv/Documents/Github/SJSU-Dev/firmware/lib/L3_Utils/src/utilities.o
                0x0000000000014a30                delay_us
 .text.is_freertos_running
                0x0000000000014a4c        0xe obj//Users/akashv/Documents/Github/SJSU-Dev/firmware/lib/L3_Utils/src/utilities.o
                0x0000000000014a4c                is_freertos_running
 .text.delay_ms
                0x0000000000014a5a       0x22 obj//Users/akashv/Documents/Github/SJSU-Dev/firmware/lib/L3_Utils/src/utilities.o
                0x0000000000014a5a                delay_ms
 .text._sbrk    0x0000000000014a7c       0x6c obj//Users/akashv/Documents/Github/SJSU-Dev/firmware/lib/newlib/memory.o
                0x0000000000014a7c                _sbrk
 .text._Znwj    0x0000000000014ae8        0x4 obj//Users/akashv/Documents/Github/SJSU-Dev/firmware/lib/newlib/memory.o
                0x0000000000014ae8                operator new(unsigned int)
 .text._ZdlPv   0x0000000000014aec        0x4 obj//Users/akashv/Documents/Github/SJSU-Dev/firmware/lib/newlib/memory.o
                0x0000000000014aec                operator delete(void*)
 .text.sys_get_mem_info
                0x0000000000014af0       0xb4 obj//Users/akashv/Documents/Github/SJSU-Dev/firmware/lib/newlib/memory.o
                0x0000000000014af0                sys_get_mem_info
 .text.__malloc_lock
                0x0000000000014ba4        0x4 obj//Users/akashv/Documents/Github/SJSU-Dev/firmware/lib/newlib/malloc_lock.o
                0x0000000000014ba4                __malloc_lock
 .text.__malloc_unlock
                0x0000000000014ba8        0x4 obj//Users/akashv/Documents/Github/SJSU-Dev/firmware/lib/newlib/malloc_lock.o
                0x0000000000014ba8                __malloc_unlock
 .text._gettimeofday
                0x0000000000014bac       0x7a obj//Users/akashv/Documents/Github/SJSU-Dev/firmware/lib/newlib/newlib_time.o
                0x0000000000014bac                _gettimeofday
 .text.remap_fatfs_errors
                0x0000000000014c26       0x56 obj//Users/akashv/Documents/Github/SJSU-Dev/firmware/lib/newlib/newlib_syscalls.o
 .text.findslot
                0x0000000000014c7c       0x4c obj//Users/akashv/Documents/Github/SJSU-Dev/firmware/lib/newlib/newlib_syscalls.o
 .text.remap_handle
                0x0000000000014cc8       0x28 obj//Users/akashv/Documents/Github/SJSU-Dev/firmware/lib/newlib/newlib_syscalls.o
 .text.sys_set_outchar_func
                0x0000000000014cf0        0xc obj//Users/akashv/Documents/Github/SJSU-Dev/firmware/lib/newlib/newlib_syscalls.o
                0x0000000000014cf0                sys_set_outchar_func
 .text.sys_set_inchar_func
                0x0000000000014cfc        0xc obj//Users/akashv/Documents/Github/SJSU-Dev/firmware/lib/newlib/newlib_syscalls.o
                0x0000000000014cfc                sys_set_inchar_func
 .text._kill    0x0000000000014d08       0x10 obj//Users/akashv/Documents/Github/SJSU-Dev/firmware/lib/newlib/newlib_syscalls.o
                0x0000000000014d08                _kill
 .text._exit    0x0000000000014d18       0x10 obj//Users/akashv/Documents/Github/SJSU-Dev/firmware/lib/newlib/newlib_syscalls.o
                0x0000000000014d18                _exit
 .text._getpid  0x0000000000014d28        0x4 obj//Users/akashv/Documents/Github/SJSU-Dev/firmware/lib/newlib/newlib_syscalls.o
                0x0000000000014d28                _getpid
 .text._init    0x0000000000014d2c        0x4 obj//Users/akashv/Documents/Github/SJSU-Dev/firmware/lib/newlib/newlib_syscalls.o
                0x0000000000014d2c                _init
 .text.syscalls_init
                0x0000000000014d30       0x34 obj//Users/akashv/Documents/Github/SJSU-Dev/firmware/lib/newlib/newlib_syscalls.o
                0x0000000000014d30                syscalls_init
 .text._read    0x0000000000014d64       0x9c obj//Users/akashv/Documents/Github/SJSU-Dev/firmware/lib/newlib/newlib_syscalls.o
                0x0000000000014d64                _read
 .text._lseek   0x0000000000014e00       0x60 obj//Users/akashv/Documents/Github/SJSU-Dev/firmware/lib/newlib/newlib_syscalls.o
                0x0000000000014e00                _lseek
 .text._write   0x0000000000014e60       0xa4 obj//Users/akashv/Documents/Github/SJSU-Dev/firmware/lib/newlib/newlib_syscalls.o
                0x0000000000014e60                _write
 .text._close   0x0000000000014f04       0x54 obj//Users/akashv/Documents/Github/SJSU-Dev/firmware/lib/newlib/newlib_syscalls.o
                0x0000000000014f04                _close
 .text._fstat   0x0000000000014f58       0x10 obj//Users/akashv/Documents/Github/SJSU-Dev/firmware/lib/newlib/newlib_syscalls.o
                0x0000000000014f58                _fstat
 .text._isatty  0x0000000000014f68       0x24 obj//Users/akashv/Documents/Github/SJSU-Dev/firmware/lib/newlib/newlib_syscalls.o
                0x0000000000014f68                _isatty
 .text._ZN8I2C_Base8transferEhPhmS0_m
                0x0000000000014f8c      0x108 obj//Users/akashv/Documents/Github/SJSU-Dev/firmware/lib/L2_Drivers/base/i2c_base.o
                0x0000000000014f8c                I2C_Base::transfer(unsigned char, unsigned char*, unsigned long, unsigned char*, unsigned long)
 .text._ZN8I2C_Base21writeRegisterThenReadEhPhmS0_m
                0x0000000000015094        0xc obj//Users/akashv/Documents/Github/SJSU-Dev/firmware/lib/L2_Drivers/base/i2c_base.o
                0x0000000000015094                I2C_Base::writeRegisterThenRead(unsigned char, unsigned char*, unsigned long, unsigned char*, unsigned long)
 .text._ZN8I2C_Base7readRegEhh
                0x00000000000150a0       0x28 obj//Users/akashv/Documents/Github/SJSU-Dev/firmware/lib/L2_Drivers/base/i2c_base.o
                0x00000000000150a0                I2C_Base::readReg(unsigned char, unsigned char)
 .text._ZN8I2C_Base13readRegistersEhhPhm
                0x00000000000150c8       0x1a obj//Users/akashv/Documents/Github/SJSU-Dev/firmware/lib/L2_Drivers/base/i2c_base.o
                0x00000000000150c8                I2C_Base::readRegisters(unsigned char, unsigned char, unsigned char*, unsigned long)
 .text._ZN8I2C_Base14writeRegistersEhPhm
                0x00000000000150e2       0x14 obj//Users/akashv/Documents/Github/SJSU-Dev/firmware/lib/L2_Drivers/base/i2c_base.o
                0x00000000000150e2                I2C_Base::writeRegisters(unsigned char, unsigned char*, unsigned long)
 .text._ZN8I2C_Base8writeRegEhhh
                0x00000000000150f6       0x18 obj//Users/akashv/Documents/Github/SJSU-Dev/firmware/lib/L2_Drivers/base/i2c_base.o
                0x00000000000150f6                I2C_Base::writeReg(unsigned char, unsigned char, unsigned char)
 .text._ZN8I2C_Base13readRegistersEhPhm
                0x000000000001510e       0x18 obj//Users/akashv/Documents/Github/SJSU-Dev/firmware/lib/L2_Drivers/base/i2c_base.o
                0x000000000001510e                I2C_Base::readRegisters(unsigned char, unsigned char*, unsigned long)
 .text._ZN8I2C_Base19checkDeviceResponseEh
                0x0000000000015126       0x14 obj//Users/akashv/Documents/Github/SJSU-Dev/firmware/lib/L2_Drivers/base/i2c_base.o
                0x0000000000015126                I2C_Base::checkDeviceResponse(unsigned char)
 *fill*         0x000000000001513a        0x2 ff
 .text._ZN8I2C_BaseC2EP15LPC_I2C_TypeDef
                0x000000000001513c       0x5c obj//Users/akashv/Documents/Github/SJSU-Dev/firmware/lib/L2_Drivers/base/i2c_base.o
                0x000000000001513c                I2C_Base::I2C_Base(LPC_I2C_TypeDef*)
                0x000000000001513c                I2C_Base::I2C_Base(LPC_I2C_TypeDef*)
 .text._ZN8I2C_Base4initEmm
                0x0000000000015198       0x94 obj//Users/akashv/Documents/Github/SJSU-Dev/firmware/lib/L2_Drivers/base/i2c_base.o
                0x0000000000015198                I2C_Base::init(unsigned long, unsigned long)
 .text._ZN8I2C_Base7setStopEv
                0x000000000001522c       0x28 obj//Users/akashv/Documents/Github/SJSU-Dev/firmware/lib/L2_Drivers/base/i2c_base.o
                0x000000000001522c                I2C_Base::setStop()
 .text._ZN8I2C_Base15i2cStateMachineEv
                0x0000000000015254      0x10a obj//Users/akashv/Documents/Github/SJSU-Dev/firmware/lib/L2_Drivers/base/i2c_base.o
                0x0000000000015254                I2C_Base::i2cStateMachine()
 *fill*         0x000000000001535e        0x2 ff
 .text._ZN8I2C_Base15handleInterruptEv
                0x0000000000015360       0x38 obj//Users/akashv/Documents/Github/SJSU-Dev/firmware/lib/L2_Drivers/base/i2c_base.o
                0x0000000000015360                I2C_Base::handleInterrupt()
 .text._ZN7UartDev7putCharEcj
                0x0000000000015398       0x5c obj//Users/akashv/Documents/Github/SJSU-Dev/firmware/lib/L2_Drivers/base/uart_dev.o
                0x0000000000015398                UartDev::putChar(char, unsigned int)
 .text._ZN7UartDevD2Ev
                0x00000000000153f4       0x14 obj//Users/akashv/Documents/Github/SJSU-Dev/firmware/lib/L2_Drivers/base/uart_dev.o
                0x00000000000153f4                UartDev::~UartDev()
                0x00000000000153f4                UartDev::~UartDev()
 .text._ZN7UartDevD0Ev
                0x0000000000015408       0x14 obj//Users/akashv/Documents/Github/SJSU-Dev/firmware/lib/L2_Drivers/base/uart_dev.o
                0x0000000000015408                UartDev::~UartDev()
 .text._ZN7UartDev5flushEv
                0x000000000001541c       0x20 obj//Users/akashv/Documents/Github/SJSU-Dev/firmware/lib/L2_Drivers/base/uart_dev.o
                0x000000000001541c                UartDev::flush()
 .text._ZN7UartDev7getCharEPcj
                0x000000000001543c       0x6c obj//Users/akashv/Documents/Github/SJSU-Dev/firmware/lib/L2_Drivers/base/uart_dev.o
                0x000000000001543c                UartDev::getChar(char*, unsigned int)
 .text._ZN7UartDev15handleInterruptEv
                0x00000000000154a8       0xc0 obj//Users/akashv/Documents/Github/SJSU-Dev/firmware/lib/L2_Drivers/base/uart_dev.o
                0x00000000000154a8                UartDev::handleInterrupt()
 .text._ZN7UartDevC2EPj
                0x0000000000015568       0x28 obj//Users/akashv/Documents/Github/SJSU-Dev/firmware/lib/L2_Drivers/base/uart_dev.o
                0x0000000000015568                UartDev::UartDev(unsigned int*)
                0x0000000000015568                UartDev::UartDev(unsigned int*)
 .text._ZN7CharDev5flushEv
                0x0000000000015590        0x4 obj//Users/akashv/Documents/Github/SJSU-Dev/firmware/lib/L2_Drivers/base/char_dev.o
                0x0000000000015590                CharDev::flush()
 .text._ZN7CharDevC2Ev
                0x0000000000015594       0x20 obj//Users/akashv/Documents/Github/SJSU-Dev/firmware/lib/L2_Drivers/base/char_dev.o
                0x0000000000015594                CharDev::CharDev()
                0x0000000000015594                CharDev::CharDev()
 .text._ZN7CharDevD2Ev
                0x00000000000155b4       0x18 obj//Users/akashv/Documents/Github/SJSU-Dev/firmware/lib/L2_Drivers/base/char_dev.o
                0x00000000000155b4                CharDev::~CharDev()
                0x00000000000155b4                CharDev::~CharDev()
 .text.RIT_IRQHandler
                0x00000000000155cc       0x1c obj//Users/akashv/Documents/Github/SJSU-Dev/firmware/lib/L2_Drivers/src/lpc_rit.o
                0x00000000000155cc                RIT_IRQHandler
 .text.rtc_gettime
                0x00000000000155e8       0x48 obj//Users/akashv/Documents/Github/SJSU-Dev/firmware/lib/L2_Drivers/src/rtc.o
                0x00000000000155e8                rtc_gettime
 .text.rtc_settime
                0x0000000000015630       0x68 obj//Users/akashv/Documents/Github/SJSU-Dev/firmware/lib/L2_Drivers/src/rtc.o
                0x0000000000015630                rtc_settime
 .text.rtc_init
                0x0000000000015698       0xd0 obj//Users/akashv/Documents/Github/SJSU-Dev/firmware/lib/L2_Drivers/src/rtc.o
                0x0000000000015698                rtc_init
 .text.handle_eint_list
                0x0000000000015768       0x2c obj//Users/akashv/Documents/Github/SJSU-Dev/firmware/lib/L2_Drivers/src/eint.o
 .text.eint3_enable.isra.0
                0x0000000000015794       0x38 obj//Users/akashv/Documents/Github/SJSU-Dev/firmware/lib/L2_Drivers/src/eint.o
 .text.EINT3_IRQHandler
                0x00000000000157cc       0x80 obj//Users/akashv/Documents/Github/SJSU-Dev/firmware/lib/L2_Drivers/src/eint.o
                0x00000000000157cc                EINT3_IRQHandler
 .text.eint3_enable_port0
                0x000000000001584c       0x30 obj//Users/akashv/Documents/Github/SJSU-Dev/firmware/lib/L2_Drivers/src/eint.o
                0x000000000001584c                eint3_enable_port0
 .text.adc0_start_conversion
                0x000000000001587c       0x24 obj//Users/akashv/Documents/Github/SJSU-Dev/firmware/lib/L2_Drivers/src/adc.o
 .text.ADC_IRQHandler
                0x00000000000158a0       0x48 obj//Users/akashv/Documents/Github/SJSU-Dev/firmware/lib/L2_Drivers/src/adc.o
                0x00000000000158a0                ADC_IRQHandler
 .text.adc0_init
                0x00000000000158e8       0x74 obj//Users/akashv/Documents/Github/SJSU-Dev/firmware/lib/L2_Drivers/src/adc.o
                0x00000000000158e8                adc0_init
 .text.adc0_get_reading
                0x000000000001595c       0x74 obj//Users/akashv/Documents/Github/SJSU-Dev/firmware/lib/L2_Drivers/src/adc.o
                0x000000000001595c                adc0_get_reading
 .text._ZN5Uart3D2Ev
                0x00000000000159d0       0x14 obj//Users/akashv/Documents/Github/SJSU-Dev/firmware/lib/L2_Drivers/src/uart3.o
                0x00000000000159d0                Uart3::~Uart3()
                0x00000000000159d0                Uart3::~Uart3()
 .text._ZN5Uart3D0Ev
                0x00000000000159e4       0x14 obj//Users/akashv/Documents/Github/SJSU-Dev/firmware/lib/L2_Drivers/src/uart3.o
                0x00000000000159e4                Uart3::~Uart3()
 .text._ZN5Uart3C2Ev
                0x00000000000159f8       0x1c obj//Users/akashv/Documents/Github/SJSU-Dev/firmware/lib/L2_Drivers/src/uart3.o
                0x00000000000159f8                Uart3::Uart3()
                0x00000000000159f8                Uart3::Uart3()
 .text.UART3_IRQHandler
                0x0000000000015a14       0x24 obj//Users/akashv/Documents/Github/SJSU-Dev/firmware/lib/L2_Drivers/src/uart3.o
                0x0000000000015a14                UART3_IRQHandler
 .text._ZN5Uart2D2Ev
                0x0000000000015a38       0x14 obj//Users/akashv/Documents/Github/SJSU-Dev/firmware/lib/L2_Drivers/src/uart2.o
                0x0000000000015a38                Uart2::~Uart2()
                0x0000000000015a38                Uart2::~Uart2()
 .text._ZN5Uart2D0Ev
                0x0000000000015a4c       0x14 obj//Users/akashv/Documents/Github/SJSU-Dev/firmware/lib/L2_Drivers/src/uart2.o
                0x0000000000015a4c                Uart2::~Uart2()
 .text._ZN5Uart2C2Ev
                0x0000000000015a60       0x1c obj//Users/akashv/Documents/Github/SJSU-Dev/firmware/lib/L2_Drivers/src/uart2.o
                0x0000000000015a60                Uart2::Uart2()
                0x0000000000015a60                Uart2::Uart2()
 .text.UART2_IRQHandler
                0x0000000000015a7c       0x24 obj//Users/akashv/Documents/Github/SJSU-Dev/firmware/lib/L2_Drivers/src/uart2.o
                0x0000000000015a7c                UART2_IRQHandler
 .text._ZN5Uart0D2Ev
                0x0000000000015aa0       0x14 obj//Users/akashv/Documents/Github/SJSU-Dev/firmware/lib/L2_Drivers/src/uart0.o
                0x0000000000015aa0                Uart0::~Uart0()
                0x0000000000015aa0                Uart0::~Uart0()
 .text._ZN5Uart0D0Ev
                0x0000000000015ab4       0x14 obj//Users/akashv/Documents/Github/SJSU-Dev/firmware/lib/L2_Drivers/src/uart0.o
                0x0000000000015ab4                Uart0::~Uart0()
 .text._ZN5Uart0C2Ev
                0x0000000000015ac8       0x1c obj//Users/akashv/Documents/Github/SJSU-Dev/firmware/lib/L2_Drivers/src/uart0.o
                0x0000000000015ac8                Uart0::Uart0()
                0x0000000000015ac8                Uart0::Uart0()
 .text.UART0_IRQHandler
                0x0000000000015ae4       0x24 obj//Users/akashv/Documents/Github/SJSU-Dev/firmware/lib/L2_Drivers/src/uart0.o
                0x0000000000015ae4                UART0_IRQHandler
 .text.ssp1_dma_init
                0x0000000000015b08       0x1c obj//Users/akashv/Documents/Github/SJSU-Dev/firmware/lib/L2_Drivers/src/spi_dma.o
                0x0000000000015b08                ssp1_dma_init
 .text.ssp1_dma_transfer_block
                0x0000000000015b24       0xc0 obj//Users/akashv/Documents/Github/SJSU-Dev/firmware/lib/L2_Drivers/src/spi_dma.o
                0x0000000000015b24                ssp1_dma_transfer_block
 .text.spi1_lock
                0x0000000000015be4       0x30 obj//Users/akashv/Documents/Github/SJSU-Dev/firmware/lib/L2_Drivers/src/spi_sem.o
                0x0000000000015be4                spi1_lock
 .text.spi1_unlock
                0x0000000000015c14       0x24 obj//Users/akashv/Documents/Github/SJSU-Dev/firmware/lib/L2_Drivers/src/spi_sem.o
                0x0000000000015c14                spi1_unlock
 .text.lpc_timer_get_struct
                0x0000000000015c38       0x20 obj//Users/akashv/Documents/Github/SJSU-Dev/firmware/lib/L2_Drivers/src/lpc_timers.o
 .text.lpc_timer_enable
                0x0000000000015c58       0x6c obj//Users/akashv/Documents/Github/SJSU-Dev/firmware/lib/L2_Drivers/src/lpc_timers.o
                0x0000000000015c58                lpc_timer_enable
 .text._ZN4I2C24initEj
                0x0000000000015cc4       0x6c obj//Users/akashv/Documents/Github/SJSU-Dev/firmware/lib/L2_Drivers/src/i2c2.o
                0x0000000000015cc4                I2C2::init(unsigned int)
 .text._ZN4I2C2C2Ev
                0x0000000000015d30       0x14 obj//Users/akashv/Documents/Github/SJSU-Dev/firmware/lib/L2_Drivers/src/i2c2.o
                0x0000000000015d30                I2C2::I2C2()
                0x0000000000015d30                I2C2::I2C2()
 .text.I2C2_IRQHandler
                0x0000000000015d44       0x28 obj//Users/akashv/Documents/Github/SJSU-Dev/firmware/lib/L2_Drivers/src/i2c2.o
                0x0000000000015d44                I2C2_IRQHandler
 .text.CAN_tx_now
                0x0000000000015d6c       0x32 obj//Users/akashv/Documents/Github/SJSU-Dev/firmware/lib/L2_Drivers/src/can.o
 *fill*         0x0000000000015d9e        0x2 ff
 .text.CAN_handle_isr
                0x0000000000015da0       0xa4 obj//Users/akashv/Documents/Github/SJSU-Dev/firmware/lib/L2_Drivers/src/can.o
 .text.CAN_IRQHandler
                0x0000000000015e44       0x28 obj//Users/akashv/Documents/Github/SJSU-Dev/firmware/lib/L2_Drivers/src/can.o
                0x0000000000015e44                CAN_IRQHandler
 .text.prvTaskExitError
                0x0000000000015e6c       0x12 obj//Users/akashv/Documents/Github/SJSU-Dev/firmware/lib/L1_FreeRTOS/portable/no_mpu/port.o
 *fill*         0x0000000000015e7e        0x2 ff
 .text.pxPortInitialiseStack
                0x0000000000015e80       0x24 obj//Users/akashv/Documents/Github/SJSU-Dev/firmware/lib/L1_FreeRTOS/portable/no_mpu/port.o
                0x0000000000015e80                pxPortInitialiseStack
 *fill*         0x0000000000015ea4        0xc ff
 .text.vPortSVCHandler
                0x0000000000015eb0       0x24 obj//Users/akashv/Documents/Github/SJSU-Dev/firmware/lib/L1_FreeRTOS/portable/no_mpu/port.o
                0x0000000000015eb0                vPortSVCHandler
 .text.vPortEnterCritical
                0x0000000000015ed4       0x20 obj//Users/akashv/Documents/Github/SJSU-Dev/firmware/lib/L1_FreeRTOS/portable/no_mpu/port.o
                0x0000000000015ed4                vPortEnterCritical
 .text.vPortExitCritical
                0x0000000000015ef4       0x14 obj//Users/akashv/Documents/Github/SJSU-Dev/firmware/lib/L1_FreeRTOS/portable/no_mpu/port.o
                0x0000000000015ef4                vPortExitCritical
 *fill*         0x0000000000015f08        0x8 ff
 .text.xPortPendSVHandler
                0x0000000000015f10       0x44 obj//Users/akashv/Documents/Github/SJSU-Dev/firmware/lib/L1_FreeRTOS/portable/no_mpu/port.o
                0x0000000000015f10                xPortPendSVHandler
 .text.xPortSysTickHandler
                0x0000000000015f54       0x2c obj//Users/akashv/Documents/Github/SJSU-Dev/firmware/lib/L1_FreeRTOS/portable/no_mpu/port.o
                0x0000000000015f54                xPortSysTickHandler
 .text.rts_not_full_trace_get
                0x0000000000015f80       0x14 obj//Users/akashv/Documents/Github/SJSU-Dev/firmware/lib/L1_FreeRTOS/portable/run_time_stats.o
                0x0000000000015f80                rts_not_full_trace_get
 .text.vApplicationStackOverflowHook
                0x0000000000015f94       0x38 obj//Users/akashv/Documents/Github/SJSU-Dev/firmware/lib/L1_FreeRTOS/hooks/hooks.o
                0x0000000000015f94                vApplicationStackOverflowHook
 .text.vApplicationMallocFailedHook
                0x0000000000015fcc       0x24 obj//Users/akashv/Documents/Github/SJSU-Dev/firmware/lib/L1_FreeRTOS/hooks/hooks.o
                0x0000000000015fcc                vApplicationMallocFailedHook
 .text.pvPortMalloc
                0x0000000000015ff0       0x1e obj//Users/akashv/Documents/Github/SJSU-Dev/firmware/lib/L1_FreeRTOS/MemMang/freertos_mem_man.o
                0x0000000000015ff0                pvPortMalloc
 .text.vPortFree
                0x000000000001600e       0x1a obj//Users/akashv/Documents/Github/SJSU-Dev/firmware/lib/L1_FreeRTOS/MemMang/freertos_mem_man.o
                0x000000000001600e                vPortFree
 .text.vListInitialise
                0x0000000000016028       0x16 obj//Users/akashv/Documents/Github/SJSU-Dev/firmware/lib/L1_FreeRTOS/src/list.o
                0x0000000000016028                vListInitialise
 .text.vListInitialiseItem
                0x000000000001603e        0x6 obj//Users/akashv/Documents/Github/SJSU-Dev/firmware/lib/L1_FreeRTOS/src/list.o
                0x000000000001603e                vListInitialiseItem
 .text.vListInsertEnd
                0x0000000000016044       0x18 obj//Users/akashv/Documents/Github/SJSU-Dev/firmware/lib/L1_FreeRTOS/src/list.o
                0x0000000000016044                vListInsertEnd
 .text.vListInsert
                0x000000000001605c       0x2e obj//Users/akashv/Documents/Github/SJSU-Dev/firmware/lib/L1_FreeRTOS/src/list.o
                0x000000000001605c                vListInsert
 .text.uxListRemove
                0x000000000001608a       0x20 obj//Users/akashv/Documents/Github/SJSU-Dev/firmware/lib/L1_FreeRTOS/src/list.o
                0x000000000001608a                uxListRemove
 .text.prvCopyDataToQueue
                0x00000000000160aa       0x66 obj//Users/akashv/Documents/Github/SJSU-Dev/firmware/lib/L1_FreeRTOS/src/queue.o
 .text.prvNotifyQueueSetContainer
                0x0000000000016110       0x4a obj//Users/akashv/Documents/Github/SJSU-Dev/firmware/lib/L1_FreeRTOS/src/queue.o
 .text.prvCopyDataFromQueue
                0x000000000001615a       0x28 obj//Users/akashv/Documents/Github/SJSU-Dev/firmware/lib/L1_FreeRTOS/src/queue.o
 .text.prvUnlockQueue
                0x0000000000016182       0x7e obj//Users/akashv/Documents/Github/SJSU-Dev/firmware/lib/L1_FreeRTOS/src/queue.o
 .text.xQueueGenericReset
                0x0000000000016200       0x6c obj//Users/akashv/Documents/Github/SJSU-Dev/firmware/lib/L1_FreeRTOS/src/queue.o
                0x0000000000016200                xQueueGenericReset
 .text.xQueueGenericCreate
                0x000000000001626c       0x32 obj//Users/akashv/Documents/Github/SJSU-Dev/firmware/lib/L1_FreeRTOS/src/queue.o
                0x000000000001626c                xQueueGenericCreate
 *fill*         0x000000000001629e        0x2 ff
 .text.xQueueGenericSend
                0x00000000000162a0      0x104 obj//Users/akashv/Documents/Github/SJSU-Dev/firmware/lib/L1_FreeRTOS/src/queue.o
                0x00000000000162a0                xQueueGenericSend
 .text.xQueueCreateMutex
                0x00000000000163a4       0x24 obj//Users/akashv/Documents/Github/SJSU-Dev/firmware/lib/L1_FreeRTOS/src/queue.o
                0x00000000000163a4                xQueueCreateMutex
 .text.xQueueGenericSendFromISR
                0x00000000000163c8       0x80 obj//Users/akashv/Documents/Github/SJSU-Dev/firmware/lib/L1_FreeRTOS/src/queue.o
                0x00000000000163c8                xQueueGenericSendFromISR
 .text.xQueueGiveFromISR
                0x0000000000016448       0x68 obj//Users/akashv/Documents/Github/SJSU-Dev/firmware/lib/L1_FreeRTOS/src/queue.o
                0x0000000000016448                xQueueGiveFromISR
 .text.xQueueGenericReceive
                0x00000000000164b0      0x134 obj//Users/akashv/Documents/Github/SJSU-Dev/firmware/lib/L1_FreeRTOS/src/queue.o
                0x00000000000164b0                xQueueGenericReceive
 .text.xQueueReceiveFromISR
                0x00000000000165e4       0x68 obj//Users/akashv/Documents/Github/SJSU-Dev/firmware/lib/L1_FreeRTOS/src/queue.o
                0x00000000000165e4                xQueueReceiveFromISR
 .text.uxQueueMessagesWaiting
                0x000000000001664c       0x12 obj//Users/akashv/Documents/Github/SJSU-Dev/firmware/lib/L1_FreeRTOS/src/queue.o
                0x000000000001664c                uxQueueMessagesWaiting
 .text.uxQueueMessagesWaitingFromISR
                0x000000000001665e        0x4 obj//Users/akashv/Documents/Github/SJSU-Dev/firmware/lib/L1_FreeRTOS/src/queue.o
                0x000000000001665e                uxQueueMessagesWaitingFromISR
 *fill*         0x0000000000016662        0x2 ff
 .text.prvResetNextTaskUnblockTime
                0x0000000000016664       0x24 obj//Users/akashv/Documents/Github/SJSU-Dev/firmware/lib/L1_FreeRTOS/src/tasks.o
 .text.prvAddCurrentTaskToDelayedList
                0x0000000000016688       0x8c obj//Users/akashv/Documents/Github/SJSU-Dev/firmware/lib/L1_FreeRTOS/src/tasks.o
 .text.xTaskCreate
                0x0000000000016714      0x1a4 obj//Users/akashv/Documents/Github/SJSU-Dev/firmware/lib/L1_FreeRTOS/src/tasks.o
                0x0000000000016714                xTaskCreate
 .text.vTaskSuspendAll
                0x00000000000168b8       0x10 obj//Users/akashv/Documents/Github/SJSU-Dev/firmware/lib/L1_FreeRTOS/src/tasks.o
                0x00000000000168b8                vTaskSuspendAll
 .text.xTaskGetTickCountFromISR
                0x00000000000168c8        0xc obj//Users/akashv/Documents/Github/SJSU-Dev/firmware/lib/L1_FreeRTOS/src/tasks.o
                0x00000000000168c8                xTaskGetTickCountFromISR
 .text.xTaskIncrementTick
                0x00000000000168d4      0x10c obj//Users/akashv/Documents/Github/SJSU-Dev/firmware/lib/L1_FreeRTOS/src/tasks.o
                0x00000000000168d4                xTaskIncrementTick
 .text.xTaskResumeAll
                0x00000000000169e0       0xd8 obj//Users/akashv/Documents/Github/SJSU-Dev/firmware/lib/L1_FreeRTOS/src/tasks.o
                0x00000000000169e0                xTaskResumeAll
 .text.vTaskDelay
                0x0000000000016ab8       0x30 obj//Users/akashv/Documents/Github/SJSU-Dev/firmware/lib/L1_FreeRTOS/src/tasks.o
                0x0000000000016ab8                vTaskDelay
 .text.vTaskSwitchContext
                0x0000000000016ae8       0xb8 obj//Users/akashv/Documents/Github/SJSU-Dev/firmware/lib/L1_FreeRTOS/src/tasks.o
                0x0000000000016ae8                vTaskSwitchContext
 .text.vTaskPlaceOnEventList
                0x0000000000016ba0       0x20 obj//Users/akashv/Documents/Github/SJSU-Dev/firmware/lib/L1_FreeRTOS/src/tasks.o
                0x0000000000016ba0                vTaskPlaceOnEventList
 .text.xTaskRemoveFromEventList
                0x0000000000016bc0       0x70 obj//Users/akashv/Documents/Github/SJSU-Dev/firmware/lib/L1_FreeRTOS/src/tasks.o
                0x0000000000016bc0                xTaskRemoveFromEventList
 .text.vTaskSetTimeOutState
                0x0000000000016c30       0x18 obj//Users/akashv/Documents/Github/SJSU-Dev/firmware/lib/L1_FreeRTOS/src/tasks.o
                0x0000000000016c30                vTaskSetTimeOutState
 .text.xTaskCheckForTimeOut
                0x0000000000016c48       0x4c obj//Users/akashv/Documents/Github/SJSU-Dev/firmware/lib/L1_FreeRTOS/src/tasks.o
                0x0000000000016c48                xTaskCheckForTimeOut
 .text.vTaskMissedYield
                0x0000000000016c94        0xc obj//Users/akashv/Documents/Github/SJSU-Dev/firmware/lib/L1_FreeRTOS/src/tasks.o
                0x0000000000016c94                vTaskMissedYield
 .text.xTaskGetSchedulerState
                0x0000000000016ca0       0x20 obj//Users/akashv/Documents/Github/SJSU-Dev/firmware/lib/L1_FreeRTOS/src/tasks.o
                0x0000000000016ca0                xTaskGetSchedulerState
 .text.vTaskPriorityInherit
                0x0000000000016cc0       0x90 obj//Users/akashv/Documents/Github/SJSU-Dev/firmware/lib/L1_FreeRTOS/src/tasks.o
                0x0000000000016cc0                vTaskPriorityInherit
 .text.xTaskPriorityDisinherit
                0x0000000000016d50       0x70 obj//Users/akashv/Documents/Github/SJSU-Dev/firmware/lib/L1_FreeRTOS/src/tasks.o
                0x0000000000016d50                xTaskPriorityDisinherit
 .text.pvTaskIncrementMutexHeldCount
                0x0000000000016dc0       0x18 obj//Users/akashv/Documents/Github/SJSU-Dev/firmware/lib/L1_FreeRTOS/src/tasks.o
                0x0000000000016dc0                pvTaskIncrementMutexHeldCount
 .text.vRunTimeStatIsrEntry
                0x0000000000016dd8       0x28 obj//Users/akashv/Documents/Github/SJSU-Dev/firmware/lib/L1_FreeRTOS/src/tasks.o
                0x0000000000016dd8                vRunTimeStatIsrEntry
 .text.vRunTimeStatIsrExit
                0x0000000000016e00       0x10 obj//Users/akashv/Documents/Github/SJSU-Dev/firmware/lib/L1_FreeRTOS/src/tasks.o
                0x0000000000016e00                vRunTimeStatIsrExit
 .text._ZN7Storage13getFlashDriveEv
                0x0000000000016e10       0x4c obj//Users/akashv/Documents/Github/SJSU-Dev/firmware/lib/L5_HighLevel/source/cmd_handlers/handlers.o
                0x0000000000016e10                Storage::getFlashDrive()
 .text._ZN17SingletonTemplateI4I2C2E11getInstanceEv
                0x0000000000016e5c       0x20 obj//Users/akashv/Documents/Github/SJSU-Dev/firmware/lib/L5_HighLevel/source/cmd_handlers/handlers.o
                0x0000000000016e5c                SingletonTemplate<I2C2>::getInstance()
 .text._ZN17SingletonTemplateI11LED_DisplayE11getInstanceEv
                0x0000000000016e7c       0x3c obj//Users/akashv/Documents/Github/SJSU-Dev/firmware/lib/L5_HighLevel/source/remote.o
                0x0000000000016e7c                SingletonTemplate<LED_Display>::getInstance()
 .text._ZL13hl_print_linev
                0x0000000000016eb8        0xc obj//Users/akashv/Documents/Github/SJSU-Dev/firmware/lib/L5_HighLevel/source/high_level_init.o
 .text.ssp_set_max_clock
                0x0000000000016ec4       0x2c obj//Users/akashv/Documents/Github/SJSU-Dev/firmware/lib/L5_HighLevel/source/high_level_init.o
 .text._ZL16hl_mount_storageR16FileSystemObjectPKc
                0x0000000000016ef0       0x90 obj//Users/akashv/Documents/Github/SJSU-Dev/firmware/lib/L5_HighLevel/source/high_level_init.o
 .text._ZN17SingletonTemplateI3LEDE11getInstanceEv
                0x0000000000016f80       0x1c obj//Users/akashv/Documents/Github/SJSU-Dev/firmware/lib/L5_HighLevel/source/high_level_init.o
                0x0000000000016f80                SingletonTemplate<LED>::getInstance()
 .text._ZN17SingletonTemplateI17TemperatureSensorE11getInstanceEv
                0x0000000000016f9c       0x28 obj//Users/akashv/Documents/Github/SJSU-Dev/firmware/lib/L5_HighLevel/source/high_level_init.o
                0x0000000000016f9c                SingletonTemplate<TemperatureSensor>::getInstance()
 .text._ZN17SingletonTemplateI12Light_SensorE11getInstanceEv
                0x0000000000016fc4       0x18 obj//Users/akashv/Documents/Github/SJSU-Dev/firmware/lib/L5_HighLevel/source/high_level_init.o
                0x0000000000016fc4                SingletonTemplate<Light_Sensor>::getInstance()
 .text._ZN17SingletonTemplateI8SwitchesE11getInstanceEv
                0x0000000000016fdc       0x18 obj//Users/akashv/Documents/Github/SJSU-Dev/firmware/lib/L5_HighLevel/source/high_level_init.o
                0x0000000000016fdc                SingletonTemplate<Switches>::getInstance()
 .text._Z15high_level_initv
                0x0000000000016ff4      0x560 obj//Users/akashv/Documents/Github/SJSU-Dev/firmware/lib/L5_HighLevel/source/high_level_init.o
                0x0000000000016ff4                high_level_init()
 .text._ZN17LabGPIOInterrupts4initEv
                0x0000000000017554       0x10 obj/L5_Application/LabGPIOInterrupts.o
                0x0000000000017554                LabGPIOInterrupts::init()
 .text._ZN17LabGPIOInterrupts16handle_interruptEv
                0x0000000000017564       0x88 obj/L5_Application/LabGPIOInterrupts.o
                0x0000000000017564                LabGPIOInterrupts::handle_interrupt()
 .text._ZN17LabGPIOInterrupts13setRisingEdgeEb
                0x00000000000175ec       0x24 obj/L5_Application/LabGPIOInterrupts.o
                0x00000000000175ec                LabGPIOInterrupts::setRisingEdge(bool)
 .text._ZN17LabGPIOInterrupts14setFallingEdgeEb
                0x0000000000017610       0x24 obj/L5_Application/LabGPIOInterrupts.o
                0x0000000000017610                LabGPIOInterrupts::setFallingEdge(bool)
 .text._ZN17LabGPIOInterrupts22attachInterruptHandlerEhhPFvvE20InterruptCondition_E
                0x0000000000017634       0x9c obj/L5_Application/LabGPIOInterrupts.o
                0x0000000000017634                LabGPIOInterrupts::attachInterruptHandler(unsigned char, unsigned char, void (*)(), InterruptCondition_E)
 .text._Z6printAv
                0x00000000000176d0        0xc obj/L5_Application/main.o
                0x00000000000176d0                printA()
 .text._Z5akashv
                0x00000000000176dc        0xc obj/L5_Application/main.o
                0x00000000000176dc                akash()
 .text.startup.main
                0x00000000000176e8       0x30 obj/L5_Application/main.o
                0x00000000000176e8                main
 .text._ZNK10__cxxabiv117__class_type_info11__do_upcastEPKS0_PPv
                0x0000000000017718       0x34 /Users/akashv/Documents/Github/SJSU-Dev/tools/gcc-arm-none-eabi-6-2017-q2-update/bin/../lib/gcc/arm-none-eabi/6.3.1/../../../../arm-none-eabi/lib/thumb/v7-m/libstdc++_nano.a(class_type_info.o)
                0x0000000000017718                __cxxabiv1::__class_type_info::__do_upcast(__cxxabiv1::__class_type_info const*, void**) const
 .text._ZNK10__cxxabiv117__class_type_info20__do_find_public_srcEiPKvPKS0_S2_
                0x000000000001774c        0xc /Users/akashv/Documents/Github/SJSU-Dev/tools/gcc-arm-none-eabi-6-2017-q2-update/bin/../lib/gcc/arm-none-eabi/6.3.1/../../../../arm-none-eabi/lib/thumb/v7-m/libstdc++_nano.a(class_type_info.o)
                0x000000000001774c                __cxxabiv1::__class_type_info::__do_find_public_src(int, void const*, __cxxabiv1::__class_type_info const*, void const*) const
 .text._ZN10__cxxabiv117__class_type_infoD2Ev
                0x0000000000017758       0x14 /Users/akashv/Documents/Github/SJSU-Dev/tools/gcc-arm-none-eabi-6-2017-q2-update/bin/../lib/gcc/arm-none-eabi/6.3.1/../../../../arm-none-eabi/lib/thumb/v7-m/libstdc++_nano.a(class_type_info.o)
                0x0000000000017758                __cxxabiv1::__class_type_info::~__class_type_info()
                0x0000000000017758                __cxxabiv1::__class_type_info::~__class_type_info()
 .text._ZN10__cxxabiv117__class_type_infoD0Ev
                0x000000000001776c       0x14 /Users/akashv/Documents/Github/SJSU-Dev/tools/gcc-arm-none-eabi-6-2017-q2-update/bin/../lib/gcc/arm-none-eabi/6.3.1/../../../../arm-none-eabi/lib/thumb/v7-m/libstdc++_nano.a(class_type_info.o)
                0x000000000001776c                __cxxabiv1::__class_type_info::~__class_type_info()
 .text._ZNK10__cxxabiv117__class_type_info11__do_upcastEPKS0_PKvRNS0_15__upcast_resultE
                0x0000000000017780       0x18 /Users/akashv/Documents/Github/SJSU-Dev/tools/gcc-arm-none-eabi-6-2017-q2-update/bin/../lib/gcc/arm-none-eabi/6.3.1/../../../../arm-none-eabi/lib/thumb/v7-m/libstdc++_nano.a(class_type_info.o)
                0x0000000000017780                __cxxabiv1::__class_type_info::__do_upcast(__cxxabiv1::__class_type_info const*, void const*, __cxxabiv1::__class_type_info::__upcast_result&) const
 .text._ZNK10__cxxabiv117__class_type_info10__do_catchEPKSt9type_infoPPvj
                0x0000000000017798       0x2a /Users/akashv/Documents/Github/SJSU-Dev/tools/gcc-arm-none-eabi-6-2017-q2-update/bin/../lib/gcc/arm-none-eabi/6.3.1/../../../../arm-none-eabi/lib/thumb/v7-m/libstdc++_nano.a(class_type_info.o)
                0x0000000000017798                __cxxabiv1::__class_type_info::__do_catch(std::type_info const*, void**, unsigned int) const
 .text._ZNK10__cxxabiv117__class_type_info12__do_dyncastEiNS0_10__sub_kindEPKS0_PKvS3_S5_RNS0_16__dyncast_resultE
                0x00000000000177c2       0x38 /Users/akashv/Documents/Github/SJSU-Dev/tools/gcc-arm-none-eabi-6-2017-q2-update/bin/../lib/gcc/arm-none-eabi/6.3.1/../../../../arm-none-eabi/lib/thumb/v7-m/libstdc++_nano.a(class_type_info.o)
                0x00000000000177c2                __cxxabiv1::__class_type_info::__do_dyncast(int, __cxxabiv1::__class_type_info::__sub_kind, __cxxabiv1::__class_type_info const*, void const*, __cxxabiv1::__class_type_info const*, void const*, __cxxabiv1::__class_type_info::__dyncast_result&) const
 .text._ZdlPvj  0x00000000000177fa        0x4 /Users/akashv/Documents/Github/SJSU-Dev/tools/gcc-arm-none-eabi-6-2017-q2-update/bin/../lib/gcc/arm-none-eabi/6.3.1/../../../../arm-none-eabi/lib/thumb/v7-m/libstdc++_nano.a(del_ops.o)
                0x00000000000177fa                operator delete(void*, unsigned int)
 .text.__cxa_guard_acquire
                0x00000000000177fe       0x18 /Users/akashv/Documents/Github/SJSU-Dev/tools/gcc-arm-none-eabi-6-2017-q2-update/bin/../lib/gcc/arm-none-eabi/6.3.1/../../../../arm-none-eabi/lib/thumb/v7-m/libstdc++_nano.a(guard.o)
                0x00000000000177fe                __cxa_guard_acquire
 .text.__cxa_guard_release
                0x0000000000017816        0x6 /Users/akashv/Documents/Github/SJSU-Dev/tools/gcc-arm-none-eabi-6-2017-q2-update/bin/../lib/gcc/arm-none-eabi/6.3.1/../../../../arm-none-eabi/lib/thumb/v7-m/libstdc++_nano.a(guard.o)
                0x0000000000017816                __cxa_guard_release
 .text.__cxa_pure_virtual
                0x000000000001781c        0x6 /Users/akashv/Documents/Github/SJSU-Dev/tools/gcc-arm-none-eabi-6-2017-q2-update/bin/../lib/gcc/arm-none-eabi/6.3.1/../../../../arm-none-eabi/lib/thumb/v7-m/libstdc++_nano.a(pure.o)
                0x000000000001781c                __cxa_pure_virtual
 *fill*         0x0000000000017822        0x2 ff
 .text._ZN10__cxxabiv120__si_class_type_infoD2Ev
                0x0000000000017824       0x14 /Users/akashv/Documents/Github/SJSU-Dev/tools/gcc-arm-none-eabi-6-2017-q2-update/bin/../lib/gcc/arm-none-eabi/6.3.1/../../../../arm-none-eabi/lib/thumb/v7-m/libstdc++_nano.a(si_class_type_info.o)
                0x0000000000017824                __cxxabiv1::__si_class_type_info::~__si_class_type_info()
                0x0000000000017824                __cxxabiv1::__si_class_type_info::~__si_class_type_info()
 .text._ZN10__cxxabiv120__si_class_type_infoD0Ev
                0x0000000000017838       0x14 /Users/akashv/Documents/Github/SJSU-Dev/tools/gcc-arm-none-eabi-6-2017-q2-update/bin/../lib/gcc/arm-none-eabi/6.3.1/../../../../arm-none-eabi/lib/thumb/v7-m/libstdc++_nano.a(si_class_type_info.o)
                0x0000000000017838                __cxxabiv1::__si_class_type_info::~__si_class_type_info()
 .text._ZNK10__cxxabiv120__si_class_type_info20__do_find_public_srcEiPKvPKNS_17__class_type_infoES2_
                0x000000000001784c       0x38 /Users/akashv/Documents/Github/SJSU-Dev/tools/gcc-arm-none-eabi-6-2017-q2-update/bin/../lib/gcc/arm-none-eabi/6.3.1/../../../../arm-none-eabi/lib/thumb/v7-m/libstdc++_nano.a(si_class_type_info.o)
                0x000000000001784c                __cxxabiv1::__si_class_type_info::__do_find_public_src(int, void const*, __cxxabiv1::__class_type_info const*, void const*) const
 .text._ZNK10__cxxabiv120__si_class_type_info12__do_dyncastEiNS_17__class_type_info10__sub_kindEPKS1_PKvS4_S6_RNS1_16__dyncast_resultE
                0x0000000000017884       0x7c /Users/akashv/Documents/Github/SJSU-Dev/tools/gcc-arm-none-eabi-6-2017-q2-update/bin/../lib/gcc/arm-none-eabi/6.3.1/../../../../arm-none-eabi/lib/thumb/v7-m/libstdc++_nano.a(si_class_type_info.o)
                0x0000000000017884                __cxxabiv1::__si_class_type_info::__do_dyncast(int, __cxxabiv1::__class_type_info::__sub_kind, __cxxabiv1::__class_type_info const*, void const*, __cxxabiv1::__class_type_info const*, void const*, __cxxabiv1::__class_type_info::__dyncast_result&) const
 .text._ZNK10__cxxabiv120__si_class_type_info11__do_upcastEPKNS_17__class_type_infoEPKvRNS1_15__upcast_resultE
                0x0000000000017900       0x2a /Users/akashv/Documents/Github/SJSU-Dev/tools/gcc-arm-none-eabi-6-2017-q2-update/bin/../lib/gcc/arm-none-eabi/6.3.1/../../../../arm-none-eabi/lib/thumb/v7-m/libstdc++_nano.a(si_class_type_info.o)
                0x0000000000017900                __cxxabiv1::__si_class_type_info::__do_upcast(__cxxabiv1::__class_type_info const*, void const*, __cxxabiv1::__class_type_info::__upcast_result&) const
 .text._ZNSt9type_infoD2Ev
                0x000000000001792a        0x2 /Users/akashv/Documents/Github/SJSU-Dev/tools/gcc-arm-none-eabi-6-2017-q2-update/bin/../lib/gcc/arm-none-eabi/6.3.1/../../../../arm-none-eabi/lib/thumb/v7-m/libstdc++_nano.a(tinfo.o)
                0x000000000001792a                std::type_info::~type_info()
                0x000000000001792a                std::type_info::~type_info()
 .text._ZNKSt9type_info15__is_function_pEv
                0x000000000001792c        0x4 /Users/akashv/Documents/Github/SJSU-Dev/tools/gcc-arm-none-eabi-6-2017-q2-update/bin/../lib/gcc/arm-none-eabi/6.3.1/../../../../arm-none-eabi/lib/thumb/v7-m/libstdc++_nano.a(tinfo.o)
                0x000000000001792c                std::type_info::__is_function_p() const
                0x000000000001792c                std::type_info::__is_pointer_p() const
 .text._ZNKSt9type_infoeqERKS_
                0x0000000000017930       0x2c /Users/akashv/Documents/Github/SJSU-Dev/tools/gcc-arm-none-eabi-6-2017-q2-update/bin/../lib/gcc/arm-none-eabi/6.3.1/../../../../arm-none-eabi/lib/thumb/v7-m/libstdc++_nano.a(tinfo.o)
                0x0000000000017930                std::type_info::operator==(std::type_info const&) const
 .text._ZN10__cxxabiv121__vmi_class_type_infoD2Ev
                0x000000000001795c       0x14 /Users/akashv/Documents/Github/SJSU-Dev/tools/gcc-arm-none-eabi-6-2017-q2-update/bin/../lib/gcc/arm-none-eabi/6.3.1/../../../../arm-none-eabi/lib/thumb/v7-m/libstdc++_nano.a(vmi_class_type_info.o)