Archive member included to satisfy reference by file (symbol)

/Users/akashv/Documents/Github/SJSU-Dev/tools/gcc-arm-none-eabi-6-2017-q2-update/bin/../lib/gcc/arm-none-eabi/6.3.1/../../../../arm-none-eabi/lib/thumb/v7-m/libstdc++_nano.a(class_type_info.o)
                              obj//Users/akashv/Documents/Github/SJSU-Dev/firmware/lib/L3_Utils/src/scheduler_task.o (vtable for __cxxabiv1::__class_type_info)
/Users/akashv/Documents/Github/SJSU-Dev/tools/gcc-arm-none-eabi-6-2017-q2-update/bin/../lib/gcc/arm-none-eabi/6.3.1/../../../../arm-none-eabi/lib/thumb/v7-m/libstdc++_nano.a(del_ops.o)
                              obj//Users/akashv/Documents/Github/SJSU-Dev/firmware/lib/L3_Utils/src/str.o (operator delete(void*, unsigned int))
/Users/akashv/Documents/Github/SJSU-Dev/tools/gcc-arm-none-eabi-6-2017-q2-update/bin/../lib/gcc/arm-none-eabi/6.3.1/../../../../arm-none-eabi/lib/thumb/v7-m/libstdc++_nano.a(guard.o)
                              obj//Users/akashv/Documents/Github/SJSU-Dev/firmware/lib/L5_HighLevel/source/cmd_handlers/handlers.o (__cxa_guard_acquire)
/Users/akashv/Documents/Github/SJSU-Dev/tools/gcc-arm-none-eabi-6-2017-q2-update/bin/../lib/gcc/arm-none-eabi/6.3.1/../../../../arm-none-eabi/lib/thumb/v7-m/libstdc++_nano.a(pure.o)
                              obj//Users/akashv/Documents/Github/SJSU-Dev/firmware/lib/L3_Utils/src/scheduler_task.o (__cxa_pure_virtual)
/Users/akashv/Documents/Github/SJSU-Dev/tools/gcc-arm-none-eabi-6-2017-q2-update/bin/../lib/gcc/arm-none-eabi/6.3.1/../../../../arm-none-eabi/lib/thumb/v7-m/libstdc++_nano.a(si_class_type_info.o)
                              obj//Users/akashv/Documents/Github/SJSU-Dev/firmware/lib/L2_Drivers/base/uart_dev.o (vtable for __cxxabiv1::__si_class_type_info)
/Users/akashv/Documents/Github/SJSU-Dev/tools/gcc-arm-none-eabi-6-2017-q2-update/bin/../lib/gcc/arm-none-eabi/6.3.1/../../../../arm-none-eabi/lib/thumb/v7-m/libstdc++_nano.a(tinfo.o)
                              /Users/akashv/Documents/Github/SJSU-Dev/tools/gcc-arm-none-eabi-6-2017-q2-update/bin/../lib/gcc/arm-none-eabi/6.3.1/../../../../arm-none-eabi/lib/thumb/v7-m/libstdc++_nano.a(class_type_info.o) (std::type_info::~type_info())
/Users/akashv/Documents/Github/SJSU-Dev/tools/gcc-arm-none-eabi-6-2017-q2-update/bin/../lib/gcc/arm-none-eabi/6.3.1/../../../../arm-none-eabi/lib/thumb/v7-m/libstdc++_nano.a(vmi_class_type_info.o)
                              obj//Users/akashv/Documents/Github/SJSU-Dev/firmware/lib/L2_Drivers/src/uart3.o (vtable for __cxxabiv1::__vmi_class_type_info)
/Users/akashv/Documents/Github/SJSU-Dev/tools/gcc-arm-none-eabi-6-2017-q2-update/bin/../lib/gcc/arm-none-eabi/6.3.1/../../../../arm-none-eabi/lib/thumb/v7-m/libstdc++_nano.a(eh_terminate.o)
                              /Users/akashv/Documents/Github/SJSU-Dev/tools/gcc-arm-none-eabi-6-2017-q2-update/bin/../lib/gcc/arm-none-eabi/6.3.1/../../../../arm-none-eabi/lib/thumb/v7-m/libstdc++_nano.a(pure.o) (std::terminate())
/Users/akashv/Documents/Github/SJSU-Dev/tools/gcc-arm-none-eabi-6-2017-q2-update/bin/../lib/gcc/arm-none-eabi/6.3.1/../../../../arm-none-eabi/lib/thumb/v7-m/libstdc++_nano.a(eh_unex_handler.o)
                              /Users/akashv/Documents/Github/SJSU-Dev/tools/gcc-arm-none-eabi-6-2017-q2-update/bin/../lib/gcc/arm-none-eabi/6.3.1/../../../../arm-none-eabi/lib/thumb/v7-m/libstdc++_nano.a(eh_terminate.o) (__cxxabiv1::__unexpected_handler)
/Users/akashv/Documents/Github/SJSU-Dev/tools/gcc-arm-none-eabi-6-2017-q2-update/bin/../lib/gcc/arm-none-eabi/6.3.1/../../../../arm-none-eabi/lib/thumb/v7-m/libstdc++_nano.a(eh_term_handler.o)
                              /Users/akashv/Documents/Github/SJSU-Dev/tools/gcc-arm-none-eabi-6-2017-q2-update/bin/../lib/gcc/arm-none-eabi/6.3.1/../../../../arm-none-eabi/lib/thumb/v7-m/libstdc++_nano.a(eh_terminate.o) (__cxxabiv1::__terminate_handler)
/Users/akashv/Documents/Github/SJSU-Dev/tools/gcc-arm-none-eabi-6-2017-q2-update/bin/../lib/gcc/arm-none-eabi/6.3.1/thumb/v7-m/libgcc.a(_ashldi3.o)
                              obj//Users/akashv/Documents/Github/SJSU-Dev/firmware/lib/L0_LowLevel/source/lpc_peripherals.o (__aeabi_llsl)
/Users/akashv/Documents/Github/SJSU-Dev/tools/gcc-arm-none-eabi-6-2017-q2-update/bin/../lib/gcc/arm-none-eabi/6.3.1/thumb/v7-m/libgcc.a(_arm_addsubdf3.o)
                              obj//Users/akashv/Documents/Github/SJSU-Dev/firmware/lib/L0_LowLevel/source/uart0_min.o (__aeabi_dadd)
/Users/akashv/Documents/Github/SJSU-Dev/tools/gcc-arm-none-eabi-6-2017-q2-update/bin/../lib/gcc/arm-none-eabi/6.3.1/thumb/v7-m/libgcc.a(_arm_fixunsdfsi.o)
                              obj//Users/akashv/Documents/Github/SJSU-Dev/firmware/lib/L0_LowLevel/source/uart0_min.o (__aeabi_d2uiz)
/Users/akashv/Documents/Github/SJSU-Dev/tools/gcc-arm-none-eabi-6-2017-q2-update/bin/../lib/gcc/arm-none-eabi/6.3.1/thumb/v7-m/libgcc.a(_arm_truncdfsf2.o)
[...]
Memory Configuration

Name             Origin             Length             Attributes
FLASH            0x0000000000010000 0x0000000000070000 xr
SRAM             0x0000000010000000 0x0000000000008000 xrw
SRAM_AHB         0x000000002007c000 0x0000000000008000 xrw
*default*        0x0000000000000000 0xffffffffffffffff

Linker script and memory map

LOAD bin/firmware.sym.o
LOAD obj//Users/akashv/Documents/Github/SJSU-Dev/firmware/lib/L0_LowLevel/source/low_level_init.o
LOAD obj//Users/akashv/Documents/Github/SJSU-Dev/firmware/lib/L0_LowLevel/source/lpc_sys.o
LOAD obj//Users/akashv/Documents/Github/SJSU-Dev/firmware/lib/L0_LowLevel/source/startup.o
LOAD obj//Users/akashv/Documents/Github/SJSU-Dev/firmware/lib/L0_LowLevel/source/sys_clock.o
LOAD obj//Users/akashv/Documents/Github/SJSU-Dev/firmware/lib/L0_LowLevel/source/uart0_min.o
LOAD obj//Users/akashv/Documents/Github/SJSU-Dev/firmware/lib/L0_LowLevel/source/core_cm3.o
LOAD obj//Users/akashv/Documents/Github/SJSU-Dev/firmware/lib/L0_LowLevel/source/lpc_peripherals.o
LOAD obj//Users/akashv/Documents/Github/SJSU-Dev/firmware/lib/L4_IO/wireless/src/nrf24L01Plus.o
LOAD obj//Users/akashv/Documents/Github/SJSU-Dev/firmware/lib/L4_IO/wireless/src/wireless.o
LOAD obj//Users/akashv/Documents/Github/SJSU-Dev/firmware/lib/L4_IO/wireless/src/mesh.o
LOAD obj//Users/akashv/Documents/Github/SJSU-Dev/firmware/lib/L4_IO/fat/ff.o
LOAD obj//Users/akashv/Documents/Github/SJSU-Dev/firmware/lib/L4_IO/fat/option/reentrant.o
LOAD obj//Users/akashv/Documents/Github/SJSU-Dev/firmware/lib/L4_IO/fat/option/ccsbcs.o
LOAD obj//Users/akashv/Documents/Github/SJSU-Dev/firmware/lib/L4_IO/fat/disk/sd.o
LOAD obj//Users/akashv/Documents/Github/SJSU-Dev/firmware/lib/L4_IO/fat/disk/diskio.o
LOAD obj//Users/akashv/Documents/Github/SJSU-Dev/firmware/lib/L4_IO/fat/disk/spi_flash.o
LOAD obj//Users/akashv/Documents/Github/SJSU-Dev/firmware/lib/L4_IO/fat/fatfs_time.o
LOAD obj//Users/akashv/Documents/Github/SJSU-Dev/firmware/lib/L4_IO/src/gpio.o
LOAD obj//Users/akashv/Documents/Github/SJSU-Dev/firmware/lib/L4_IO/src/storage.o
LOAD obj//Users/akashv/Documents/Github/SJSU-Dev/firmware/lib/L4_IO/src/io_source.o
LOAD obj//Users/akashv/Documents/Github/SJSU-Dev/firmware/lib/L3_Utils/tlm/src/c_tlm_stream.o
LOAD obj//Users/akashv/Documents/Github/SJSU-Dev/firmware/lib/L3_Utils/tlm/src/c_tlm_comp.o
LOAD obj//Users/akashv/Documents/Github/SJSU-Dev/firmware/lib/L3_Utils/tlm/src/c_tlm_var.o
LOAD obj//Users/akashv/Documents/Github/SJSU-Dev/firmware/lib/L3_Utils/tlm/src/c_tlm_binary.o
LOAD obj//Users/akashv/Documents/Github/SJSU-Dev/firmware/lib/L3_Utils/src/c_list.o
LOAD obj//Users/akashv/Documents/Github/SJSU-Dev/firmware/lib/L3_Utils/src/command_handler.o
LOAD obj//Users/akashv/Documents/Github/SJSU-Dev/firmware/lib/L3_Utils/src/scheduler_task.o
LOAD obj//Users/akashv/Documents/Github/SJSU-Dev/firmware/lib/L3_Utils/src/file_logger.o
LOAD obj//Users/akashv/Documents/Github/SJSU-Dev/firmware/lib/L3_Utils/src/freertos_timer.o
LOAD obj//Users/akashv/Documents/Github/SJSU-Dev/firmware/lib/L3_Utils/src/printf_lib.o
LOAD obj//Users/akashv/Documents/Github/SJSU-Dev/firmware/lib/L3_Utils/src/rtc_alarm.o
LOAD obj//Users/akashv/Documents/Github/SJSU-Dev/firmware/lib/L3_Utils/src/utilities.o
LOAD obj//Users/akashv/Documents/Github/SJSU-Dev/firmware/lib/L3_Utils/src/str.o
LOAD obj//Users/akashv/Documents/Github/SJSU-Dev/firmware/lib/newlib/memory.o
LOAD obj//Users/akashv/Documents/Github/SJSU-Dev/firmware/lib/newlib/malloc_lock.o
LOAD obj//Users/akashv/Documents/Github/SJSU-Dev/firmware/lib/newlib/newlib_time.o
LOAD obj//Users/akashv/Documents/Github/SJSU-Dev/firmware/lib/newlib/newlib_syscalls.o
LOAD obj//Users/akashv/Documents/Github/SJSU-Dev/firmware/lib/L2_Drivers/base/i2c_base.o
LOAD obj//Users/akashv/Documents/Github/SJSU-Dev/firmware/lib/L2_Drivers/base/uart_dev.o
LOAD obj//Users/akashv/Documents/Github/SJSU-Dev/firmware/lib/L2_Drivers/base/char_dev.o
LOAD obj//Users/akashv/Documents/Github/SJSU-Dev/firmware/lib/L2_Drivers/src/lpc_rit.o
LOAD obj//Users/akashv/Documents/Github/SJSU-Dev/firmware/lib/L2_Drivers/src/rtc.o
LOAD obj//Users/akashv/Documents/Github/SJSU-Dev/firmware/lib/L2_Drivers/src/lpc_pwm.o
LOAD obj//Users/akashv/Documents/Github/SJSU-Dev/firmware/lib/L2_Drivers/src/eint.o
LOAD obj//Users/akashv/Documents/Github/SJSU-Dev/firmware/lib/L2_Drivers/src/adc.o
LOAD obj//Users/akashv/Documents/Github/SJSU-Dev/firmware/lib/L2_Drivers/src/uart3.o
LOAD obj//Users/akashv/Documents/Github/SJSU-Dev/firmware/lib/L2_Drivers/src/uart2.o
LOAD obj//Users/akashv/Documents/Github/SJSU-Dev/firmware/lib/L2_Drivers/src/nrf_stream.o
LOAD obj//Users/akashv/Documents/Github/SJSU-Dev/firmware/lib/L2_Drivers/src/uart0.o
LOAD obj//Users/akashv/Documents/Github/SJSU-Dev/firmware/lib/L2_Drivers/src/spi_dma.o
LOAD obj//Users/akashv/Documents/Github/SJSU-Dev/firmware/lib/L2_Drivers/src/spi_sem.o
LOAD obj//Users/akashv/Documents/Github/SJSU-Dev/firmware/lib/L2_Drivers/src/lpc_timers.o
LOAD obj//Users/akashv/Documents/Github/SJSU-Dev/firmware/lib/L2_Drivers/src/i2c2.o
LOAD obj//Users/akashv/Documents/Github/SJSU-Dev/firmware/lib/L2_Drivers/src/can.o
LOAD obj//Users/akashv/Documents/Github/SJSU-Dev/firmware/lib/L1_FreeRTOS/trace/trcBase.o
LOAD obj//Users/akashv/Documents/Github/SJSU-Dev/firmware/lib/L1_FreeRTOS/trace/trcUser.o
LOAD obj//Users/akashv/Documents/Github/SJSU-Dev/firmware/lib/L1_FreeRTOS/trace/trcKernelPort.o
LOAD obj//Users/akashv/Documents/Github/SJSU-Dev/firmware/lib/L1_FreeRTOS/trace/trcKernel.o
LOAD obj//Users/akashv/Documents/Github/SJSU-Dev/firmware/lib/L1_FreeRTOS/trace/trcHardwarePort.o
LOAD obj//Users/akashv/Documents/Github/SJSU-Dev/firmware/lib/L1_FreeRTOS/trace/run_time_counter.o
LOAD obj//Users/akashv/Documents/Github/SJSU-Dev/firmware/lib/L1_FreeRTOS/portable/no_mpu/port.o
LOAD obj//Users/akashv/Documents/Github/SJSU-Dev/firmware/lib/L1_FreeRTOS/portable/run_time_stats.o
LOAD obj//Users/akashv/Documents/Github/SJSU-Dev/firmware/lib/L1_FreeRTOS/hooks/hooks.o
LOAD obj//Users/akashv/Documents/Github/SJSU-Dev/firmware/lib/L1_FreeRTOS/MemMang/freertos_mem_man.o
LOAD obj//Users/akashv/Documents/Github/SJSU-Dev/firmware/lib/L1_FreeRTOS/src/list.o
LOAD obj//Users/akashv/Documents/Github/SJSU-Dev/firmware/lib/L1_FreeRTOS/src/queue.o
LOAD obj//Users/akashv/Documents/Github/SJSU-Dev/firmware/lib/L1_FreeRTOS/src/timers.o
LOAD obj//Users/akashv/Documents/Github/SJSU-Dev/firmware/lib/L1_FreeRTOS/src/tasks.o
LOAD obj//Users/akashv/Documents/Github/SJSU-Dev/firmware/lib/L1_FreeRTOS/src/event_groups.o
LOAD obj//Users/akashv/Documents/Github/SJSU-Dev/firmware/lib/L1_FreeRTOS/src/croutine.o
LOAD obj//Users/akashv/Documents/Github/SJSU-Dev/firmware/lib/L5_HighLevel/source/cmd_handlers/handlers.o
LOAD obj//Users/akashv/Documents/Github/SJSU-Dev/firmware/lib/L5_HighLevel/source/cmd_handlers/my_commands.o
LOAD obj//Users/akashv/Documents/Github/SJSU-Dev/firmware/lib/L5_HighLevel/source/cmd_handlers/wireless_handlers.o
LOAD obj//Users/akashv/Documents/Github/SJSU-Dev/firmware/lib/L5_HighLevel/source/cmd_handlers/prog_handlers.o
LOAD obj//Users/akashv/Documents/Github/SJSU-Dev/firmware/lib/L5_HighLevel/source/terminal.o
LOAD obj//Users/akashv/Documents/Github/SJSU-Dev/firmware/lib/L5_HighLevel/source/remote.o
LOAD obj//Users/akashv/Documents/Github/SJSU-Dev/firmware/lib/L5_HighLevel/source/high_level_init.o
LOAD obj//Users/akashv/Documents/Github/SJSU-Dev/firmware/lib/L5_HighLevel/periodic_scheduler/prd_dispatcher.o
LOAD obj//Users/akashv/Documents/Github/SJSU-Dev/firmware/lib/L5_HighLevel/examples/examples.o
LOAD obj//Users/akashv/Documents/Github/SJSU-Dev/firmware/lib/L5_HighLevel/examples/rn_xv_task.o
LOAD obj/L5_Application/main.o
LOAD /Users/akashv/Documents/Github/SJSU-Dev/tools/gcc-arm-none-eabi-6-2017-q2-update/bin/../lib/gcc/arm-none-eabi/6.3.1/../../../../arm-none-eabi/lib/thumb/v7-m/libstdc++_nano.a
LOAD /Users/akashv/Documents/Github/SJSU-Dev/tools/gcc-arm-none-eabi-6-2017-q2-update/bin/../lib/gcc/arm-none-eabi/6.3.1/../../../../arm-none-eabi/lib/thumb/v7-m/libm.a
START GROUP
LOAD /Users/akashv/Documents/Github/SJSU-Dev/tools/gcc-arm-none-eabi-6-2017-q2-update/bin/../lib/gcc/arm-none-eabi/6.3.1/thumb/v7-m/libgcc.a
LOAD /Users/akashv/Documents/Github/SJSU-Dev/tools/gcc-arm-none-eabi-6-2017-q2-update/bin/../lib/gcc/arm-none-eabi/6.3.1/../../../../arm-none-eabi/lib/thumb/v7-m/libc_nano.a
END GROUP
START GROUP
LOAD /Users/akashv/Documents/Github/SJSU-Dev/tools/gcc-arm-none-eabi-6-2017-q2-update/bin/../lib/gcc/arm-none-eabi/6.3.1/thumb/v7-m/libgcc.a
LOAD /Users/akashv/Documents/Github/SJSU-Dev/tools/gcc-arm-none-eabi-6-2017-q2-update/bin/../lib/gcc/arm-none-eabi/6.3.1/../../../../arm-none-eabi/lib/thumb/v7-m/libc_nano.a
END GROUP

.text           0x0000000000010000    0x1b78e
 FILL mask 0xff
 *(.isr_vector)
 .isr_vector    0x0000000000010000       0xcc obj//Users/akashv/Documents/Github/SJSU-Dev/firmware/lib/L0_LowLevel/source/startup.o
                0x0000000000010000                g_pfnVectors
                0x00000000000100cc                . = ALIGN (0x4)
                0x00000000000100cc                __section_table_start = .
                0x00000000000100cc                __data_section_table = .
                0x00000000000100cc        0x4 LONG 0x2b798 LOADADDR (.data)
                0x00000000000100d0        0x4 LONG 0x2007c000 ADDR (.data)
                0x00000000000100d4        0x4 LONG 0x2fc SIZEOF (.data)
                0x00000000000100d8                __data_section_table_end = .
                0x00000000000100d8                __bss_section_table = .
                0x00000000000100d8        0x4 LONG 0x2007c300 ADDR (.bss)
                0x00000000000100dc        0x4 LONG 0x4f8 SIZEOF (.bss)
                0x00000000000100e0                __bss_section_table_end = .
                0x00000000000100e0                __section_table_end = .
 *(.after_vectors*)
 .after_vectors
                0x00000000000100e0      0x120 obj//Users/akashv/Documents/Github/SJSU-Dev/firmware/lib/L0_LowLevel/source/startup.o
                0x00000000000100e0                isr_hard_fault
                0x00000000000100fa                isr_nmi
                0x0000000000010108                isr_mem_fault
                0x0000000000010118                isr_bus_fault
                0x0000000000010128                isr_usage_fault
                0x0000000000010138                isr_debug_mon
                0x0000000000010148                TIMER3_IRQHandler
                0x0000000000010148                PLL0_IRQHandler
                0x0000000000010148                PLL1_IRQHandler
                0x0000000000010148                SSP0_IRQHandler
                0x0000000000010148                CANAct_IRQHandler
                0x0000000000010148                I2S_IRQHandler
                0x0000000000010148                TIMER0_IRQHandler
                0x0000000000010148                SPI_IRQHandler
                0x0000000000010148                EINT1_IRQHandler
                0x0000000000010148                isr_default_handler
                0x0000000000010148                SSP1_IRQHandler
                0x0000000000010148                USB_IRQHandler
                0x0000000000010148                BOD_IRQHandler
                0x0000000000010148                TIMER2_IRQHandler
                0x0000000000010148                I2C0_IRQHandler
                0x0000000000010148                PWM1_IRQHandler
                0x0000000000010148                I2C1_IRQHandler
                0x0000000000010148                EINT2_IRQHandler
                0x0000000000010148                UART1_IRQHandler
                0x0000000000010148                DMA_IRQHandler
                0x0000000000010148                MCPWM_IRQHandler
                0x0000000000010148                ENET_IRQHandler
                0x0000000000010148                USBAct_IRQHandler
                0x0000000000010148                WDT_IRQHandler
                0x0000000000010148                QEI_IRQHandler
                0x0000000000010148                EINT0_IRQHandler
                0x0000000000010158                isr_sys_tick
                0x000000000001016a                data_init(unsigned int, unsigned int, unsigned int)
                0x0000000000010180                bss_init(unsigned int, unsigned int)
                0x0000000000010194                isr_reset
 *(.text*)
 .text.sys_get_boot_type
                0x0000000000010200        0xc obj//Users/akashv/Documents/Github/SJSU-Dev/firmware/lib/L0_LowLevel/source/low_level_init.o
                0x0000000000010200                sys_get_boot_type
 .text.sys_get_boot_time
                0x000000000001020c       0x14 obj//Users/akashv/Documents/Github/SJSU-Dev/firmware/lib/L0_LowLevel/source/low_level_init.o
                0x000000000001020c                sys_get_boot_time
 .text._Z14low_level_initv
                0x0000000000010220      0x228 obj//Users/akashv/Documents/Github/SJSU-Dev/firmware/lib/L0_LowLevel/source/low_level_init.o
                0x0000000000010220                low_level_init()
 .text.lpc_sys_setup_system_timer
                0x0000000000010448       0x54 obj//Users/akashv/Documents/Github/SJSU-Dev/firmware/lib/L0_LowLevel/source/lpc_sys.o
                0x0000000000010448                lpc_sys_setup_system_timer
 .text.sys_get_uptime_us
                0x000000000001049c       0x2c obj//Users/akashv/Documents/Github/SJSU-Dev/firmware/lib/L0_LowLevel/source/lpc_sys.o
                0x000000000001049c                sys_get_uptime_us
 .text.sys_get_mem_info_str
                0x00000000000104c8       0x38 obj//Users/akashv/Documents/Github/SJSU-Dev/firmware/lib/L0_LowLevel/source/lpc_sys.o
                0x00000000000104c8                sys_get_mem_info_str
 .text._ZN17SingletonTemplateI9IR_SensorE11getInstanceEv
                0x0000000000010500       0x18 obj//Users/akashv/Documents/Github/SJSU-Dev/firmware/lib/L0_LowLevel/source/lpc_sys.o
                0x0000000000010500                SingletonTemplate<IR_Sensor>::getInstance()
 .text.TIMER1_IRQHandler
                0x0000000000010518       0xbc obj//Users/akashv/Documents/Github/SJSU-Dev/firmware/lib/L0_LowLevel/source/lpc_sys.o
                0x0000000000010518                TIMER1_IRQHandler
 .text.isr_forwarder_routine
                0x00000000000105d4       0x3c obj//Users/akashv/Documents/Github/SJSU-Dev/firmware/lib/L0_LowLevel/source/startup.o
 .text.isr_hard_fault_handler
                0x0000000000010610       0x58 obj//Users/akashv/Documents/Github/SJSU-Dev/firmware/lib/L0_LowLevel/source/startup.o
                0x0000000000010610                isr_hard_fault_handler
 .text._ZL19sys_clock_pll0_feedv
                0x0000000000010668       0x14 obj//Users/akashv/Documents/Github/SJSU-Dev/firmware/lib/L0_LowLevel/source/sys_clock.o
 .text._ZL23sys_clock_configure_plljjPiS_S_.constprop.0
                0x000000000001067c       0x78 obj//Users/akashv/Documents/Github/SJSU-Dev/firmware/lib/L0_LowLevel/source/sys_clock.o
 .text._Z19sys_clock_configurev
                0x00000000000106f4       0xb4 obj//Users/akashv/Documents/Github/SJSU-Dev/firmware/lib/L0_LowLevel/source/sys_clock.o
                0x00000000000106f4                sys_clock_configure()
 .text.sys_get_cpu_clock
                0x00000000000107a8       0xa8 obj//Users/akashv/Documents/Github/SJSU-Dev/firmware/lib/L0_LowLevel/source/sys_clock.o
                0x00000000000107a8                sys_get_cpu_clock
 .text.uart0_init
                0x0000000000010850       0x60 obj//Users/akashv/Documents/Github/SJSU-Dev/firmware/lib/L0_LowLevel/source/uart0_min.o
                0x0000000000010850                uart0_init
 .text.uart0_getchar
                0x00000000000108b0       0x18 obj//Users/akashv/Documents/Github/SJSU-Dev/firmware/lib/L0_LowLevel/source/uart0_min.o
                0x00000000000108b0                uart0_getchar
 .text.uart0_putchar
                0x00000000000108c8       0x18 obj//Users/akashv/Documents/Github/SJSU-Dev/firmware/lib/L0_LowLevel/source/uart0_min.o
                0x00000000000108c8                uart0_putchar
 .text.uart0_puts
                0x00000000000108e0       0x1a obj//Users/akashv/Documents/Github/SJSU-Dev/firmware/lib/L0_LowLevel/source/uart0_min.o
                0x00000000000108e0                uart0_puts
 .text.__set_PSP
                0x00000000000108fa        0x6 obj//Users/akashv/Documents/Github/SJSU-Dev/firmware/lib/L0_LowLevel/source/core_cm3.o
                0x00000000000108fa                __set_PSP
 .text.__set_MSP
                0x0000000000010900        0x6 obj//Users/akashv/Documents/Github/SJSU-Dev/firmware/lib/L0_LowLevel/source/core_cm3.o
                0x0000000000010900                __set_MSP
 .text.__set_BASEPRI
                0x0000000000010906        0x6 obj//Users/akashv/Documents/Github/SJSU-Dev/firmware/lib/L0_LowLevel/source/core_cm3.o
                0x0000000000010906                __set_BASEPRI
 .text.lpc_pconp
                0x000000000001090c       0x34 obj//Users/akashv/Documents/Github/SJSU-Dev/firmware/lib/L0_LowLevel/source/lpc_peripherals.o
                0x000000000001090c                lpc_pconp
 .text.lpc_pclk
                0x0000000000010940       0x48 obj//Users/akashv/Documents/Github/SJSU-Dev/firmware/lib/L0_LowLevel/source/lpc_peripherals.o
                0x0000000000010940                lpc_pclk
 .text.nordic_transfer
                0x0000000000010988       0xe8 obj//Users/akashv/Documents/Github/SJSU-Dev/firmware/lib/L4_IO/wireless/src/nrf24L01Plus.o
 .text.nordic_readRegister
                0x0000000000010a70       0x20 obj//Users/akashv/Documents/Github/SJSU-Dev/firmware/lib/L4_IO/wireless/src/nrf24L01Plus.o
 .text.nordic_writeRegister
                0x0000000000010a90       0x1e obj//Users/akashv/Documents/Github/SJSU-Dev/firmware/lib/L4_IO/wireless/src/nrf24L01Plus.o
 .text.nordic_is_tx_fifo_empty
                0x0000000000010aae        0xe obj//Users/akashv/Documents/Github/SJSU-Dev/firmware/lib/L4_IO/wireless/src/nrf24L01Plus.o
                0x0000000000010aae                nordic_is_tx_fifo_empty
 .text.nordic_clear_all_intr_flags
                0x0000000000010abc        0x8 obj//Users/akashv/Documents/Github/SJSU-Dev/firmware/lib/L4_IO/wireless/src/nrf24L01Plus.o
                0x0000000000010abc                nordic_clear_all_intr_flags
 .text.nordic_queue_tx_fifo
                0x0000000000010ac4        0xc obj//Users/akashv/Documents/Github/SJSU-Dev/firmware/lib/L4_IO/wireless/src/nrf24L01Plus.o
                0x0000000000010ac4                nordic_queue_tx_fifo
 .text.nordic_standby1_to_tx_mode1
                0x0000000000010ad0       0x16 obj//Users/akashv/Documents/Github/SJSU-Dev/firmware/lib/L4_IO/wireless/src/nrf24L01Plus.o
                0x0000000000010ad0                nordic_standby1_to_tx_mode1
 *fill*         0x0000000000010ae6        0x2 ff
 .text.nordic_rx_to_Stanby1
                0x0000000000010ae8       0x10 obj//Users/akashv/Documents/Github/SJSU-Dev/firmware/lib/L4_IO/wireless/src/nrf24L01Plus.o
                0x0000000000010ae8                nordic_rx_to_Stanby1
 .text.nordic_standby1_to_rx
                0x0000000000010af8       0x24 obj//Users/akashv/Documents/Github/SJSU-Dev/firmware/lib/L4_IO/wireless/src/nrf24L01Plus.o
                0x0000000000010af8                nordic_standby1_to_rx
 .text.nordic_clear_packet_sent_flag
                0x0000000000010b1c        0x8 obj//Users/akashv/Documents/Github/SJSU-Dev/firmware/lib/L4_IO/wireless/src/nrf24L01Plus.o
                0x0000000000010b1c                nordic_clear_packet_sent_flag
 .text.nordic_flush_tx_fifo
                0x0000000000010b24        0xc obj//Users/akashv/Documents/Github/SJSU-Dev/firmware/lib/L4_IO/wireless/src/nrf24L01Plus.o
                0x0000000000010b24                nordic_flush_tx_fifo
 .text.nordic_mode1_send_single_packet
                0x0000000000010b30       0x4c obj//Users/akashv/Documents/Github/SJSU-Dev/firmware/lib/L4_IO/wireless/src/nrf24L01Plus.o
                0x0000000000010b30                nordic_mode1_send_single_packet
 .text.nordic_is_packet_available
                0x0000000000010b7c       0x10 obj//Users/akashv/Documents/Github/SJSU-Dev/firmware/lib/L4_IO/wireless/src/nrf24L01Plus.o
                0x0000000000010b7c                nordic_is_packet_available
 .text.nordic_clear_packet_available_flag
                0x0000000000010b8c        0x8 obj//Users/akashv/Documents/Github/SJSU-Dev/firmware/lib/L4_IO/wireless/src/nrf24L01Plus.o
                0x0000000000010b8c                nordic_clear_packet_available_flag
 .text.nordic_read_rx_fifo
                0x0000000000010b94       0x14 obj//Users/akashv/Documents/Github/SJSU-Dev/firmware/lib/L4_IO/wireless/src/nrf24L01Plus.o
                0x0000000000010b94                nordic_read_rx_fifo
 .text.nordic_flush_rx_fifo
                0x0000000000010ba8        0xc obj//Users/akashv/Documents/Github/SJSU-Dev/firmware/lib/L4_IO/wireless/src/nrf24L01Plus.o
                0x0000000000010ba8                nordic_flush_rx_fifo
 .text.nordic_set_intr_signals
                0x0000000000010bb4       0x3e obj//Users/akashv/Documents/Github/SJSU-Dev/firmware/lib/L4_IO/wireless/src/nrf24L01Plus.o
                0x0000000000010bb4                nordic_set_intr_signals
 .text.nordic_set_crc
                0x0000000000010bf2       0x38 obj//Users/akashv/Documents/Github/SJSU-Dev/firmware/lib/L4_IO/wireless/src/nrf24L01Plus.o
                0x0000000000010bf2                nordic_set_crc
 .text.nordic_power_up
                0x0000000000010c2a       0x18 obj//Users/akashv/Documents/Github/SJSU-Dev/firmware/lib/L4_IO/wireless/src/nrf24L01Plus.o
                0x0000000000010c2a                nordic_power_up
 .text.nordic_power_down
                0x0000000000010c42       0x16 obj//Users/akashv/Documents/Github/SJSU-Dev/firmware/lib/L4_IO/wireless/src/nrf24L01Plus.o
                0x0000000000010c42                nordic_power_down
 .text.nordic_set_channel
                0x0000000000010c58       0x24 obj//Users/akashv/Documents/Github/SJSU-Dev/firmware/lib/L4_IO/wireless/src/nrf24L01Plus.o
                0x0000000000010c58                nordic_set_channel
 .text.nordic_set_air_data_rate
                0x0000000000010c7c       0x2c obj//Users/akashv/Documents/Github/SJSU-Dev/firmware/lib/L4_IO/wireless/src/nrf24L01Plus.o
                0x0000000000010c7c                nordic_set_air_data_rate
 .text.nordic_set_power_level
                0x0000000000010ca8       0x24 obj//Users/akashv/Documents/Github/SJSU-Dev/firmware/lib/L4_IO/wireless/src/nrf24L01Plus.o
                0x0000000000010ca8                nordic_set_power_level
 .text.nordic_set_auto_transmit_options
                0x0000000000010ccc       0x2c obj//Users/akashv/Documents/Github/SJSU-Dev/firmware/lib/L4_IO/wireless/src/nrf24L01Plus.o
                0x0000000000010ccc                nordic_set_auto_transmit_options
 .text.nordic_set_payload_for_pipe
                0x0000000000010cf8       0x14 obj//Users/akashv/Documents/Github/SJSU-Dev/firmware/lib/L4_IO/wireless/src/nrf24L01Plus.o
                0x0000000000010cf8                nordic_set_payload_for_pipe
 .text.nordic_set_addr_width
                0x0000000000010d0c       0x16 obj//Users/akashv/Documents/Github/SJSU-Dev/firmware/lib/L4_IO/wireless/src/nrf24L01Plus.o
                0x0000000000010d0c                nordic_set_addr_width
 .text.nordic_set_tx_address
                0x0000000000010d22        0xc obj//Users/akashv/Documents/Github/SJSU-Dev/firmware/lib/L4_IO/wireless/src/nrf24L01Plus.o
                0x0000000000010d22                nordic_set_tx_address
 .text.nordic_set_rx_pipe0_addr
                0x0000000000010d2e        0xc obj//Users/akashv/Documents/Github/SJSU-Dev/firmware/lib/L4_IO/wireless/src/nrf24L01Plus.o
                0x0000000000010d2e                nordic_set_rx_pipe0_addr
 *fill*         0x0000000000010d3a        0x2 ff
 .text.nordic_init
                0x0000000000010d3c       0xc8 obj//Users/akashv/Documents/Github/SJSU-Dev/firmware/lib/L4_IO/wireless/src/nrf24L01Plus.o
                0x0000000000010d3c                nordic_init
 .text.nrf_driver_init
                0x0000000000010e04       0x70 obj//Users/akashv/Documents/Github/SJSU-Dev/firmware/lib/L4_IO/wireless/src/wireless.o
 .text.nrf_driver_app_recv
                0x0000000000010e74       0x50 obj//Users/akashv/Documents/Github/SJSU-Dev/firmware/lib/L4_IO/wireless/src/wireless.o
 .text.nrf_driver_send
                0x0000000000010ec4       0x58 obj//Users/akashv/Documents/Github/SJSU-Dev/firmware/lib/L4_IO/wireless/src/wireless.o
 .text.nrf_irq_callback
                0x0000000000010f1c       0x34 obj//Users/akashv/Documents/Github/SJSU-Dev/firmware/lib/L4_IO/wireless/src/wireless.o
 .text.nrf_driver_receive
                0x0000000000010f50       0x22 obj//Users/akashv/Documents/Github/SJSU-Dev/firmware/lib/L4_IO/wireless/src/wireless.o
 .text.wireless_get_queued_pkt
                0x0000000000010f72       0x66 obj//Users/akashv/Documents/Github/SJSU-Dev/firmware/lib/L4_IO/wireless/src/wireless.o
 .text.nrf_driver_get_timer
                0x0000000000010fd8       0x28 obj//Users/akashv/Documents/Github/SJSU-Dev/firmware/lib/L4_IO/wireless/src/wireless.o
 .text.wireless_init
                0x0000000000011000       0x4c obj//Users/akashv/Documents/Github/SJSU-Dev/firmware/lib/L4_IO/wireless/src/wireless.o
                0x0000000000011000                wireless_init
 .text.wireless_get_rx_pkt
                0x000000000001104c       0x10 obj//Users/akashv/Documents/Github/SJSU-Dev/firmware/lib/L4_IO/wireless/src/wireless.o
                0x000000000001104c                wireless_get_rx_pkt
 .text.wireless_get_ack_pkt
                0x000000000001105c       0x10 obj//Users/akashv/Documents/Github/SJSU-Dev/firmware/lib/L4_IO/wireless/src/wireless.o
                0x000000000001105c                wireless_get_ack_pkt
 .text.wireless_service
                0x000000000001106c       0x4c obj//Users/akashv/Documents/Github/SJSU-Dev/firmware/lib/L4_IO/wireless/src/wireless.o
                0x000000000001106c                wireless_service
 .text.mesh_incr_soft_timers_for_arr
                0x00000000000110b8       0x26 obj//Users/akashv/Documents/Github/SJSU-Dev/firmware/lib/L4_IO/wireless/src/mesh.o
 *fill*         0x00000000000110de        0x2 ff
 .text.mesh_update_soft_timers
                0x00000000000110e0       0x4c obj//Users/akashv/Documents/Github/SJSU-Dev/firmware/lib/L4_IO/wireless/src/mesh.o
 .text.mesh_send_packet
                0x000000000001112c       0x3c obj//Users/akashv/Documents/Github/SJSU-Dev/firmware/lib/L4_IO/wireless/src/mesh.o
 .text.mesh_send_retry_packet
                0x0000000000011168       0x34 obj//Users/akashv/Documents/Github/SJSU-Dev/firmware/lib/L4_IO/wireless/src/mesh.o
 .text.mesh_find_rte_tbl_entry
                0x000000000001119c       0x24 obj//Users/akashv/Documents/Github/SJSU-Dev/firmware/lib/L4_IO/wireless/src/mesh.o
 .text.mesh_update_rte_scores
                0x00000000000111c0       0x28 obj//Users/akashv/Documents/Github/SJSU-Dev/firmware/lib/L4_IO/wireless/src/mesh.o
 .text.mesh_get_pnd_pkt_slot
                0x00000000000111e8       0x40 obj//Users/akashv/Documents/Github/SJSU-Dev/firmware/lib/L4_IO/wireless/src/mesh.o
 .text.mesh_pending_packets_add
                0x0000000000011228       0x90 obj//Users/akashv/Documents/Github/SJSU-Dev/firmware/lib/L4_IO/wireless/src/mesh.o
 .text.mesh_get_rte_to_modify
                0x00000000000112b8       0x58 obj//Users/akashv/Documents/Github/SJSU-Dev/firmware/lib/L4_IO/wireless/src/mesh.o
 .text.mesh_handle_pnd_pkts_for_arr
                0x0000000000011310      0x178 obj//Users/akashv/Documents/Github/SJSU-Dev/firmware/lib/L4_IO/wireless/src/mesh.o
 .text.mesh_set_node_address
                0x0000000000011488       0x18 obj//Users/akashv/Documents/Github/SJSU-Dev/firmware/lib/L4_IO/wireless/src/mesh.o
                0x0000000000011488                mesh_set_node_address
 .text.mesh_get_node_address
                0x00000000000114a0        0xc obj//Users/akashv/Documents/Github/SJSU-Dev/firmware/lib/L4_IO/wireless/src/mesh.o
                0x00000000000114a0                mesh_get_node_address
 .text.mesh_set_retry_count
                0x00000000000114ac       0x10 obj//Users/akashv/Documents/Github/SJSU-Dev/firmware/lib/L4_IO/wireless/src/mesh.o
                0x00000000000114ac                mesh_set_retry_count
 .text.mesh_form_pkt
                0x00000000000114bc       0xf8 obj//Users/akashv/Documents/Github/SJSU-Dev/firmware/lib/L4_IO/wireless/src/mesh.o
                0x00000000000114bc                mesh_form_pkt
 .text.mesh_send_formed_pkt
                0x00000000000115b4       0x58 obj//Users/akashv/Documents/Github/SJSU-Dev/firmware/lib/L4_IO/wireless/src/mesh.o
                0x00000000000115b4                mesh_send_formed_pkt
 .text.mesh_init
                0x000000000001160c      0x100 obj//Users/akashv/Documents/Github/SJSU-Dev/firmware/lib/L4_IO/wireless/src/mesh.o
                0x000000000001160c                mesh_init
 .text.mesh_send
                0x000000000001170c       0x3e obj//Users/akashv/Documents/Github/SJSU-Dev/firmware/lib/L4_IO/wireless/src/mesh.o
                0x000000000001170c                mesh_send
 .text.mesh_send_ack
                0x000000000001174a       0x1a obj//Users/akashv/Documents/Github/SJSU-Dev/firmware/lib/L4_IO/wireless/src/mesh.o
 .text.mesh_get_routing_entry
                0x0000000000011764       0x2c obj//Users/akashv/Documents/Github/SJSU-Dev/firmware/lib/L4_IO/wireless/src/mesh.o
                0x0000000000011764                mesh_get_routing_entry
 .text.mesh_get_num_routing_entries
                0x0000000000011790       0x1c obj//Users/akashv/Documents/Github/SJSU-Dev/firmware/lib/L4_IO/wireless/src/mesh.o
                0x0000000000011790                mesh_get_num_routing_entries
 .text.mesh_service
                0x00000000000117ac      0x2d0 obj//Users/akashv/Documents/Github/SJSU-Dev/firmware/lib/L4_IO/wireless/src/mesh.o
                0x00000000000117ac                mesh_service
 .text.mesh_get_pnd_pkt_count
                0x0000000000011a7c       0x34 obj//Users/akashv/Documents/Github/SJSU-Dev/firmware/lib/L4_IO/wireless/src/mesh.o
                0x0000000000011a7c                mesh_get_pnd_pkt_count
 .text.mesh_get_max_timeout_before_packet_fails
                0x0000000000011ab0       0x24 obj//Users/akashv/Documents/Github/SJSU-Dev/firmware/lib/L4_IO/wireless/src/mesh.o
                0x0000000000011ab0                mesh_get_max_timeout_before_packet_fails
 .text.mesh_get_stats
                0x0000000000011ad4       0x14 obj//Users/akashv/Documents/Github/SJSU-Dev/firmware/lib/L4_IO/wireless/src/mesh.o
                0x0000000000011ad4                mesh_get_stats
 .text.mem_cpy  0x0000000000011ae8       0x38 obj//Users/akashv/Documents/Github/SJSU-Dev/firmware/lib/L4_IO/fat/ff.o
 .text.mem_set  0x0000000000011b20        0xe obj//Users/akashv/Documents/Github/SJSU-Dev/firmware/lib/L4_IO/fat/ff.o
 .text.sum_sfn  0x0000000000011b2e       0x1e obj//Users/akashv/Documents/Github/SJSU-Dev/firmware/lib/L4_IO/fat/ff.o
 .text.get_ldnumber
                0x0000000000011b4c       0x3a obj//Users/akashv/Documents/Github/SJSU-Dev/firmware/lib/L4_IO/fat/ff.o
 .text.get_fileinfo
                0x0000000000011b86       0xc4 obj//Users/akashv/Documents/Github/SJSU-Dev/firmware/lib/L4_IO/fat/ff.o
 .text.sync_window.part.1
                0x0000000000011c4a       0x46 obj//Users/akashv/Documents/Github/SJSU-Dev/firmware/lib/L4_IO/fat/ff.o
 .text.sync_window
                0x0000000000011c90        0xc obj//Users/akashv/Documents/Github/SJSU-Dev/firmware/lib/L4_IO/fat/ff.o
 .text.sync_fs  0x0000000000011c9c       0x74 obj//Users/akashv/Documents/Github/SJSU-Dev/firmware/lib/L4_IO/fat/ff.o
 .text.move_window
                0x0000000000011d10       0x34 obj//Users/akashv/Documents/Github/SJSU-Dev/firmware/lib/L4_IO/fat/ff.o
 .text.check_fs
                0x0000000000011d44       0x4c obj//Users/akashv/Documents/Github/SJSU-Dev/firmware/lib/L4_IO/fat/ff.o
 .text.find_volume
                0x0000000000011d90      0x21c obj//Users/akashv/Documents/Github/SJSU-Dev/firmware/lib/L4_IO/fat/ff.o
 .text.validate
                0x0000000000011fac       0x3a obj//Users/akashv/Documents/Github/SJSU-Dev/firmware/lib/L4_IO/fat/ff.o
 .text.unlock_fs
                0x0000000000011fe6       0x1a obj//Users/akashv/Documents/Github/SJSU-Dev/firmware/lib/L4_IO/fat/ff.o
 .text.clust2sect
                0x0000000000012000       0x16 obj//Users/akashv/Documents/Github/SJSU-Dev/firmware/lib/L4_IO/fat/ff.o
                0x0000000000012000                clust2sect
 .text.get_fat  0x0000000000012016       0xa6 obj//Users/akashv/Documents/Github/SJSU-Dev/firmware/lib/L4_IO/fat/ff.o
                0x0000000000012016                get_fat
 .text.dir_sdi  0x00000000000120bc       0x80 obj//Users/akashv/Documents/Github/SJSU-Dev/firmware/lib/L4_IO/fat/ff.o
 .text.put_fat  0x000000000001213c       0xd2 obj//Users/akashv/Documents/Github/SJSU-Dev/firmware/lib/L4_IO/fat/ff.o
                0x000000000001213c                put_fat
 .text.create_chain
                0x000000000001220e       0xa0 obj//Users/akashv/Documents/Github/SJSU-Dev/firmware/lib/L4_IO/fat/ff.o
 .text.dir_next
                0x00000000000122ae       0xec obj//Users/akashv/Documents/Github/SJSU-Dev/firmware/lib/L4_IO/fat/ff.o
 *fill*         0x000000000001239a        0x2 ff
 .text.dir_find.part.9
                0x000000000001239c      0x120 obj//Users/akashv/Documents/Github/SJSU-Dev/firmware/lib/L4_IO/fat/ff.o
 .text.follow_path
                0x00000000000124bc      0x270 obj//Users/akashv/Documents/Github/SJSU-Dev/firmware/lib/L4_IO/fat/ff.o
 .text.dir_register
                0x000000000001272c      0x238 obj//Users/akashv/Documents/Github/SJSU-Dev/firmware/lib/L4_IO/fat/ff.o
 .text.dir_remove
                0x0000000000012964       0x5a obj//Users/akashv/Documents/Github/SJSU-Dev/firmware/lib/L4_IO/fat/ff.o
 *fill*         0x00000000000129be        0x2 ff
 .text.dir_read.constprop.11
                0x00000000000129c0       0xe8 obj//Users/akashv/Documents/Github/SJSU-Dev/firmware/lib/L4_IO/fat/ff.o
 .text.remove_chain
                0x0000000000012aa8       0x58 obj//Users/akashv/Documents/Github/SJSU-Dev/firmware/lib/L4_IO/fat/ff.o
 .text.f_mount  0x0000000000012b00       0x7c obj//Users/akashv/Documents/Github/SJSU-Dev/firmware/lib/L4_IO/fat/ff.o
                0x0000000000012b00                f_mount
 .text.f_open   0x0000000000012b7c      0x12e obj//Users/akashv/Documents/Github/SJSU-Dev/firmware/lib/L4_IO/fat/ff.o
                0x0000000000012b7c                f_open
 .text.f_read   0x0000000000012caa      0x170 obj//Users/akashv/Documents/Github/SJSU-Dev/firmware/lib/L4_IO/fat/ff.o
                0x0000000000012caa                f_read
 .text.f_write  0x0000000000012e1a      0x1ac obj//Users/akashv/Documents/Github/SJSU-Dev/firmware/lib/L4_IO/fat/ff.o
                0x0000000000012e1a                f_write
 .text.f_sync   0x0000000000012fc6       0x8a obj//Users/akashv/Documents/Github/SJSU-Dev/firmware/lib/L4_IO/fat/ff.o
                0x0000000000012fc6                f_sync
 .text.f_close  0x0000000000013050       0x24 obj//Users/akashv/Documents/Github/SJSU-Dev/firmware/lib/L4_IO/fat/ff.o
                0x0000000000013050                f_close
 .text.f_lseek  0x0000000000013074      0x14e obj//Users/akashv/Documents/Github/SJSU-Dev/firmware/lib/L4_IO/fat/ff.o
                0x0000000000013074                f_lseek
 .text.f_opendir
                0x00000000000131c2       0x86 obj//Users/akashv/Documents/Github/SJSU-Dev/firmware/lib/L4_IO/fat/ff.o
                0x00000000000131c2                f_opendir
 .text.f_readdir
                0x0000000000013248       0x5e obj//Users/akashv/Documents/Github/SJSU-Dev/firmware/lib/L4_IO/fat/ff.o
                0x0000000000013248                f_readdir
 .text.f_getfree
                0x00000000000132a6       0xc8 obj//Users/akashv/Documents/Github/SJSU-Dev/firmware/lib/L4_IO/fat/ff.o
                0x00000000000132a6                f_getfree
 .text.f_unlink
                0x000000000001336e       0xbe obj//Users/akashv/Documents/Github/SJSU-Dev/firmware/lib/L4_IO/fat/ff.o
                0x000000000001336e                f_unlink
 .text.f_mkdir  0x000000000001342c      0x152 obj//Users/akashv/Documents/Github/SJSU-Dev/firmware/lib/L4_IO/fat/ff.o
                0x000000000001342c                f_mkdir
 .text.f_rename
                0x000000000001357e      0x11e obj//Users/akashv/Documents/Github/SJSU-Dev/firmware/lib/L4_IO/fat/ff.o
                0x000000000001357e                f_rename
 .text.f_mkfs   0x000000000001369c      0x4f4 obj//Users/akashv/Documents/Github/SJSU-Dev/firmware/lib/L4_IO/fat/ff.o
                0x000000000001369c                f_mkfs
 .text.ff_cre_syncobj
                0x0000000000013b90       0x14 obj//Users/akashv/Documents/Github/SJSU-Dev/firmware/lib/L4_IO/fat/option/reentrant.o
                0x0000000000013b90                ff_cre_syncobj
 .text.ff_del_syncobj
                0x0000000000013ba4        0x4 obj//Users/akashv/Documents/Github/SJSU-Dev/firmware/lib/L4_IO/fat/option/reentrant.o
                0x0000000000013ba4                ff_del_syncobj
 .text.ff_req_grant
                0x0000000000013ba8       0x26 obj//Users/akashv/Documents/Github/SJSU-Dev/firmware/lib/L4_IO/fat/option/reentrant.o
                0x0000000000013ba8                ff_req_grant
 .text.ff_rel_grant
                0x0000000000013bce       0x1e obj//Users/akashv/Documents/Github/SJSU-Dev/firmware/lib/L4_IO/fat/option/reentrant.o
                0x0000000000013bce                ff_rel_grant
 .text.ff_convert
                0x0000000000013bec       0x3c obj//Users/akashv/Documents/Github/SJSU-Dev/firmware/lib/L4_IO/fat/option/ccsbcs.o
                0x0000000000013bec                ff_convert
 .text.ff_wtoupper
                0x0000000000013c28       0x24 obj//Users/akashv/Documents/Github/SJSU-Dev/firmware/lib/L4_IO/fat/option/ccsbcs.o
                0x0000000000013c28                ff_wtoupper
 .text.sys_get_uptime_ms
                0x0000000000013c4c       0x12 obj//Users/akashv/Documents/Github/SJSU-Dev/firmware/lib/L4_IO/fat/disk/sd.o
 *fill*         0x0000000000013c5e        0x2 ff
 .text.ssp1_set_max_clock
                0x0000000000013c60       0x30 obj//Users/akashv/Documents/Github/SJSU-Dev/firmware/lib/L4_IO/fat/disk/sd.o
 .text.ssp1_exchange_byte
                0x0000000000013c90       0x14 obj//Users/akashv/Documents/Github/SJSU-Dev/firmware/lib/L4_IO/fat/disk/sd.o
 .text.wait_ready
                0x0000000000013ca4       0x2e obj//Users/akashv/Documents/Github/SJSU-Dev/firmware/lib/L4_IO/fat/disk/sd.o
                0x0000000000013ca4                wait_ready
 *fill*         0x0000000000013cd2        0x2 ff
 .text.power_off
                0x0000000000013cd4       0x24 obj//Users/akashv/Documents/Github/SJSU-Dev/firmware/lib/L4_IO/fat/disk/sd.o
                0x0000000000013cd4                power_off
 .text.rcvr_datablock
                0x0000000000013cf8       0x8c obj//Users/akashv/Documents/Github/SJSU-Dev/firmware/lib/L4_IO/fat/disk/sd.o
                0x0000000000013cf8                rcvr_datablock
 .text.xmit_datablock
                0x0000000000013d84       0x4c obj//Users/akashv/Documents/Github/SJSU-Dev/firmware/lib/L4_IO/fat/disk/sd.o
                0x0000000000013d84                xmit_datablock
 .text.send_cmd
                0x0000000000013dd0       0x8c obj//Users/akashv/Documents/Github/SJSU-Dev/firmware/lib/L4_IO/fat/disk/sd.o
                0x0000000000013dd0                send_cmd
 .text.sd_update_card_status
                0x0000000000013e5c       0x24 obj//Users/akashv/Documents/Github/SJSU-Dev/firmware/lib/L4_IO/fat/disk/sd.o
                0x0000000000013e5c                sd_update_card_status
 .text.sd_initialize
                0x0000000000013e80      0x16c obj//Users/akashv/Documents/Github/SJSU-Dev/firmware/lib/L4_IO/fat/disk/sd.o
                0x0000000000013e80                sd_initialize
 .text.sd_status
                0x0000000000013fec       0x10 obj//Users/akashv/Documents/Github/SJSU-Dev/firmware/lib/L4_IO/fat/disk/sd.o
                0x0000000000013fec                sd_status
 .text.sd_read  0x0000000000013ffc       0x98 obj//Users/akashv/Documents/Github/SJSU-Dev/firmware/lib/L4_IO/fat/disk/sd.o
                0x0000000000013ffc                sd_read
 .text.sd_write
                0x0000000000014094       0xb4 obj//Users/akashv/Documents/Github/SJSU-Dev/firmware/lib/L4_IO/fat/disk/sd.o
                0x0000000000014094                sd_write
 .text.sd_ioctl
                0x0000000000014148      0x21c obj//Users/akashv/Documents/Github/SJSU-Dev/firmware/lib/L4_IO/fat/disk/sd.o
                0x0000000000014148                sd_ioctl
 .text.disk_initialize
                0x0000000000014364       0x26 obj//Users/akashv/Documents/Github/SJSU-Dev/firmware/lib/L4_IO/fat/disk/diskio.o
                0x0000000000014364                disk_initialize
 .text.disk_status
                0x000000000001438a       0x10 obj//Users/akashv/Documents/Github/SJSU-Dev/firmware/lib/L4_IO/fat/disk/diskio.o
                0x000000000001438a                disk_status
 .text.disk_read
                0x000000000001439a       0x38 obj//Users/akashv/Documents/Github/SJSU-Dev/firmware/lib/L4_IO/fat/disk/diskio.o
                0x000000000001439a                disk_read
 .text.disk_write
                0x00000000000143d2       0x38 obj//Users/akashv/Documents/Github/SJSU-Dev/firmware/lib/L4_IO/fat/disk/diskio.o
                0x00000000000143d2                disk_write
 .text.disk_ioctl
                0x000000000001440a       0x32 obj//Users/akashv/Documents/Github/SJSU-Dev/firmware/lib/L4_IO/fat/disk/diskio.o
                0x000000000001440a                disk_ioctl
 .text._ZL24flash_get_mem_size_bytesv
                0x000000000001443c       0x20 obj//Users/akashv/Documents/Github/SJSU-Dev/firmware/lib/L4_IO/fat/disk/spi_flash.o
 .text._ZL37flash_perform_page_io_of_fatfs_sectorPFvPhmmES_m
                0x000000000001445c       0x74 obj//Users/akashv/Documents/Github/SJSU-Dev/firmware/lib/L4_IO/fat/disk/spi_flash.o
 .text.ssp1_exchange_data
                0x00000000000144d0       0xac obj//Users/akashv/Documents/Github/SJSU-Dev/firmware/lib/L4_IO/fat/disk/spi_flash.o
 .text._ZL18flash_send_op_addr14flash_opcode_tm
                0x000000000001457c       0x26 obj//Users/akashv/Documents/Github/SJSU-Dev/firmware/lib/L4_IO/fat/disk/spi_flash.o
 *fill*         0x00000000000145a2        0x2 ff
 .text._ZL15flash_read_pagePhmm
                0x00000000000145a4       0x44 obj//Users/akashv/Documents/Github/SJSU-Dev/firmware/lib/L4_IO/fat/disk/spi_flash.o
 .text._ZL20flash_wait_for_readyv
                0x00000000000145e8       0x40 obj//Users/akashv/Documents/Github/SJSU-Dev/firmware/lib/L4_IO/fat/disk/spi_flash.o
 .text.flash_initialize
                0x0000000000014628       0x98 obj//Users/akashv/Documents/Github/SJSU-Dev/firmware/lib/L4_IO/fat/disk/spi_flash.o
                0x0000000000014628                flash_initialize
 .text.flash_read_sectors
                0x00000000000146c0       0x50 obj//Users/akashv/Documents/Github/SJSU-Dev/firmware/lib/L4_IO/fat/disk/spi_flash.o
                0x00000000000146c0                flash_read_sectors
 .text.flash_write_sectors
                0x0000000000014710       0x4c obj//Users/akashv/Documents/Github/SJSU-Dev/firmware/lib/L4_IO/fat/disk/spi_flash.o
                0x0000000000014710                flash_write_sectors
 .text.flash_ioctl
                0x000000000001475c       0x36 obj//Users/akashv/Documents/Github/SJSU-Dev/firmware/lib/L4_IO/fat/disk/spi_flash.o
                0x000000000001475c                flash_ioctl
 *fill*         0x0000000000014792        0x2 ff
 .text.flash_write_permanent_id
                0x0000000000014794       0x44 obj//Users/akashv/Documents/Github/SJSU-Dev/firmware/lib/L4_IO/fat/disk/spi_flash.o
                0x0000000000014794                flash_write_permanent_id
 .text.flash_read_permanent_id
                0x00000000000147d8       0x28 obj//Users/akashv/Documents/Github/SJSU-Dev/firmware/lib/L4_IO/fat/disk/spi_flash.o
                0x00000000000147d8                flash_read_permanent_id
 .text.flash_get_page_count
                0x0000000000014800       0x20 obj//Users/akashv/Documents/Github/SJSU-Dev/firmware/lib/L4_IO/fat/disk/spi_flash.o
                0x0000000000014800                flash_get_page_count
 .text.flash_get_page_size
                0x0000000000014820        0xc obj//Users/akashv/Documents/Github/SJSU-Dev/firmware/lib/L4_IO/fat/disk/spi_flash.o
                0x0000000000014820                flash_get_page_size
 .text.flash_supports_metadata
                0x000000000001482c       0x10 obj//Users/akashv/Documents/Github/SJSU-Dev/firmware/lib/L4_IO/fat/disk/spi_flash.o
                0x000000000001482c                flash_supports_metadata
 .text._ZL16flash_write_pagePhmm
                0x000000000001483c       0x8c obj//Users/akashv/Documents/Github/SJSU-Dev/firmware/lib/L4_IO/fat/disk/spi_flash.o
 .text.flash_get_page_write_count
                0x00000000000148c8       0x54 obj//Users/akashv/Documents/Github/SJSU-Dev/firmware/lib/L4_IO/fat/disk/spi_flash.o
                0x00000000000148c8                flash_get_page_write_count
 .text.flash_chip_erase
                0x000000000001491c       0x2c obj//Users/akashv/Documents/Github/SJSU-Dev/firmware/lib/L4_IO/fat/disk/spi_flash.o
                0x000000000001491c                flash_chip_erase
 .text.get_fattime
                0x0000000000014948       0x52 obj//Users/akashv/Documents/Github/SJSU-Dev/firmware/lib/L4_IO/fat/fatfs_time.o
                0x0000000000014948                get_fattime
 .text._ZN7Storage4copyEPKcS1_PjS2_S2_
                0x000000000001499a       0xf0 obj//Users/akashv/Documents/Github/SJSU-Dev/firmware/lib/L4_IO/src/storage.o
                0x000000000001499a                Storage::copy(char const*, char const*, unsigned int*, unsigned int*, unsigned int*)
 .text._ZN7Storage4readEPKcPvjj
                0x0000000000014a8a       0x44 obj//Users/akashv/Documents/Github/SJSU-Dev/firmware/lib/L4_IO/src/storage.o
                0x0000000000014a8a                Storage::read(char const*, void*, unsigned int, unsigned int)
 .text._ZN7Storage5writeEPKcPvjj
                0x0000000000014ace       0x44 obj//Users/akashv/Documents/Github/SJSU-Dev/firmware/lib/L4_IO/src/storage.o
                0x0000000000014ace                Storage::write(char const*, void*, unsigned int, unsigned int)
 .text._ZN7Storage6appendEPKcPKvjj
                0x0000000000014b12       0x48 obj//Users/akashv/Documents/Github/SJSU-Dev/firmware/lib/L4_IO/src/storage.o
                0x0000000000014b12                Storage::append(char const*, void const*, unsigned int, unsigned int)
 .text._ZN11i2c2_device8writeRegEhh
                0x0000000000014b5a        0xc obj//Users/akashv/Documents/Github/SJSU-Dev/firmware/lib/L4_IO/src/io_source.o
                0x0000000000014b5a                i2c2_device::writeReg(unsigned char, unsigned char)
 .text._ZN11i2c2_device16get16BitRegisterEh
                0x0000000000014b66       0x2a obj//Users/akashv/Documents/Github/SJSU-Dev/firmware/lib/L4_IO/src/io_source.o
                0x0000000000014b66                i2c2_device::get16BitRegister(unsigned char)
 .text._ZN19Acceleration_Sensor4initEv
                0x0000000000014b90       0x20 obj//Users/akashv/Documents/Github/SJSU-Dev/firmware/lib/L4_IO/src/io_source.o
                0x0000000000014b90                Acceleration_Sensor::init()
 .text._ZN9IR_Sensor11storeIrCodeEm
                0x0000000000014bb0       0x1c obj//Users/akashv/Documents/Github/SJSU-Dev/firmware/lib/L4_IO/src/io_source.o
                0x0000000000014bb0                IR_Sensor::storeIrCode(unsigned long)
 .text._ZN9IR_Sensor12decodeIrCodeEv
                0x0000000000014bcc       0x64 obj//Users/akashv/Documents/Github/SJSU-Dev/firmware/lib/L4_IO/src/io_source.o
                0x0000000000014bcc                IR_Sensor::decodeIrCode()
 .text._ZN9IR_Sensor4initEv
                0x0000000000014c30       0x34 obj//Users/akashv/Documents/Github/SJSU-Dev/firmware/lib/L4_IO/src/io_source.o
                0x0000000000014c30                IR_Sensor::init()
 .text._ZN11LED_Display12setLeftDigitEc
                0x0000000000014c64       0x18 obj//Users/akashv/Documents/Github/SJSU-Dev/firmware/lib/L4_IO/src/io_source.o
                0x0000000000014c64                LED_Display::setLeftDigit(char)
 .text._ZN11LED_Display13setRightDigitEc
                0x0000000000014c7c       0x18 obj//Users/akashv/Documents/Github/SJSU-Dev/firmware/lib/L4_IO/src/io_source.o
                0x0000000000014c7c                LED_Display::setRightDigit(char)
 .text._ZN11LED_Display4initEv
                0x0000000000014c94       0x38 obj//Users/akashv/Documents/Github/SJSU-Dev/firmware/lib/L4_IO/src/io_source.o
                0x0000000000014c94                LED_Display::init()
 .text._ZN11LED_Display9setNumberEc
                0x0000000000014ccc       0x3a obj//Users/akashv/Documents/Github/SJSU-Dev/firmware/lib/L4_IO/src/io_source.o
                0x0000000000014ccc                LED_Display::setNumber(char)
 .text._ZN3LED4initEv
                0x0000000000014d06        0x4 obj//Users/akashv/Documents/Github/SJSU-Dev/firmware/lib/L4_IO/src/io_source.o
                0x0000000000014d06                LED::init()
 *fill*         0x0000000000014d0a        0x2 ff
 .text._ZN3LED6setAllEh
                0x0000000000014d0c       0x50 obj//Users/akashv/Documents/Github/SJSU-Dev/firmware/lib/L4_IO/src/io_source.o
                0x0000000000014d0c                LED::setAll(unsigned char)
 .text._ZN12Light_Sensor4initEv
                0x0000000000014d5c        0x4 obj//Users/akashv/Documents/Github/SJSU-Dev/firmware/lib/L4_IO/src/io_source.o
                0x0000000000014d5c                Light_Sensor::init()
 .text._ZN12Light_Sensor11getRawValueEv
                0x0000000000014d60        0x6 obj//Users/akashv/Documents/Github/SJSU-Dev/firmware/lib/L4_IO/src/io_source.o
                0x0000000000014d60                Light_Sensor::getRawValue()
 .text._ZN8Switches4initEv
                0x0000000000014d66        0x4 obj//Users/akashv/Documents/Github/SJSU-Dev/firmware/lib/L4_IO/src/io_source.o
                0x0000000000014d66                Switches::init()
 *fill*         0x0000000000014d6a        0x2 ff
 .text._ZN8Switches15getSwitchValuesEv
                0x0000000000014d6c       0x18 obj//Users/akashv/Documents/Github/SJSU-Dev/firmware/lib/L4_IO/src/io_source.o
                0x0000000000014d6c                Switches::getSwitchValues()
 .text._ZN8I2C_Temp4initEv
                0x0000000000014d84       0x22 obj//Users/akashv/Documents/Github/SJSU-Dev/firmware/lib/L4_IO/src/io_source.o
                0x0000000000014d84                I2C_Temp::init()
 .text._ZN8I2C_Temp10getCelsiusEv
                0x0000000000014da6       0x30 obj//Users/akashv/Documents/Github/SJSU-Dev/firmware/lib/L4_IO/src/io_source.o
                0x0000000000014da6                I2C_Temp::getCelsius()
 *fill*         0x0000000000014dd6        0x2 ff
 .text._ZN8I2C_Temp12getFarenheitEv
                0x0000000000014dd8       0x24 obj//Users/akashv/Documents/Github/SJSU-Dev/firmware/lib/L4_IO/src/io_source.o
                0x0000000000014dd8                I2C_Temp::getFarenheit()
 .text.tlm_stream_for_each_component_var
                0x0000000000014dfc       0xd0 obj//Users/akashv/Documents/Github/SJSU-Dev/firmware/lib/L3_Utils/tlm/src/c_tlm_stream.o
 .text.tlm_stream_file_ptr
                0x0000000000014ecc       0x1a obj//Users/akashv/Documents/Github/SJSU-Dev/firmware/lib/L3_Utils/tlm/src/c_tlm_stream.o
 *fill*         0x0000000000014ee6        0x2 ff
 .text.tlm_stream_one
                0x0000000000014ee8       0x80 obj//Users/akashv/Documents/Github/SJSU-Dev/firmware/lib/L3_Utils/tlm/src/c_tlm_stream.o
                0x0000000000014ee8                tlm_stream_one
 .text.tlm_stream_all_args
                0x0000000000014f68        0xa obj//Users/akashv/Documents/Github/SJSU-Dev/firmware/lib/L3_Utils/tlm/src/c_tlm_stream.o
 *fill*         0x0000000000014f72        0x2 ff
 .text.tlm_stream_all
                0x0000000000014f74       0x1c obj//Users/akashv/Documents/Github/SJSU-Dev/firmware/lib/L3_Utils/tlm/src/c_tlm_stream.o
                0x0000000000014f74                tlm_stream_all
 .text.tlm_stream_one_file
                0x0000000000014f90       0x14 obj//Users/akashv/Documents/Github/SJSU-Dev/firmware/lib/L3_Utils/tlm/src/c_tlm_stream.o
                0x0000000000014f90                tlm_stream_one_file
 .text.tlm_stream_decode_file
                0x0000000000014fa4      0x1b8 obj//Users/akashv/Documents/Github/SJSU-Dev/firmware/lib/L3_Utils/tlm/src/c_tlm_stream.o
                0x0000000000014fa4                tlm_stream_decode_file
 .text.tlm_component_for_each_callback
                0x000000000001515c        0xe obj//Users/akashv/Documents/Github/SJSU-Dev/firmware/lib/L3_Utils/tlm/src/c_tlm_comp.o
 .text.tlm_component_find_by_name
                0x000000000001516a       0x10 obj//Users/akashv/Documents/Github/SJSU-Dev/firmware/lib/L3_Utils/tlm/src/c_tlm_comp.o
 *fill*         0x000000000001517a        0x2 ff
 .text.tlm_component_get_by_name
                0x000000000001517c       0x24 obj//Users/akashv/Documents/Github/SJSU-Dev/firmware/lib/L3_Utils/tlm/src/c_tlm_comp.o
                0x000000000001517c                tlm_component_get_by_name
 .text.tlm_component_add
                0x00000000000151a0       0x6c obj//Users/akashv/Documents/Github/SJSU-Dev/firmware/lib/L3_Utils/tlm/src/c_tlm_comp.o
                0x00000000000151a0                tlm_component_add
 .text.tlm_component_for_each
                0x000000000001520c       0x24 obj//Users/akashv/Documents/Github/SJSU-Dev/firmware/lib/L3_Utils/tlm/src/c_tlm_comp.o
                0x000000000001520c                tlm_component_for_each
 .text.tlm_variable_check_dup
                0x0000000000015230       0x1e obj//Users/akashv/Documents/Github/SJSU-Dev/firmware/lib/L3_Utils/tlm/src/c_tlm_var.o
 .text.tlm_component_find_callback
                0x000000000001524e       0x14 obj//Users/akashv/Documents/Github/SJSU-Dev/firmware/lib/L3_Utils/tlm/src/c_tlm_var.o
 *fill*         0x0000000000015262        0x2 ff
 .text.tlm_variable_register
                0x0000000000015264       0x7c obj//Users/akashv/Documents/Github/SJSU-Dev/firmware/lib/L3_Utils/tlm/src/c_tlm_var.o
                0x0000000000015264                tlm_variable_register
 .text.tlm_variable_get_by_name
                0x00000000000152e0       0x28 obj//Users/akashv/Documents/Github/SJSU-Dev/firmware/lib/L3_Utils/tlm/src/c_tlm_var.o
                0x00000000000152e0                tlm_variable_get_by_name
 .text.tlm_variable_get_by_comp_and_name
                0x0000000000015308       0x30 obj//Users/akashv/Documents/Github/SJSU-Dev/firmware/lib/L3_Utils/tlm/src/c_tlm_var.o
                0x0000000000015308                tlm_variable_get_by_comp_and_name
 .text.tlm_variable_set_value
                0x0000000000015338      0x1ec obj//Users/akashv/Documents/Github/SJSU-Dev/firmware/lib/L3_Utils/tlm/src/c_tlm_var.o
                0x0000000000015338                tlm_variable_set_value
 .text.tlm_variable_print_value
                0x0000000000015524      0x410 obj//Users/akashv/Documents/Github/SJSU-Dev/firmware/lib/L3_Utils/tlm/src/c_tlm_var.o
                0x0000000000015524                tlm_variable_print_value
 .text.tlm_variable_get_value
                0x0000000000015934       0x1a obj//Users/akashv/Documents/Github/SJSU-Dev/firmware/lib/L3_Utils/tlm/src/c_tlm_var.o
                0x0000000000015934                tlm_variable_get_value
 .text.get_tlm_one_comp
                0x000000000001594e       0x52 obj//Users/akashv/Documents/Github/SJSU-Dev/firmware/lib/L3_Utils/tlm/src/c_tlm_binary.o
 .text.cmp_tlm_one_comp
                0x00000000000159a0       0x50 obj//Users/akashv/Documents/Github/SJSU-Dev/firmware/lib/L3_Utils/tlm/src/c_tlm_binary.o
 .text.tlm_binary_get_size_one
                0x00000000000159f0       0x16 obj//Users/akashv/Documents/Github/SJSU-Dev/firmware/lib/L3_Utils/tlm/src/c_tlm_binary.o
                0x00000000000159f0                tlm_binary_get_size_one
 .text.tlm_binary_get_one
                0x0000000000015a06       0x1a obj//Users/akashv/Documents/Github/SJSU-Dev/firmware/lib/L3_Utils/tlm/src/c_tlm_binary.o
                0x0000000000015a06                tlm_binary_get_one
 .text.tlm_binary_compare_one
                0x0000000000015a20       0x1c obj//Users/akashv/Documents/Github/SJSU-Dev/firmware/lib/L3_Utils/tlm/src/c_tlm_binary.o
                0x0000000000015a20                tlm_binary_compare_one
 .text.c_list_create
                0x0000000000015a3c       0x14 obj//Users/akashv/Documents/Github/SJSU-Dev/firmware/lib/L3_Utils/src/c_list.o
                0x0000000000015a3c                c_list_create
 .text.c_list_node_count
                0x0000000000015a50        0x6 obj//Users/akashv/Documents/Github/SJSU-Dev/firmware/lib/L3_Utils/src/c_list.o
                0x0000000000015a50                c_list_node_count
 .text.c_list_insert_elm_end
                0x0000000000015a56       0x38 obj//Users/akashv/Documents/Github/SJSU-Dev/firmware/lib/L3_Utils/src/c_list.o
                0x0000000000015a56                c_list_insert_elm_end
 .text.c_list_get_elm_at
                0x0000000000015a8e       0x2c obj//Users/akashv/Documents/Github/SJSU-Dev/firmware/lib/L3_Utils/src/c_list.o
                0x0000000000015a8e                c_list_get_elm_at
 .text.c_list_find_elm
                0x0000000000015aba       0x2c obj//Users/akashv/Documents/Github/SJSU-Dev/firmware/lib/L3_Utils/src/c_list.o
                0x0000000000015aba                c_list_find_elm
 .text.c_list_for_each_elm
                0x0000000000015ae6       0x2a obj//Users/akashv/Documents/Github/SJSU-Dev/firmware/lib/L3_Utils/src/c_list.o
                0x0000000000015ae6                c_list_for_each_elm
 .text._ZN16CommandProcessor10addHandlerEPFbR3strR7CharDevPvEPKcS8_S4_
                0x0000000000015b10       0x7c obj//Users/akashv/Documents/Github/SJSU-Dev/firmware/lib/L3_Utils/src/command_handler.o
                0x0000000000015b10                CommandProcessor::addHandler(bool (*)(str&, CharDev&, void*), char const*, char const*, void*)
 .text._ZN16CommandProcessor24getRegisteredCommandListER7CharDev
                0x0000000000015b8c       0xa0 obj//Users/akashv/Documents/Github/SJSU-Dev/firmware/lib/L3_Utils/src/command_handler.o
                0x0000000000015b8c                CommandProcessor::getRegisteredCommandList(CharDev&)
 .text._ZN16CommandProcessor11getHelpTextER3strR7CharDev
                0x0000000000015c2c       0x70 obj//Users/akashv/Documents/Github/SJSU-Dev/firmware/lib/L3_Utils/src/command_handler.o
                0x0000000000015c2c                CommandProcessor::getHelpText(str&, CharDev&)
 .text._ZN16CommandProcessor15prepareCmdParamER3strPKc
                0x0000000000015c9c       0x3c obj//Users/akashv/Documents/Github/SJSU-Dev/firmware/lib/L3_Utils/src/command_handler.o
                0x0000000000015c9c                CommandProcessor::prepareCmdParam(str&, char const*)
 .text._ZN16CommandProcessor13handleCommandER3strR7CharDev
                0x0000000000015cd8      0x164 obj//Users/akashv/Documents/Github/SJSU-Dev/firmware/lib/L3_Utils/src/command_handler.o
                0x0000000000015cd8                CommandProcessor::handleCommand(str&, CharDev&)
 .text._ZN14scheduler_task4initEv
                0x0000000000015e3c        0x4 obj//Users/akashv/Documents/Github/SJSU-Dev/firmware/lib/L3_Utils/src/scheduler_task.o
                0x0000000000015e3c                scheduler_task::init()
 .text._ZN14scheduler_task6regTlmEv
                0x0000000000015e40        0x4 obj//Users/akashv/Documents/Github/SJSU-Dev/firmware/lib/L3_Utils/src/scheduler_task.o
                0x0000000000015e40                scheduler_task::regTlm()
 .text._ZN14scheduler_task9taskEntryEv
                0x0000000000015e44        0x4 obj//Users/akashv/Documents/Github/SJSU-Dev/firmware/lib/L3_Utils/src/scheduler_task.o
                0x0000000000015e44                scheduler_task::taskEntry()
 .text.__sputc_r
                0x0000000000015e48       0x2c obj//Users/akashv/Documents/Github/SJSU-Dev/firmware/lib/L3_Utils/src/scheduler_task.o
 .text._ZL9dbg_printPKcS0_
                0x0000000000015e74       0x34 obj//Users/akashv/Documents/Github/SJSU-Dev/firmware/lib/L3_Utils/src/scheduler_task.o
 .text._ZL9printlinePKcS0_
                0x0000000000015ea8       0x38 obj//Users/akashv/Documents/Github/SJSU-Dev/firmware/lib/L3_Utils/src/scheduler_task.o
 .text._Z24scheduler_c_task_privatePv
                0x0000000000015ee0      0x124 obj//Users/akashv/Documents/Github/SJSU-Dev/firmware/lib/L3_Utils/src/scheduler_task.o
                0x0000000000015ee0                scheduler_c_task_private(void*)
 .text._Z18scheduler_init_allb
                0x0000000000016004      0x1b0 obj//Users/akashv/Documents/Github/SJSU-Dev/firmware/lib/L3_Utils/src/scheduler_task.o
                0x0000000000016004                scheduler_init_all(bool)
 .text._Z18scheduler_add_taskP14scheduler_task
                0x00000000000161b4       0x1c obj//Users/akashv/Documents/Github/SJSU-Dev/firmware/lib/L3_Utils/src/scheduler_task.o
                0x00000000000161b4                scheduler_add_task(scheduler_task*)
 .text._Z15scheduler_startbb
                0x00000000000161d0       0x40 obj//Users/akashv/Documents/Github/SJSU-Dev/firmware/lib/L3_Utils/src/scheduler_task.o
                0x00000000000161d0                scheduler_start(bool, bool)
 .text._ZN14scheduler_taskC2EPKcmhPv
                0x0000000000016210       0x34 obj//Users/akashv/Documents/Github/SJSU-Dev/firmware/lib/L3_Utils/src/scheduler_task.o
                0x0000000000016210                scheduler_task::scheduler_task(char const*, unsigned long, unsigned char, void*)
                0x0000000000016210                scheduler_task::scheduler_task(char const*, unsigned long, unsigned char, void*)
 .text._ZN14scheduler_task15getSharedObjectEh
                0x0000000000016244       0x18 obj//Users/akashv/Documents/Github/SJSU-Dev/firmware/lib/L3_Utils/src/scheduler_task.o
                0x0000000000016244                scheduler_task::getSharedObject(unsigned char)
 .text.logger_get_buffer_ptr
                0x000000000001625c       0x48 obj//Users/akashv/Documents/Github/SJSU-Dev/firmware/lib/L3_Utils/src/file_logger.o
 .text.logger_write_to_file
                0x00000000000162a4       0xb4 obj//Users/akashv/Documents/Github/SJSU-Dev/firmware/lib/L3_Utils/src/file_logger.o
 .text.logger_task
                0x0000000000016358       0xd0 obj//Users/akashv/Documents/Github/SJSU-Dev/firmware/lib/L3_Utils/src/file_logger.o
 .text.logger_write_log_message
                0x0000000000016428       0x48 obj//Users/akashv/Documents/Github/SJSU-Dev/firmware/lib/L3_Utils/src/file_logger.o
 .text.logger_send_flush_request
                0x0000000000016470       0x34 obj//Users/akashv/Documents/Github/SJSU-Dev/firmware/lib/L3_Utils/src/file_logger.o
                0x0000000000016470                logger_send_flush_request
 .text.logger_get_logged_call_count
                0x00000000000164a4       0x14 obj//Users/akashv/Documents/Github/SJSU-Dev/firmware/lib/L3_Utils/src/file_logger.o
                0x00000000000164a4                logger_get_logged_call_count
 .text.logger_get_blocked_call_count
                0x00000000000164b8        0xc obj//Users/akashv/Documents/Github/SJSU-Dev/firmware/lib/L3_Utils/src/file_logger.o
                0x00000000000164b8                logger_get_blocked_call_count
 .text.logger_get_highest_file_write_time_ms
                0x00000000000164c4        0xc obj//Users/akashv/Documents/Github/SJSU-Dev/firmware/lib/L3_Utils/src/file_logger.o
                0x00000000000164c4                logger_get_highest_file_write_time_ms
 .text.logger_get_num_buffers_watermark
                0x00000000000164d0        0xc obj//Users/akashv/Documents/Github/SJSU-Dev/firmware/lib/L3_Utils/src/file_logger.o
                0x00000000000164d0                logger_get_num_buffers_watermark
 .text.logger_init
                0x00000000000164dc       0xcc obj//Users/akashv/Documents/Github/SJSU-Dev/firmware/lib/L3_Utils/src/file_logger.o
                0x00000000000164dc                logger_init
 .text.logger_set_printf
                0x00000000000165a8       0x1c obj//Users/akashv/Documents/Github/SJSU-Dev/firmware/lib/L3_Utils/src/file_logger.o
                0x00000000000165a8                logger_set_printf
 .text.logger_log
                0x00000000000165c4      0x138 obj//Users/akashv/Documents/Github/SJSU-Dev/firmware/lib/L3_Utils/src/file_logger.o
                0x00000000000165c4                logger_log
 .text.logger_log_raw
                0x00000000000166fc       0x40 obj//Users/akashv/Documents/Github/SJSU-Dev/firmware/lib/L3_Utils/src/file_logger.o
                0x00000000000166fc                logger_log_raw
 .text.u0_dbg_put
                0x000000000001673c       0x1e obj//Users/akashv/Documents/Github/SJSU-Dev/firmware/lib/L3_Utils/src/printf_lib.o
                0x000000000001673c                u0_dbg_put
 .text.u0_dbg_printf
                0x000000000001675a       0x3c obj//Users/akashv/Documents/Github/SJSU-Dev/firmware/lib/L3_Utils/src/printf_lib.o
                0x000000000001675a                u0_dbg_printf
 .text.for_each_recur_alarm_callback
                0x0000000000016796       0x24 obj//Users/akashv/Documents/Github/SJSU-Dev/firmware/lib/L3_Utils/src/rtc_alarm.o
 .text.for_each_alarm_callback
                0x00000000000167ba       0x5a obj//Users/akashv/Documents/Github/SJSU-Dev/firmware/lib/L3_Utils/src/rtc_alarm.o
 .text.RTC_IRQHandler
                0x0000000000016814       0xac obj//Users/akashv/Documents/Github/SJSU-Dev/firmware/lib/L3_Utils/src/rtc_alarm.o
                0x0000000000016814                RTC_IRQHandler
 .text.delay_us
                0x00000000000168c0       0x1c obj//Users/akashv/Documents/Github/SJSU-Dev/firmware/lib/L3_Utils/src/utilities.o
                0x00000000000168c0                delay_us
 .text.is_freertos_running
                0x00000000000168dc        0xe obj//Users/akashv/Documents/Github/SJSU-Dev/firmware/lib/L3_Utils/src/utilities.o
                0x00000000000168dc                is_freertos_running
 .text.delay_ms
                0x00000000000168ea       0x22 obj//Users/akashv/Documents/Github/SJSU-Dev/firmware/lib/L3_Utils/src/utilities.o
                0x00000000000168ea                delay_ms
 .text._ZN3strC2EPci
                0x000000000001690c       0x28 obj//Users/akashv/Documents/Github/SJSU-Dev/firmware/lib/L3_Utils/src/str.o
                0x000000000001690c                str::str(char*, int)
                0x000000000001690c                str::str(char*, int)
 .text._ZN3strD2Ev
                0x0000000000016934       0x26 obj//Users/akashv/Documents/Github/SJSU-Dev/firmware/lib/L3_Utils/src/str.o
                0x0000000000016934                str::~str()
                0x0000000000016934                str::~str()
 .text._ZNK3str6getLenEv
                0x000000000001695a        0x6 obj//Users/akashv/Documents/Github/SJSU-Dev/firmware/lib/L3_Utils/src/str.o
                0x000000000001695a                str::getLen() const
 .text._ZNK3str11getCapacityEv
                0x0000000000016960        0x4 obj//Users/akashv/Documents/Github/SJSU-Dev/firmware/lib/L3_Utils/src/str.o
                0x0000000000016960                str::getCapacity() const
 .text._ZN3str5clearEv
                0x0000000000016964        0x8 obj//Users/akashv/Documents/Github/SJSU-Dev/firmware/lib/L3_Utils/src/str.o
                0x0000000000016964                str::clear()
 .text._ZN3str5scanfEPKcz
                0x000000000001696c       0x1c obj//Users/akashv/Documents/Github/SJSU-Dev/firmware/lib/L3_Utils/src/str.o
                0x000000000001696c                str::scanf(char const*, ...)
 .text._ZN3str8tokenizeEPKciz
                0x0000000000016988       0x4c obj//Users/akashv/Documents/Github/SJSU-Dev/firmware/lib/L3_Utils/src/str.o
                0x0000000000016988                str::tokenize(char const*, int, ...)
 .text._ZNK3str9compareToEPKc
                0x00000000000169d4       0x14 obj//Users/akashv/Documents/Github/SJSU-Dev/firmware/lib/L3_Utils/src/str.o
                0x00000000000169d4                str::compareTo(char const*) const
 .text._ZNK3str19compareToIgnoreCaseEPKc
                0x00000000000169e8       0x10 obj//Users/akashv/Documents/Github/SJSU-Dev/firmware/lib/L3_Utils/src/str.o
                0x00000000000169e8                str::compareToIgnoreCase(char const*) const
 .text._ZNK3str22firstIndexOfIgnoreCaseEPKc
                0x00000000000169f8       0x80 obj//Users/akashv/Documents/Github/SJSU-Dev/firmware/lib/L3_Utils/src/str.o
                0x00000000000169f8                str::firstIndexOfIgnoreCase(char const*) const
 .text._ZNK3str18containsIgnoreCaseEPKc
                0x0000000000016a78        0xe obj//Users/akashv/Documents/Github/SJSU-Dev/firmware/lib/L3_Utils/src/str.o
                0x0000000000016a78                str::containsIgnoreCase(char const*) const
 .text._ZNK3str12firstIndexOfEPKc
                0x0000000000016a86       0x16 obj//Users/akashv/Documents/Github/SJSU-Dev/firmware/lib/L3_Utils/src/str.o
                0x0000000000016a86                str::firstIndexOf(char const*) const
 .text._ZNK3str10beginsWithEPKc
                0x0000000000016a9c       0x2e obj//Users/akashv/Documents/Github/SJSU-Dev/firmware/lib/L3_Utils/src/str.o
                0x0000000000016a9c                str::beginsWith(char const*) const
 .text._ZNK3str20beginsWithIgnoreCaseEPKc
                0x0000000000016aca       0x2e obj//Users/akashv/Documents/Github/SJSU-Dev/firmware/lib/L3_Utils/src/str.o
                0x0000000000016aca                str::beginsWithIgnoreCase(char const*) const
 .text._ZNK3str29beginsWithWholeWordIgnoreCaseEPKcc
                0x0000000000016af8       0x38 obj//Users/akashv/Documents/Github/SJSU-Dev/firmware/lib/L3_Utils/src/str.o
                0x0000000000016af8                str::beginsWithWholeWordIgnoreCase(char const*, char) const
 .text._ZN3str10eraseFirstEi
                0x0000000000016b30       0x28 obj//Users/akashv/Documents/Github/SJSU-Dev/firmware/lib/L3_Utils/src/str.o
                0x0000000000016b30                str::eraseFirst(int)
 .text._ZN3str9eraseLastEi
                0x0000000000016b58       0x1e obj//Users/akashv/Documents/Github/SJSU-Dev/firmware/lib/L3_Utils/src/str.o
                0x0000000000016b58                str::eraseLast(int)
 .text._ZN3str10eraseAfterEii
                0x0000000000016b76       0x38 obj//Users/akashv/Documents/Github/SJSU-Dev/firmware/lib/L3_Utils/src/str.o
                0x0000000000016b76                str::eraseAfter(int, int)
 .text._ZN3str5eraseEPKc
                0x0000000000016bae       0x28 obj//Users/akashv/Documents/Github/SJSU-Dev/firmware/lib/L3_Utils/src/str.o
                0x0000000000016bae                str::erase(char const*)
 .text._ZN3str15eraseFirstWordsEic
                0x0000000000016bd6       0x2a obj//Users/akashv/Documents/Github/SJSU-Dev/firmware/lib/L3_Utils/src/str.o
                0x0000000000016bd6                str::eraseFirstWords(int, char)
 .text._ZN3str9trimStartEPKc
                0x0000000000016c00       0x40 obj//Users/akashv/Documents/Github/SJSU-Dev/firmware/lib/L3_Utils/src/str.o
                0x0000000000016c00                str::trimStart(char const*)
 .text._ZN3str7trimEndEPKc
                0x0000000000016c40       0x3a obj//Users/akashv/Documents/Github/SJSU-Dev/firmware/lib/L3_Utils/src/str.o
                0x0000000000016c40                str::trimEnd(char const*)
 .text._ZNK3streqEPKc
                0x0000000000016c7a        0x4 obj//Users/akashv/Documents/Github/SJSU-Dev/firmware/lib/L3_Utils/src/str.o
                0x0000000000016c7a                str::operator==(char const*) const
 .text._ZNK3strclEv
                0x0000000000016c7e        0x4 obj//Users/akashv/Documents/Github/SJSU-Dev/firmware/lib/L3_Utils/src/str.o
                0x0000000000016c7e                str::operator()() const
 .text._ZNK3strcviEv
                0x0000000000016c82        0x6 obj//Users/akashv/Documents/Github/SJSU-Dev/firmware/lib/L3_Utils/src/str.o
                0x0000000000016c82                str::operator int() const
 .text._ZN3strixEi
                0x0000000000016c88       0x14 obj//Users/akashv/Documents/Github/SJSU-Dev/firmware/lib/L3_Utils/src/str.o
                0x0000000000016c88                str::operator[](int)
 .text._ZN3str13reAllocateMemEi
                0x0000000000016c9c       0x4c obj//Users/akashv/Documents/Github/SJSU-Dev/firmware/lib/L3_Utils/src/str.o
                0x0000000000016c9c                str::reAllocateMem(int)
 .text._ZN3str4initEi
                0x0000000000016ce8       0x10 obj//Users/akashv/Documents/Github/SJSU-Dev/firmware/lib/L3_Utils/src/str.o
                0x0000000000016ce8                str::init(int)
 .text._ZN3strC2Ei
                0x0000000000016cf8        0xc obj//Users/akashv/Documents/Github/SJSU-Dev/firmware/lib/L3_Utils/src/str.o
                0x0000000000016cf8                str::str(int)
                0x0000000000016cf8                str::str(int)
 .text._ZN3str7reserveEi
                0x0000000000016d04        0xe obj//Users/akashv/Documents/Github/SJSU-Dev/firmware/lib/L3_Utils/src/str.o
                0x0000000000016d04                str::reserve(int)
 .text._ZN3str6printfEPKcz
                0x0000000000016d12       0x42 obj//Users/akashv/Documents/Github/SJSU-Dev/firmware/lib/L3_Utils/src/str.o
                0x0000000000016d12                str::printf(char const*, ...)
 .text._ZN3str26ensureMemoryToInsertNCharsEi
                0x0000000000016d54       0x22 obj//Users/akashv/Documents/Github/SJSU-Dev/firmware/lib/L3_Utils/src/str.o
                0x0000000000016d54                str::ensureMemoryToInsertNChars(int)
 .text._ZN3str11insertAtEndEPKc
                0x0000000000016d76       0x24 obj//Users/akashv/Documents/Github/SJSU-Dev/firmware/lib/L3_Utils/src/str.o
                0x0000000000016d76                str::insertAtEnd(char const*)
 .text._ZN3strpLEc
                0x0000000000016d9a       0x1a obj//Users/akashv/Documents/Github/SJSU-Dev/firmware/lib/L3_Utils/src/str.o
                0x0000000000016d9a                str::operator+=(char)
 .text._ZN3str8copyFromEPKc
                0x0000000000016db4       0x3c obj//Users/akashv/Documents/Github/SJSU-Dev/firmware/lib/L3_Utils/src/str.o
                0x0000000000016db4                str::copyFrom(char const*)
 .text._ZN3straSEPKc
                0x0000000000016df0        0x4 obj//Users/akashv/Documents/Github/SJSU-Dev/firmware/lib/L3_Utils/src/str.o
                0x0000000000016df0                str::operator=(char const*)
 .text._sbrk    0x0000000000016df4       0x6c obj//Users/akashv/Documents/Github/SJSU-Dev/firmware/lib/newlib/memory.o
                0x0000000000016df4                _sbrk
 .text._Znwj    0x0000000000016e60        0x4 obj//Users/akashv/Documents/Github/SJSU-Dev/firmware/lib/newlib/memory.o
                0x0000000000016e60                operator new(unsigned int)
 .text._Znaj    0x0000000000016e64        0x4 obj//Users/akashv/Documents/Github/SJSU-Dev/firmware/lib/newlib/memory.o
                0x0000000000016e64                operator new[](unsigned int)
 .text._ZdlPv   0x0000000000016e68        0x4 obj//Users/akashv/Documents/Github/SJSU-Dev/firmware/lib/newlib/memory.o
                0x0000000000016e68                operator delete(void*)
 .text._ZdaPv   0x0000000000016e6c        0x4 obj//Users/akashv/Documents/Github/SJSU-Dev/firmware/lib/newlib/memory.o
                0x0000000000016e6c                operator delete[](void*)
 .text.sys_get_mem_info
                0x0000000000016e70       0xb4 obj//Users/akashv/Documents/Github/SJSU-Dev/firmware/lib/newlib/memory.o
                0x0000000000016e70                sys_get_mem_info
 .text.__malloc_lock
                0x0000000000016f24        0x4 obj//Users/akashv/Documents/Github/SJSU-Dev/firmware/lib/newlib/malloc_lock.o
                0x0000000000016f24                __malloc_lock
 .text.__malloc_unlock
                0x0000000000016f28        0x4 obj//Users/akashv/Documents/Github/SJSU-Dev/firmware/lib/newlib/malloc_lock.o
                0x0000000000016f28                __malloc_unlock
 .text._gettimeofday
                0x0000000000016f2c       0x7a obj//Users/akashv/Documents/Github/SJSU-Dev/firmware/lib/newlib/newlib_time.o
                0x0000000000016f2c                _gettimeofday
 .text.remap_fatfs_errors
                0x0000000000016fa6       0x56 obj//Users/akashv/Documents/Github/SJSU-Dev/firmware/lib/newlib/newlib_syscalls.o
 .text.findslot
                0x0000000000016ffc       0x4c obj//Users/akashv/Documents/Github/SJSU-Dev/firmware/lib/newlib/newlib_syscalls.o
 .text.remap_handle
                0x0000000000017048       0x28 obj//Users/akashv/Documents/Github/SJSU-Dev/firmware/lib/newlib/newlib_syscalls.o
 .text.sys_set_outchar_func
                0x0000000000017070        0xc obj//Users/akashv/Documents/Github/SJSU-Dev/firmware/lib/newlib/newlib_syscalls.o
                0x0000000000017070                sys_set_outchar_func
 .text.sys_set_inchar_func
                0x000000000001707c        0xc obj//Users/akashv/Documents/Github/SJSU-Dev/firmware/lib/newlib/newlib_syscalls.o
                0x000000000001707c                sys_set_inchar_func
 .text._kill    0x0000000000017088       0x10 obj//Users/akashv/Documents/Github/SJSU-Dev/firmware/lib/newlib/newlib_syscalls.o
                0x0000000000017088                _kill
 .text._exit    0x0000000000017098       0x10 obj//Users/akashv/Documents/Github/SJSU-Dev/firmware/lib/newlib/newlib_syscalls.o
                0x0000000000017098                _exit
 .text._getpid  0x00000000000170a8        0x4 obj//Users/akashv/Documents/Github/SJSU-Dev/firmware/lib/newlib/newlib_syscalls.o
                0x00000000000170a8                _getpid
 .text._init    0x00000000000170ac        0x4 obj//Users/akashv/Documents/Github/SJSU-Dev/firmware/lib/newlib/newlib_syscalls.o
                0x00000000000170ac                _init
 .text.syscalls_init
                0x00000000000170b0       0x34 obj//Users/akashv/Documents/Github/SJSU-Dev/firmware/lib/newlib/newlib_syscalls.o
                0x00000000000170b0                syscalls_init
 .text._read    0x00000000000170e4       0x9c obj//Users/akashv/Documents/Github/SJSU-Dev/firmware/lib/newlib/newlib_syscalls.o
                0x00000000000170e4                _read
 .text._lseek   0x0000000000017180       0x60 obj//Users/akashv/Documents/Github/SJSU-Dev/firmware/lib/newlib/newlib_syscalls.o
                0x0000000000017180                _lseek
 .text._write   0x00000000000171e0       0xa4 obj//Users/akashv/Documents/Github/SJSU-Dev/firmware/lib/newlib/newlib_syscalls.o
                0x00000000000171e0                _write
 .text._open    0x0000000000017284      0x14c obj//Users/akashv/Documents/Github/SJSU-Dev/firmware/lib/newlib/newlib_syscalls.o
                0x0000000000017284                _open
 .text._close   0x00000000000173d0       0x54 obj//Users/akashv/Documents/Github/SJSU-Dev/firmware/lib/newlib/newlib_syscalls.o
                0x00000000000173d0                _close
 .text._fstat   0x0000000000017424       0x10 obj//Users/akashv/Documents/Github/SJSU-Dev/firmware/lib/newlib/newlib_syscalls.o
                0x0000000000017424                _fstat
 .text._isatty  0x0000000000017434       0x24 obj//Users/akashv/Documents/Github/SJSU-Dev/firmware/lib/newlib/newlib_syscalls.o
                0x0000000000017434                _isatty
 .text._ZN8I2C_Base8transferEhhPhm
                0x0000000000017458       0xd8 obj//Users/akashv/Documents/Github/SJSU-Dev/firmware/lib/L2_Drivers/base/i2c_base.o
                0x0000000000017458                I2C_Base::transfer(unsigned char, unsigned char, unsigned char*, unsigned long)
 .text._ZN8I2C_Base13readRegistersEhhPhm
                0x0000000000017530        0x8 obj//Users/akashv/Documents/Github/SJSU-Dev/firmware/lib/L2_Drivers/base/i2c_base.o
                0x0000000000017530                I2C_Base::readRegisters(unsigned char, unsigned char, unsigned char*, unsigned long)
 .text._ZN8I2C_Base7readRegEhh
                0x0000000000017538       0x1a obj//Users/akashv/Documents/Github/SJSU-Dev/firmware/lib/L2_Drivers/base/i2c_base.o
                0x0000000000017538                I2C_Base::readReg(unsigned char, unsigned char)
 .text._ZN8I2C_Base14writeRegistersEhhPhm
                0x0000000000017552        0x8 obj//Users/akashv/Documents/Github/SJSU-Dev/firmware/lib/L2_Drivers/base/i2c_base.o
                0x0000000000017552                I2C_Base::writeRegisters(unsigned char, unsigned char, unsigned char*, unsigned long)
 .text._ZN8I2C_Base8writeRegEhhh
                0x000000000001755a       0x16 obj//Users/akashv/Documents/Github/SJSU-Dev/firmware/lib/L2_Drivers/base/i2c_base.o
                0x000000000001755a                I2C_Base::writeReg(unsigned char, unsigned char, unsigned char)
 .text._ZN8I2C_Base19checkDeviceResponseEh
                0x0000000000017570       0x16 obj//Users/akashv/Documents/Github/SJSU-Dev/firmware/lib/L2_Drivers/base/i2c_base.o
                0x0000000000017570                I2C_Base::checkDeviceResponse(unsigned char)
 *fill*         0x0000000000017586        0x2 ff
 .text._ZN8I2C_BaseC2EP15LPC_I2C_TypeDef
                0x0000000000017588       0x50 obj//Users/akashv/Documents/Github/SJSU-Dev/firmware/lib/L2_Drivers/base/i2c_base.o
                0x0000000000017588                I2C_Base::I2C_Base(LPC_I2C_TypeDef*)
                0x0000000000017588                I2C_Base::I2C_Base(LPC_I2C_TypeDef*)
 .text._ZN8I2C_Base4initEmm
                0x00000000000175d8       0x94 obj//Users/akashv/Documents/Github/SJSU-Dev/firmware/lib/L2_Drivers/base/i2c_base.o
                0x00000000000175d8                I2C_Base::init(unsigned long, unsigned long)
 .text._ZN8I2C_Base15i2cStateMachineEv
                0x000000000001766c      0x176 obj//Users/akashv/Documents/Github/SJSU-Dev/firmware/lib/L2_Drivers/base/i2c_base.o
                0x000000000001766c                I2C_Base::i2cStateMachine()
 *fill*         0x00000000000177e2        0x2 ff
 .text._ZN8I2C_Base15handleInterruptEv
                0x00000000000177e4       0x34 obj//Users/akashv/Documents/Github/SJSU-Dev/firmware/lib/L2_Drivers/base/i2c_base.o
                0x00000000000177e4                I2C_Base::handleInterrupt()
 .text._ZN7UartDev7putCharEcj
                0x0000000000017818       0x5c obj//Users/akashv/Documents/Github/SJSU-Dev/firmware/lib/L2_Drivers/base/uart_dev.o
                0x0000000000017818                UartDev::putChar(char, unsigned int)
 .text._ZN7UartDevD2Ev
                0x0000000000017874       0x14 obj//Users/akashv/Documents/Github/SJSU-Dev/firmware/lib/L2_Drivers/base/uart_dev.o
                0x0000000000017874                UartDev::~UartDev()
                0x0000000000017874                UartDev::~UartDev()
 .text._ZN7UartDevD0Ev
                0x0000000000017888       0x14 obj//Users/akashv/Documents/Github/SJSU-Dev/firmware/lib/L2_Drivers/base/uart_dev.o
                0x0000000000017888                UartDev::~UartDev()
 .text._ZN7UartDev5flushEv
                0x000000000001789c       0x20 obj//Users/akashv/Documents/Github/SJSU-Dev/firmware/lib/L2_Drivers/base/uart_dev.o
                0x000000000001789c                UartDev::flush()
 .text._ZN7UartDev7getCharEPcj
                0x00000000000178bc       0x6c obj//Users/akashv/Documents/Github/SJSU-Dev/firmware/lib/L2_Drivers/base/uart_dev.o
                0x00000000000178bc                UartDev::getChar(char*, unsigned int)
 .text._ZN7UartDev11setBaudRateEj
                0x0000000000017928       0x34 obj//Users/akashv/Documents/Github/SJSU-Dev/firmware/lib/L2_Drivers/base/uart_dev.o
                0x0000000000017928                UartDev::setBaudRate(unsigned int)
 .text._ZN7UartDev15handleInterruptEv
                0x000000000001795c       0xc0 obj//Users/akashv/Documents/Github/SJSU-Dev/firmware/lib/L2_Drivers/base/uart_dev.o
                0x000000000001795c                UartDev::handleInterrupt()
 .text._ZN7UartDevC2EPj
                0x0000000000017a1c       0x28 obj//Users/akashv/Documents/Github/SJSU-Dev/firmware/lib/L2_Drivers/base/uart_dev.o
                0x0000000000017a1c                UartDev::UartDev(unsigned int*)
                0x0000000000017a1c                UartDev::UartDev(unsigned int*)
 .text._ZN7UartDev4initEjjii
                0x0000000000017a44       0xac obj//Users/akashv/Documents/Github/SJSU-Dev/firmware/lib/L2_Drivers/base/uart_dev.o
                0x0000000000017a44                UartDev::init(unsigned int, unsigned int, int, int)
 .text._ZN7CharDev5flushEv
                0x0000000000017af0        0x4 obj//Users/akashv/Documents/Github/SJSU-Dev/firmware/lib/L2_Drivers/base/char_dev.o
                0x0000000000017af0                CharDev::flush()
 .text._ZN7CharDev3putEPKcj
                0x0000000000017af4       0x28 obj//Users/akashv/Documents/Github/SJSU-Dev/firmware/lib/L2_Drivers/base/char_dev.o
                0x0000000000017af4                CharDev::put(char const*, unsigned int)
 .text._ZN7CharDev7putlineEPKcj
                0x0000000000017b1c       0x1c obj//Users/akashv/Documents/Github/SJSU-Dev/firmware/lib/L2_Drivers/base/char_dev.o
                0x0000000000017b1c                CharDev::putline(char const*, unsigned int)
 .text._ZN7CharDev4getsEPcij
                0x0000000000017b38       0x50 obj//Users/akashv/Documents/Github/SJSU-Dev/firmware/lib/L2_Drivers/base/char_dev.o
                0x0000000000017b38                CharDev::gets(char*, int, unsigned int)
 .text._ZN7CharDev6printfEPKcz
                0x0000000000017b88       0x78 obj//Users/akashv/Documents/Github/SJSU-Dev/firmware/lib/L2_Drivers/base/char_dev.o
                0x0000000000017b88                CharDev::printf(char const*, ...)
 .text._ZN7CharDevC2Ev
                0x0000000000017c00       0x20 obj//Users/akashv/Documents/Github/SJSU-Dev/firmware/lib/L2_Drivers/base/char_dev.o
                0x0000000000017c00                CharDev::CharDev()
                0x0000000000017c00                CharDev::CharDev()
 .text._ZN7CharDevD2Ev
                0x0000000000017c20       0x18 obj//Users/akashv/Documents/Github/SJSU-Dev/firmware/lib/L2_Drivers/base/char_dev.o
                0x0000000000017c20                CharDev::~CharDev()
                0x0000000000017c20                CharDev::~CharDev()
 .text.RIT_IRQHandler
                0x0000000000017c38       0x1c obj//Users/akashv/Documents/Github/SJSU-Dev/firmware/lib/L2_Drivers/src/lpc_rit.o
                0x0000000000017c38                RIT_IRQHandler
 .text.rtc_gettime
                0x0000000000017c54       0x48 obj//Users/akashv/Documents/Github/SJSU-Dev/firmware/lib/L2_Drivers/src/rtc.o
                0x0000000000017c54                rtc_gettime
 .text.rtc_settime
                0x0000000000017c9c       0x68 obj//Users/akashv/Documents/Github/SJSU-Dev/firmware/lib/L2_Drivers/src/rtc.o
                0x0000000000017c9c                rtc_settime
 .text.rtc_init
                0x0000000000017d04       0xd0 obj//Users/akashv/Documents/Github/SJSU-Dev/firmware/lib/L2_Drivers/src/rtc.o
                0x0000000000017d04                rtc_init
 .text.rtc_get_date_time_str
                0x0000000000017dd4       0x14 obj//Users/akashv/Documents/Github/SJSU-Dev/firmware/lib/L2_Drivers/src/rtc.o
                0x0000000000017dd4                rtc_get_date_time_str
 .text.handle_eint_list
                0x0000000000017de8       0x2c obj//Users/akashv/Documents/Github/SJSU-Dev/firmware/lib/L2_Drivers/src/eint.o
 .text.eint3_enable.isra.0
                0x0000000000017e14       0x38 obj//Users/akashv/Documents/Github/SJSU-Dev/firmware/lib/L2_Drivers/src/eint.o
 .text.EINT3_IRQHandler
                0x0000000000017e4c       0x80 obj//Users/akashv/Documents/Github/SJSU-Dev/firmware/lib/L2_Drivers/src/eint.o
                0x0000000000017e4c                EINT3_IRQHandler
 .text.eint3_enable_port0
                0x0000000000017ecc       0x30 obj//Users/akashv/Documents/Github/SJSU-Dev/firmware/lib/L2_Drivers/src/eint.o
                0x0000000000017ecc                eint3_enable_port0
 .text.adc0_start_conversion
                0x0000000000017efc       0x24 obj//Users/akashv/Documents/Github/SJSU-Dev/firmware/lib/L2_Drivers/src/adc.o
 .text.ADC_IRQHandler
                0x0000000000017f20       0x48 obj//Users/akashv/Documents/Github/SJSU-Dev/firmware/lib/L2_Drivers/src/adc.o
                0x0000000000017f20                ADC_IRQHandler
 .text.adc0_init
                0x0000000000017f68       0x74 obj//Users/akashv/Documents/Github/SJSU-Dev/firmware/lib/L2_Drivers/src/adc.o
                0x0000000000017f68                adc0_init
 .text.adc0_get_reading
                0x0000000000017fdc       0x74 obj//Users/akashv/Documents/Github/SJSU-Dev/firmware/lib/L2_Drivers/src/adc.o
                0x0000000000017fdc                adc0_get_reading
 .text._ZN5Uart3D2Ev
                0x0000000000018050       0x14 obj//Users/akashv/Documents/Github/SJSU-Dev/firmware/lib/L2_Drivers/src/uart3.o
                0x0000000000018050                Uart3::~Uart3()
                0x0000000000018050                Uart3::~Uart3()
 .text._ZN5Uart3D0Ev
                0x0000000000018064       0x14 obj//Users/akashv/Documents/Github/SJSU-Dev/firmware/lib/L2_Drivers/src/uart3.o
                0x0000000000018064                Uart3::~Uart3()
 .text._ZN5Uart3C2Ev
                0x0000000000018078       0x1c obj//Users/akashv/Documents/Github/SJSU-Dev/firmware/lib/L2_Drivers/src/uart3.o
                0x0000000000018078                Uart3::Uart3()
                0x0000000000018078                Uart3::Uart3()
 .text.UART3_IRQHandler
                0x0000000000018094       0x24 obj//Users/akashv/Documents/Github/SJSU-Dev/firmware/lib/L2_Drivers/src/uart3.o
                0x0000000000018094                UART3_IRQHandler
 .text._ZN5Uart2D2Ev
                0x00000000000180b8       0x14 obj//Users/akashv/Documents/Github/SJSU-Dev/firmware/lib/L2_Drivers/src/uart2.o
                0x00000000000180b8                Uart2::~Uart2()
                0x00000000000180b8                Uart2::~Uart2()
 .text._ZN5Uart2D0Ev
                0x00000000000180cc       0x14 obj//Users/akashv/Documents/Github/SJSU-Dev/firmware/lib/L2_Drivers/src/uart2.o
                0x00000000000180cc                Uart2::~Uart2()
 .text._ZN5Uart2C2Ev
                0x00000000000180e0       0x1c obj//Users/akashv/Documents/Github/SJSU-Dev/firmware/lib/L2_Drivers/src/uart2.o
                0x00000000000180e0                Uart2::Uart2()
                0x00000000000180e0                Uart2::Uart2()
 .text.UART2_IRQHandler
                0x00000000000180fc       0x24 obj//Users/akashv/Documents/Github/SJSU-Dev/firmware/lib/L2_Drivers/src/uart2.o
                0x00000000000180fc                UART2_IRQHandler
 .text._ZN12NordicStream5flushEv
                0x0000000000018120       0x5c obj//Users/akashv/Documents/Github/SJSU-Dev/firmware/lib/L2_Drivers/src/nrf_stream.o
                0x0000000000018120                NordicStream::flush()
 .text._ZN12NordicStreamD2Ev
                0x000000000001817c       0x14 obj//Users/akashv/Documents/Github/SJSU-Dev/firmware/lib/L2_Drivers/src/nrf_stream.o
                0x000000000001817c                NordicStream::~NordicStream()
                0x000000000001817c                NordicStream::~NordicStream()
 .text._ZN12NordicStreamD0Ev
                0x0000000000018190       0x14 obj//Users/akashv/Documents/Github/SJSU-Dev/firmware/lib/L2_Drivers/src/nrf_stream.o
                0x0000000000018190                NordicStream::~NordicStream()
 .text._ZN12NordicStream7putCharEcj
                0x00000000000181a4       0x22 obj//Users/akashv/Documents/Github/SJSU-Dev/firmware/lib/L2_Drivers/src/nrf_stream.o
                0x00000000000181a4                NordicStream::putChar(char, unsigned int)
 .text._ZN12NordicStream7getCharEPcj
                0x00000000000181c6       0x44 obj//Users/akashv/Documents/Github/SJSU-Dev/firmware/lib/L2_Drivers/src/nrf_stream.o
                0x00000000000181c6                NordicStream::getChar(char*, unsigned int)
 *fill*         0x000000000001820a        0x2 ff
 .text._ZN12NordicStreamC2Ev
                0x000000000001820c       0x40 obj//Users/akashv/Documents/Github/SJSU-Dev/firmware/lib/L2_Drivers/src/nrf_stream.o
                0x000000000001820c                NordicStream::NordicStream()
                0x000000000001820c                NordicStream::NordicStream()
 .text._ZN5Uart0D2Ev
                0x000000000001824c       0x14 obj//Users/akashv/Documents/Github/SJSU-Dev/firmware/lib/L2_Drivers/src/uart0.o
                0x000000000001824c                Uart0::~Uart0()
                0x000000000001824c                Uart0::~Uart0()
 .text._ZN5Uart0D0Ev
                0x0000000000018260       0x14 obj//Users/akashv/Documents/Github/SJSU-Dev/firmware/lib/L2_Drivers/src/uart0.o
                0x0000000000018260                Uart0::~Uart0()
 .text._ZN5Uart04initEjii
                0x0000000000018274       0x40 obj//Users/akashv/Documents/Github/SJSU-Dev/firmware/lib/L2_Drivers/src/uart0.o
                0x0000000000018274                Uart0::init(unsigned int, int, int)
 .text._ZN5Uart0C2Ev